Copyright 1986-2021 Xilinx, Inc. All Rights Reserved.
-----------------------------------------------------------------------------------------------------------------------------------------------------------------------------
| Tool Version      : Vivado v.2021.2 (win64) Build 3367213 Tue Oct 19 02:48:09 MDT 2021
| Date              : Mon Sep 14 01:56:14 2026
| Host              : nc23 running 64-bit major release  (build 9200)
| Command           : report_timing_summary -delay_type max -file turbovla_w8a16/data/v9_2026-09-14_010956/vivado_runs_2026-09-14_0147_fifo_fix/array_on_trace_on/timing.rpt
| Design            : tvla_replay_top
| Device            : xczu7ev-ffvc1156
| Speed File        : -2  PRODUCTION 1.29 08-03-2020
| Temperature Grade : E
-----------------------------------------------------------------------------------------------------------------------------------------------------------------------------

Timing Summary Report

------------------------------------------------------------------------------------------------
| Timer Settings
| --------------
------------------------------------------------------------------------------------------------

  Enable Multi Corner Analysis               :  Yes
  Enable Pessimism Removal                   :  Yes
  Pessimism Removal Resolution               :  Nearest Common Node
  Enable Input Delay Default Clock           :  No
  Enable Preset / Clear Arcs                 :  No
  Disable Flight Delays                      :  No
  Ignore I/O Paths                           :  No
  Timing Early Launch at Borrowing Latches   :  No
  Borrow Time for Max Delay Exceptions       :  Yes
  Merge Timing Exceptions                    :  Yes

  Corner  Analyze    Analyze    
  Name    Max Paths  Min Paths  
  ------  ---------  ---------  
  Slow    Yes        Yes        
  Fast    Yes        Yes        


------------------------------------------------------------------------------------------------
| Report Methodology
| ------------------
------------------------------------------------------------------------------------------------

No report available as report_methodology has not been run prior. Run report_methodology on the current design for the summary of methodology violations.



check_timing report

Table of Contents
-----------------
1. checking no_clock (0)
2. checking constant_clock (0)
3. checking pulse_width_clock (0)
4. checking unconstrained_internal_endpoints (0)
5. checking no_input_delay (1044)
6. checking no_output_delay (5061)
7. checking multiple_clock (0)
8. checking generated_clocks (0)
9. checking loops (0)
10. checking partial_input_delay (0)
11. checking partial_output_delay (0)
12. checking latch_loops (0)

1. checking no_clock (0)
------------------------
 There are 0 register/latch pins with no clock.


2. checking constant_clock (0)
------------------------------
 There are 0 register/latch pins with constant_clock.


3. checking pulse_width_clock (0)
---------------------------------
 There are 0 register/latch pins which need pulse_width check


4. checking unconstrained_internal_endpoints (0)
------------------------------------------------
 There are 0 pins that are not constrained for maximum delay.

 There are 0 pins that are not constrained for maximum delay due to constant clock.


5. checking no_input_delay (1044)
---------------------------------
 There are 1044 input ports with no input delay specified. (HIGH)

 There are 0 input ports with no input delay but user has a false path constraint.


6. checking no_output_delay (5061)
----------------------------------
 There are 5061 ports with no output delay specified. (HIGH)

 There are 0 ports with no output delay but user has a false path constraint

 There are 0 ports with no output delay but with a timing clock defined on it or propagating through it


7. checking multiple_clock (0)
------------------------------
 There are 0 register/latch pins with multiple clocks.


8. checking generated_clocks (0)
--------------------------------
 There are 0 generated clocks that are not connected to a clock source.


9. checking loops (0)
---------------------
 There are 0 combinational loops in the design.


10. checking partial_input_delay (0)
------------------------------------
 There are 0 input ports with partial input delay specified.


11. checking partial_output_delay (0)
-------------------------------------
 There are 0 ports with partial output delay specified.


12. checking latch_loops (0)
----------------------------
 There are 0 combinational latch loops in the design through latch input



------------------------------------------------------------------------------------------------
| Design Timing Summary
| ---------------------
------------------------------------------------------------------------------------------------

    WNS(ns)      TNS(ns)  TNS Failing Endpoints  TNS Total Endpoints     WPWS(ns)     TPWS(ns)  TPWS Failing Endpoints  TPWS Total Endpoints  
    -------      -------  ---------------------  -------------------     --------     --------  ----------------------  --------------------  
      1.884        0.000                      0               323544        1.468        0.000                       0                121430  


All user specified timing constraints are met.


------------------------------------------------------------------------------------------------
| Clock Summary
| -------------
------------------------------------------------------------------------------------------------

Clock  Waveform(ns)         Period(ns)      Frequency(MHz)
-----  ------------         ----------      --------------
clk    {0.000 2.000}        4.000           250.000         


------------------------------------------------------------------------------------------------
| Intra Clock Table
| -----------------
------------------------------------------------------------------------------------------------

Clock             WNS(ns)      TNS(ns)  TNS Failing Endpoints  TNS Total Endpoints     WPWS(ns)     TPWS(ns)  TPWS Failing Endpoints  TPWS Total Endpoints  
-----             -------      -------  ---------------------  -------------------     --------     --------  ----------------------  --------------------  
clk                 1.884        0.000                      0               323544        1.468        0.000                       0                121430  


------------------------------------------------------------------------------------------------
| Inter Clock Table
| -----------------
------------------------------------------------------------------------------------------------

From Clock    To Clock          WNS(ns)      TNS(ns)  TNS Failing Endpoints  TNS Total Endpoints  
----------    --------          -------      -------  ---------------------  -------------------  


------------------------------------------------------------------------------------------------
| Other Path Groups Table
| -----------------------
------------------------------------------------------------------------------------------------

Path Group    From Clock    To Clock          WNS(ns)      TNS(ns)  TNS Failing Endpoints  TNS Total Endpoints  
----------    ----------    --------          -------      -------  ---------------------  -------------------  


------------------------------------------------------------------------------------------------
| Timing Details
| --------------
------------------------------------------------------------------------------------------------


---------------------------------------------------------------------------------------------------
From Clock:  clk
  To Clock:  clk

Setup :            0  Failing Endpoints,  Worst Slack        1.884ns,  Total Violation        0.000ns
Hold  :           NA  Failing Endpoints,  Worst Slack           NA  ,  Total Violation           NA
PW    :            0  Failing Endpoints,  Worst Slack        1.468ns,  Total Violation        0.000ns
---------------------------------------------------------------------------------------------------


Max Delay Paths
--------------------------------------------------------------------------------------
Slack (MET) :             1.884ns  (required time - arrival time)
  Source:                 fifo_head_reg[1]_rep__8/C
                            (rising edge-triggered cell FDCE clocked by clk  {rise@0.000ns fall@2.000ns period=4.000ns})
  Destination:            fallback_cycles_r_reg[63]/D
                            (rising edge-triggered cell FDCE clocked by clk  {rise@0.000ns fall@2.000ns period=4.000ns})
  Path Group:             clk
  Path Type:              Setup (Max at Slow Process Corner)
  Requirement:            4.000ns  (clk rise@4.000ns - clk rise@0.000ns)
  Data Path Delay:        2.106ns  (logic 0.888ns (42.165%)  route 1.218ns (57.835%))
  Logic Levels:           14  (CARRY8=8 LUT4=1 LUT5=1 LUT6=4)
  Clock Uncertainty:      0.035ns  ((TSJ^2 + TIJ^2)^1/2 + DJ) / 2 + PE
    Total System Jitter     (TSJ):    0.071ns
    Total Input Jitter      (TIJ):    0.000ns
    Discrete Jitter          (DJ):    0.000ns
    Phase Error              (PE):    0.000ns

    Location             Delay type                Incr(ns)  Path(ns)    Netlist Resource(s)
  -------------------------------------------------------------------    -------------------
                         (clock clk rise edge)        0.000     0.000 r  
                                                      0.000     0.000 r  clk (IN)
                         net (fo=125269, unset)       0.000     0.000    clk
                         FDCE                                         r  fifo_head_reg[1]_rep__8/C
  -------------------------------------------------------------------    -------------------
                         FDCE (Prop_FDCE_C_Q)         0.077     0.077 f  fifo_head_reg[1]_rep__8/Q
                         net (fo=121, unplaced)       0.188     0.265    fifo_head_reg[1]_rep__8_n_0
                         LUT5 (Prop_LUT5_I0_O)        0.125     0.390 f  tile_count_r[63]_i_27/O
                         net (fo=1, unplaced)         0.185     0.575    tile_count_r[63]_i_27_n_0
                         LUT6 (Prop_LUT6_I5_O)        0.038     0.613 f  tile_count_r[63]_i_9/O
                         net (fo=1, unplaced)         0.185     0.798    tile_count_r[63]_i_9_n_0
                         LUT6 (Prop_LUT6_I1_O)        0.038     0.836 f  tile_count_r[63]_i_4/O
                         net (fo=3, unplaced)         0.146     0.982    tile_count_r[63]_i_4_n_0
                         LUT6 (Prop_LUT6_I0_O)        0.090     1.072 r  vector_cycles_r[63]_i_6/O
                         net (fo=1, unplaced)         0.185     1.257    vector_cycles_r[63]_i_6_n_0
                         LUT6 (Prop_LUT6_I5_O)        0.038     1.295 r  vector_cycles_r[63]_i_3/O
                         net (fo=33, unplaced)        0.245     1.540    vector_cycles_r[63]_i_3_n_0
                         LUT4 (Prop_LUT4_I2_O)        0.037     1.577 r  fallback_cycles_r[7]_i_8/O
                         net (fo=1, unplaced)         0.023     1.600    fallback_cycles_r[7]_i_8_n_0
                         CARRY8 (Prop_CARRY8_S[1]_CO[7])
                                                      0.197     1.797 r  fallback_cycles_r_reg[7]_i_1/CO[7]
                         net (fo=1, unplaced)         0.005     1.802    fallback_cycles_r_reg[7]_i_1_n_0
                         CARRY8 (Prop_CARRY8_CI_CO[7])
                                                      0.022     1.824 r  fallback_cycles_r_reg[15]_i_1/CO[7]
                         net (fo=1, unplaced)         0.005     1.829    fallback_cycles_r_reg[15]_i_1_n_0
                         CARRY8 (Prop_CARRY8_CI_CO[7])
                                                      0.022     1.851 r  fallback_cycles_r_reg[23]_i_1/CO[7]
                         net (fo=1, unplaced)         0.005     1.856    fallback_cycles_r_reg[23]_i_1_n_0
                         CARRY8 (Prop_CARRY8_CI_CO[7])
                                                      0.022     1.878 r  fallback_cycles_r_reg[31]_i_1/CO[7]
                         net (fo=1, unplaced)         0.005     1.883    fallback_cycles_r_reg[31]_i_1_n_0
                         CARRY8 (Prop_CARRY8_CI_CO[7])
                                                      0.022     1.905 r  fallback_cycles_r_reg[39]_i_1/CO[7]
                         net (fo=1, unplaced)         0.005     1.910    fallback_cycles_r_reg[39]_i_1_n_0
                         CARRY8 (Prop_CARRY8_CI_CO[7])
                                                      0.022     1.932 r  fallback_cycles_r_reg[47]_i_1/CO[7]
                         net (fo=1, unplaced)         0.005     1.937    fallback_cycles_r_reg[47]_i_1_n_0
                         CARRY8 (Prop_CARRY8_CI_CO[7])
                                                      0.022     1.959 r  fallback_cycles_r_reg[55]_i_1/CO[7]
                         net (fo=1, unplaced)         0.005     1.964    fallback_cycles_r_reg[55]_i_1_n_0
                         CARRY8 (Prop_CARRY8_CI_O[7])
                                                      0.116     2.080 r  fallback_cycles_r_reg[63]_i_2/O[7]
                         net (fo=1, unplaced)         0.026     2.106    fallback_cycles_r_reg[63]_i_2_n_8
                         FDCE                                         r  fallback_cycles_r_reg[63]/D
  -------------------------------------------------------------------    -------------------

                         (clock clk rise edge)        4.000     4.000 r  
                                                      0.000     4.000 r  clk (IN)
                         net (fo=125269, unset)       0.000     4.000    clk
                         FDCE                                         r  fallback_cycles_r_reg[63]/C
                         clock pessimism              0.000     4.000    
                         clock uncertainty           -0.035     3.965    
                         FDCE (Setup_FDCE_C_D)        0.025     3.990    fallback_cycles_r_reg[63]
  -------------------------------------------------------------------
                         required time                          3.990    
                         arrival time                          -2.106    
  -------------------------------------------------------------------
                         slack                                  1.884    





Pulse Width Checks
--------------------------------------------------------------------------------------
Clock Name:         clk
Waveform(ns):       { 0.000 2.000 }
Period(ns):         4.000
Sources:            { clk }

Check Type        Corner  Lib Pin     Reference Pin  Required(ns)  Actual(ns)  Slack(ns)  Location  Pin
Min Period        n/a     SRL16E/CLK  n/a            1.064         4.000       2.936                g_array.u_array/adly_reg[10][12][0]_srl11_bdly_reg_c_43/CLK
Low Pulse Width   Slow    SRL16E/CLK  n/a            0.532         2.000       1.468                g_array.u_array/adly_reg[10][12][0]_srl11_bdly_reg_c_43/CLK
High Pulse Width  Slow    SRL16E/CLK  n/a            0.532         2.000       1.468                g_array.u_array/adly_reg[10][12][0]_srl11_bdly_reg_c_43/CLK



