Copyright 1986-2021 Xilinx, Inc. All Rights Reserved.
-------------------------------------------------------------------------------------------------------------------------------------------------------------------------------
| Tool Version      : Vivado v.2021.2 (win64) Build 3367213 Tue Oct 19 02:48:09 MDT 2021
| Date              : Mon Sep 14 01:49:12 2026
| Host              : nc23 running 64-bit major release  (build 9200)
| Command           : report_timing_summary -delay_type max -file turbovla_w8a16/data/v9_2026-09-14_010956/vivado_runs_2026-09-14_0147_fifo_fix/array_off_trace_off/timing.rpt
| Design            : tvla_replay_top
| Device            : xczu7ev-ffvc1156
| Speed File        : -2  PRODUCTION 1.29 08-03-2020
| Temperature Grade : E
-------------------------------------------------------------------------------------------------------------------------------------------------------------------------------

Timing Summary Report

------------------------------------------------------------------------------------------------
| Timer Settings
| --------------
------------------------------------------------------------------------------------------------

  Enable Multi Corner Analysis               :  Yes
  Enable Pessimism Removal                   :  Yes
  Pessimism Removal Resolution               :  Nearest Common Node
  Enable Input Delay Default Clock           :  No
  Enable Preset / Clear Arcs                 :  No
  Disable Flight Delays                      :  No
  Ignore I/O Paths                           :  No
  Timing Early Launch at Borrowing Latches   :  No
  Borrow Time for Max Delay Exceptions       :  Yes
  Merge Timing Exceptions                    :  Yes

  Corner  Analyze    Analyze    
  Name    Max Paths  Min Paths  
  ------  ---------  ---------  
  Slow    Yes        Yes        
  Fast    Yes        Yes        


------------------------------------------------------------------------------------------------
| Report Methodology
| ------------------
------------------------------------------------------------------------------------------------

No report available as report_methodology has not been run prior. Run report_methodology on the current design for the summary of methodology violations.



check_timing report

Table of Contents
-----------------
1. checking no_clock (0)
2. checking constant_clock (0)
3. checking pulse_width_clock (0)
4. checking unconstrained_internal_endpoints (0)
5. checking no_input_delay (398)
6. checking no_output_delay (1221)
7. checking multiple_clock (0)
8. checking generated_clocks (0)
9. checking loops (0)
10. checking partial_input_delay (0)
11. checking partial_output_delay (0)
12. checking latch_loops (0)

1. checking no_clock (0)
------------------------
 There are 0 register/latch pins with no clock.


2. checking constant_clock (0)
------------------------------
 There are 0 register/latch pins with constant_clock.


3. checking pulse_width_clock (0)
---------------------------------
 There are 0 register/latch pins which need pulse_width check


4. checking unconstrained_internal_endpoints (0)
------------------------------------------------
 There are 0 pins that are not constrained for maximum delay.

 There are 0 pins that are not constrained for maximum delay due to constant clock.


5. checking no_input_delay (398)
--------------------------------
 There are 398 input ports with no input delay specified. (HIGH)

 There are 0 input ports with no input delay but user has a false path constraint.


6. checking no_output_delay (1221)
----------------------------------
 There are 1221 ports with no output delay specified. (HIGH)

 There are 0 ports with no output delay but user has a false path constraint

 There are 0 ports with no output delay but with a timing clock defined on it or propagating through it


7. checking multiple_clock (0)
------------------------------
 There are 0 register/latch pins with multiple clocks.


8. checking generated_clocks (0)
--------------------------------
 There are 0 generated clocks that are not connected to a clock source.


9. checking loops (0)
---------------------
 There are 0 combinational loops in the design.


10. checking partial_input_delay (0)
------------------------------------
 There are 0 input ports with partial input delay specified.


11. checking partial_output_delay (0)
-------------------------------------
 There are 0 ports with partial output delay specified.


12. checking latch_loops (0)
----------------------------
 There are 0 combinational latch loops in the design through latch input



------------------------------------------------------------------------------------------------
| Design Timing Summary
| ---------------------
------------------------------------------------------------------------------------------------

    WNS(ns)      TNS(ns)  TNS Failing Endpoints  TNS Total Endpoints     WPWS(ns)     TPWS(ns)  TPWS Failing Endpoints  TPWS Total Endpoints  
    -------      -------  ---------------------  -------------------     --------     --------  ----------------------  --------------------  
      1.936        0.000                      0                 8677        1.725        0.000                       0                  7412  


All user specified timing constraints are met.


------------------------------------------------------------------------------------------------
| Clock Summary
| -------------
------------------------------------------------------------------------------------------------

Clock  Waveform(ns)         Period(ns)      Frequency(MHz)
-----  ------------         ----------      --------------
clk    {0.000 2.000}        4.000           250.000         


------------------------------------------------------------------------------------------------
| Intra Clock Table
| -----------------
------------------------------------------------------------------------------------------------

Clock             WNS(ns)      TNS(ns)  TNS Failing Endpoints  TNS Total Endpoints     WPWS(ns)     TPWS(ns)  TPWS Failing Endpoints  TPWS Total Endpoints  
-----             -------      -------  ---------------------  -------------------     --------     --------  ----------------------  --------------------  
clk                 1.936        0.000                      0                 8677        1.725        0.000                       0                  7412  


------------------------------------------------------------------------------------------------
| Inter Clock Table
| -----------------
------------------------------------------------------------------------------------------------

From Clock    To Clock          WNS(ns)      TNS(ns)  TNS Failing Endpoints  TNS Total Endpoints  
----------    --------          -------      -------  ---------------------  -------------------  


------------------------------------------------------------------------------------------------
| Other Path Groups Table
| -----------------------
------------------------------------------------------------------------------------------------

Path Group    From Clock    To Clock          WNS(ns)      TNS(ns)  TNS Failing Endpoints  TNS Total Endpoints  
----------    ----------    --------          -------      -------  ---------------------  -------------------  


------------------------------------------------------------------------------------------------
| Timing Details
| --------------
------------------------------------------------------------------------------------------------


---------------------------------------------------------------------------------------------------
From Clock:  clk
  To Clock:  clk

Setup :            0  Failing Endpoints,  Worst Slack        1.936ns,  Total Violation        0.000ns
Hold  :           NA  Failing Endpoints,  Worst Slack           NA  ,  Total Violation           NA
PW    :            0  Failing Endpoints,  Worst Slack        1.725ns,  Total Violation        0.000ns
---------------------------------------------------------------------------------------------------


Max Delay Paths
--------------------------------------------------------------------------------------
Slack (MET) :             1.936ns  (required time - arrival time)
  Source:                 data_fifo_reg[13][486]/C
                            (rising edge-triggered cell FDRE clocked by clk  {rise@0.000ns fall@2.000ns period=4.000ns})
  Destination:            busy_pe_cycles_r_reg[63]/D
                            (rising edge-triggered cell FDCE clocked by clk  {rise@0.000ns fall@2.000ns period=4.000ns})
  Path Group:             clk
  Path Type:              Setup (Max at Slow Process Corner)
  Requirement:            4.000ns  (clk rise@4.000ns - clk rise@0.000ns)
  Data Path Delay:        2.054ns  (logic 1.029ns (50.097%)  route 1.025ns (49.903%))
  Logic Levels:           11  (CARRY8=7 LUT1=1 LUT2=1 LUT6=2)
  Clock Uncertainty:      0.035ns  ((TSJ^2 + TIJ^2)^1/2 + DJ) / 2 + PE
    Total System Jitter     (TSJ):    0.071ns
    Total Input Jitter      (TIJ):    0.000ns
    Discrete Jitter          (DJ):    0.000ns
    Phase Error              (PE):    0.000ns

    Location             Delay type                Incr(ns)  Path(ns)    Netlist Resource(s)
  -------------------------------------------------------------------    -------------------
                         (clock clk rise edge)        0.000     0.000 r  
                                                      0.000     0.000 r  clk (IN)
                         net (fo=7411, unset)         0.000     0.000    clk
                         FDRE                                         r  data_fifo_reg[13][486]/C
  -------------------------------------------------------------------    -------------------
                         FDRE (Prop_FDRE_C_Q)         0.077     0.077 r  data_fifo_reg[13][486]/Q
                         net (fo=1, unplaced)         0.154     0.231    data_fifo_reg_n_0_[13][486]
                         LUT6 (Prop_LUT6_I0_O)        0.150     0.381 f  fallback_cycles_r[7]_i_21/O
                         net (fo=1, unplaced)         0.141     0.522    fallback_cycles_r[7]_i_21_n_0
                         LUT6 (Prop_LUT6_I0_O)        0.100     0.622 f  fallback_cycles_r[7]_i_11/O
                         net (fo=8, unplaced)         0.213     0.835    fallback_cycles_r[7]_i_11_n_0
                         LUT1 (Prop_LUT1_I0_O)        0.070     0.905 r  busy_pe_cycles_r[23]_i_18/O
                         net (fo=1, unplaced)         0.260     1.165    busy_pe_cycles_r[23]_i_18_n_0
                         CARRY8 (Prop_CARRY8_DI[0]_CO[7])
                                                      0.140     1.305 r  busy_pe_cycles_r_reg[23]_i_2/CO[7]
                         net (fo=1, unplaced)         0.005     1.310    busy_pe_cycles_r_reg[23]_i_2_n_0
                         CARRY8 (Prop_CARRY8_CI_CO[7])
                                                      0.022     1.332 r  busy_pe_cycles_r_reg[31]_i_2/CO[7]
                         net (fo=1, unplaced)         0.005     1.337    busy_pe_cycles_r_reg[31]_i_2_n_0
                         CARRY8 (Prop_CARRY8_CI_CO[7])
                                                      0.022     1.359 r  busy_pe_cycles_r_reg[39]_i_2/CO[7]
                         net (fo=1, unplaced)         0.005     1.364    busy_pe_cycles_r_reg[39]_i_2_n_0
                         CARRY8 (Prop_CARRY8_CI_O[1])
                                                      0.076     1.440 r  busy_pe_cycles_r_reg[47]_i_2/O[1]
                         net (fo=2, unplaced)         0.183     1.623    busy_pe_cycles_r1[37]
                         LUT2 (Prop_LUT2_I0_O)        0.037     1.660 r  busy_pe_cycles_r[47]_i_3/O
                         net (fo=1, unplaced)         0.023     1.683    busy_pe_cycles_r[47]_i_3_n_0
                         CARRY8 (Prop_CARRY8_S[1]_CO[7])
                                                      0.197     1.880 r  busy_pe_cycles_r_reg[47]_i_1/CO[7]
                         net (fo=1, unplaced)         0.005     1.885    busy_pe_cycles_r_reg[47]_i_1_n_0
                         CARRY8 (Prop_CARRY8_CI_CO[7])
                                                      0.022     1.907 r  busy_pe_cycles_r_reg[55]_i_1/CO[7]
                         net (fo=1, unplaced)         0.005     1.912    busy_pe_cycles_r_reg[55]_i_1_n_0
                         CARRY8 (Prop_CARRY8_CI_O[7])
                                                      0.116     2.028 r  busy_pe_cycles_r_reg[63]_i_1/O[7]
                         net (fo=1, unplaced)         0.026     2.054    busy_pe_cycles_r_reg[63]_i_1_n_8
                         FDCE                                         r  busy_pe_cycles_r_reg[63]/D
  -------------------------------------------------------------------    -------------------

                         (clock clk rise edge)        4.000     4.000 r  
                                                      0.000     4.000 r  clk (IN)
                         net (fo=7411, unset)         0.000     4.000    clk
                         FDCE                                         r  busy_pe_cycles_r_reg[63]/C
                         clock pessimism              0.000     4.000    
                         clock uncertainty           -0.035     3.965    
                         FDCE (Setup_FDCE_C_D)        0.025     3.990    busy_pe_cycles_r_reg[63]
  -------------------------------------------------------------------
                         required time                          3.990    
                         arrival time                          -2.054    
  -------------------------------------------------------------------
                         slack                                  1.936    





Pulse Width Checks
--------------------------------------------------------------------------------------
Clock Name:         clk
Waveform(ns):       { 0.000 2.000 }
Period(ns):         4.000
Sources:            { clk }

Check Type        Corner  Lib Pin  Reference Pin  Required(ns)  Actual(ns)  Slack(ns)  Location  Pin
Min Period        n/a     FDCE/C   n/a            0.550         4.000       3.450                activation_bytes_r_reg[0]/C
Low Pulse Width   Slow    FDCE/C   n/a            0.275         2.000       1.725                activation_bytes_r_reg[0]/C
High Pulse Width  Slow    FDCE/C   n/a            0.275         2.000       1.725                activation_bytes_r_reg[0]/C



