Copyright 1986-2021 Xilinx, Inc. All Rights Reserved.
---------------------------------------------------------------------------------------------------------------------------------------------------------------------------------------------------
| Tool Version : Vivado v.2021.2 (win64) Build 3367213 Tue Oct 19 02:48:09 MDT 2021
| Date         : Tue Sep 15 19:00:04 2026
| Host         : nc23 running 64-bit major release  (build 9200)
| Command      : report_design_analysis -congestion -file {E:/GPU ARCH/vector_core_sim/turbovla_w8a8_pack2/hw/v3_2026-09-15_174639_vivado_impl/reports/303MHz_real4/reports/placed_congestion.rpt}
| Design       : tvla_w8a8_pack2_impl_top
| Device       : xczu7ev
| Design State : Fully Placed
---------------------------------------------------------------------------------------------------------------------------------------------------------------------------------------------------

Report Design Analysis

Table of Contents
-----------------
1. Placer Final Level Congestion Reporting
2. SLR Net Crossing Reporting

1. Placer Final Level Congestion Reporting
------------------------------------------

+-----------+--------+-------+---------------------------------+---------------+---------------+-----+--------+------+------+------+------+-----+-------+-----+-------------------------------------------------------+
| Direction |  Type  | Level |              Window             | Combined LUTs | Avg LUT Input | LUT | LUTRAM | Flop | MUXF | RAMB | URAM | DSP | CARRY | SRL |                       Cell Names                      |
+-----------+--------+-------+---------------------------------+---------------+---------------+-----+--------+------+------+------+------+-----+-------+-----+-------------------------------------------------------+
| South     | Global |     5 | (PSS_ALTO_X0Y60,CLEL_R_X16Y240) |            2% |         0.078 | 1%  | 0%     |   4% |   0% | 0%   | NA   | 0%  |    0% |  0% | u_system/u_replay/g_array.u_array/u_array/u_ref(100%) |
| South     | Long   |     5 | (PSS_ALTO_X0Y60,CLEL_R_X16Y240) |            2% |         0.078 | 1%  | 0%     |   4% |   0% | 0%   | NA   | 0%  |    0% |  0% | u_system/u_replay/g_array.u_array/u_array/u_ref(100%) |
| South     | Long   |     6 | (PSS_ALTO_X0Y60,CLEL_R_X32Y146) |            8% |         0.465 | 14% | 0%     |  43% |   0% | 0%   | NA   | 51% |   19% |  0% | u_system/u_replay/g_array.u_array/u_array/u_ref(99%)  |
+-----------+--------+-------+---------------------------------+---------------+---------------+-----+--------+------+------+------+------+-----+-------+-----+-------------------------------------------------------+


2. SLR Net Crossing Reporting
-----------------------------

+------------+-----------------------------+
| Cell Names | Number of Nets crossing SLR |
+------------+-----------------------------+
* The current part is not an SSI device


