Copyright 1986-2021 Xilinx, Inc. All Rights Reserved.
-----------------------------------------------------------------------------------------------------------------------------------------------------------------------------------
| Tool Version : Vivado v.2021.2 (win64) Build 3367213 Tue Oct 19 02:48:09 MDT 2021
| Date         : Tue Sep 15 18:06:58 2026
| Host         : nc23 running 64-bit major release  (build 9200)
| Command      : report_methodology -file {E:/GPU ARCH/vector_core_sim/turbovla_w8a8_pack2/hw/v3_2026-09-15_174639_vivado_impl/reports/250MHz_real2/reports/synth_methodology.rpt}
| Design       : tvla_w8a8_pack2_impl_top
| Device       : xczu7ev-ffvc1156-2-e
| Speed File   : -2
| Design State : Synthesized
-----------------------------------------------------------------------------------------------------------------------------------------------------------------------------------

Report Methodology

Table of Contents
-----------------
1. REPORT SUMMARY
2. REPORT DETAILS

1. REPORT SUMMARY
-----------------
            Netlist: tvla_w8a8_pack2_impl_top
          Floorplan: design_1
      Design limits: <entire design considered>
             Max violations: <unlimited>
             Violations found: 482
+-----------+----------+-------------------------------+------------+
| Rule      | Severity | Description                   | Violations |
+-----------+----------+-------------------------------+------------+
| SYNTH-12  | Warning  | DSP input not registered      | 16         |
| TIMING-18 | Warning  | Missing input or output delay | 466        |
+-----------+----------+-------------------------------+------------+

2. REPORT DETAILS
-----------------
SYNTH-12#1 Warning
DSP input not registered  
DSP instance u_system/u_replay/g_array.u_array/u_array/u_ref/g_row[0].g_col[0].u_pe/u_mul/u_dsp is not fully pipelined on the input side. AREG/BREG/CREG/DREG are not used.
Related violations: <none>

SYNTH-12#2 Warning
DSP input not registered  
DSP instance u_system/u_replay/g_array.u_array/u_array/u_ref/g_row[10].g_col[0].u_pe/u_mul/u_dsp is not fully pipelined on the input side. AREG/BREG/CREG/DREG are not used.
Related violations: <none>

SYNTH-12#3 Warning
DSP input not registered  
DSP instance u_system/u_replay/g_array.u_array/u_array/u_ref/g_row[11].g_col[0].u_pe/u_mul/u_dsp is not fully pipelined on the input side. AREG/BREG/CREG/DREG are not used.
Related violations: <none>

SYNTH-12#4 Warning
DSP input not registered  
DSP instance u_system/u_replay/g_array.u_array/u_array/u_ref/g_row[12].g_col[0].u_pe/u_mul/u_dsp is not fully pipelined on the input side. AREG/BREG/CREG/DREG are not used.
Related violations: <none>

SYNTH-12#5 Warning
DSP input not registered  
DSP instance u_system/u_replay/g_array.u_array/u_array/u_ref/g_row[13].g_col[0].u_pe/u_mul/u_dsp is not fully pipelined on the input side. AREG/BREG/CREG/DREG are not used.
Related violations: <none>

SYNTH-12#6 Warning
DSP input not registered  
DSP instance u_system/u_replay/g_array.u_array/u_array/u_ref/g_row[14].g_col[0].u_pe/u_mul/u_dsp is not fully pipelined on the input side. AREG/BREG/CREG/DREG are not used.
Related violations: <none>

SYNTH-12#7 Warning
DSP input not registered  
DSP instance u_system/u_replay/g_array.u_array/u_array/u_ref/g_row[15].g_col[0].u_pe/u_mul/u_dsp is not fully pipelined on the input side. AREG/BREG/CREG/DREG are not used.
Related violations: <none>

SYNTH-12#8 Warning
DSP input not registered  
DSP instance u_system/u_replay/g_array.u_array/u_array/u_ref/g_row[1].g_col[0].u_pe/u_mul/u_dsp is not fully pipelined on the input side. AREG/BREG/CREG/DREG are not used.
Related violations: <none>

SYNTH-12#9 Warning
DSP input not registered  
DSP instance u_system/u_replay/g_array.u_array/u_array/u_ref/g_row[2].g_col[0].u_pe/u_mul/u_dsp is not fully pipelined on the input side. AREG/BREG/CREG/DREG are not used.
Related violations: <none>

SYNTH-12#10 Warning
DSP input not registered  
DSP instance u_system/u_replay/g_array.u_array/u_array/u_ref/g_row[3].g_col[0].u_pe/u_mul/u_dsp is not fully pipelined on the input side. AREG/BREG/CREG/DREG are not used.
Related violations: <none>

SYNTH-12#11 Warning
DSP input not registered  
DSP instance u_system/u_replay/g_array.u_array/u_array/u_ref/g_row[4].g_col[0].u_pe/u_mul/u_dsp is not fully pipelined on the input side. AREG/BREG/CREG/DREG are not used.
Related violations: <none>

SYNTH-12#12 Warning
DSP input not registered  
DSP instance u_system/u_replay/g_array.u_array/u_array/u_ref/g_row[5].g_col[0].u_pe/u_mul/u_dsp is not fully pipelined on the input side. AREG/BREG/CREG/DREG are not used.
Related violations: <none>

SYNTH-12#13 Warning
DSP input not registered  
DSP instance u_system/u_replay/g_array.u_array/u_array/u_ref/g_row[6].g_col[0].u_pe/u_mul/u_dsp is not fully pipelined on the input side. AREG/BREG/CREG/DREG are not used.
Related violations: <none>

SYNTH-12#14 Warning
DSP input not registered  
DSP instance u_system/u_replay/g_array.u_array/u_array/u_ref/g_row[7].g_col[0].u_pe/u_mul/u_dsp is not fully pipelined on the input side. AREG/BREG/CREG/DREG are not used.
Related violations: <none>

SYNTH-12#15 Warning
DSP input not registered  
DSP instance u_system/u_replay/g_array.u_array/u_array/u_ref/g_row[8].g_col[0].u_pe/u_mul/u_dsp is not fully pipelined on the input side. AREG/BREG/CREG/DREG are not used.
Related violations: <none>

SYNTH-12#16 Warning
DSP input not registered  
DSP instance u_system/u_replay/g_array.u_array/u_array/u_ref/g_row[9].g_col[0].u_pe/u_mul/u_dsp is not fully pipelined on the input side. AREG/BREG/CREG/DREG are not used.
Related violations: <none>

TIMING-18#1 Warning
Missing input or output delay  
An input delay is missing on activation_data[0] relative to clock(s) clk
Related violations: <none>

TIMING-18#2 Warning
Missing input or output delay  
An input delay is missing on activation_data[10] relative to clock(s) clk
Related violations: <none>

TIMING-18#3 Warning
Missing input or output delay  
An input delay is missing on activation_data[11] relative to clock(s) clk
Related violations: <none>

TIMING-18#4 Warning
Missing input or output delay  
An input delay is missing on activation_data[12] relative to clock(s) clk
Related violations: <none>

TIMING-18#5 Warning
Missing input or output delay  
An input delay is missing on activation_data[13] relative to clock(s) clk
Related violations: <none>

TIMING-18#6 Warning
Missing input or output delay  
An input delay is missing on activation_data[14] relative to clock(s) clk
Related violations: <none>

TIMING-18#7 Warning
Missing input or output delay  
An input delay is missing on activation_data[15] relative to clock(s) clk
Related violations: <none>

TIMING-18#8 Warning
Missing input or output delay  
An input delay is missing on activation_data[16] relative to clock(s) clk
Related violations: <none>

TIMING-18#9 Warning
Missing input or output delay  
An input delay is missing on activation_data[17] relative to clock(s) clk
Related violations: <none>

TIMING-18#10 Warning
Missing input or output delay  
An input delay is missing on activation_data[18] relative to clock(s) clk
Related violations: <none>

TIMING-18#11 Warning
Missing input or output delay  
An input delay is missing on activation_data[19] relative to clock(s) clk
Related violations: <none>

TIMING-18#12 Warning
Missing input or output delay  
An input delay is missing on activation_data[1] relative to clock(s) clk
Related violations: <none>

TIMING-18#13 Warning
Missing input or output delay  
An input delay is missing on activation_data[20] relative to clock(s) clk
Related violations: <none>

TIMING-18#14 Warning
Missing input or output delay  
An input delay is missing on activation_data[21] relative to clock(s) clk
Related violations: <none>

TIMING-18#15 Warning
Missing input or output delay  
An input delay is missing on activation_data[22] relative to clock(s) clk
Related violations: <none>

TIMING-18#16 Warning
Missing input or output delay  
An input delay is missing on activation_data[23] relative to clock(s) clk
Related violations: <none>

TIMING-18#17 Warning
Missing input or output delay  
An input delay is missing on activation_data[24] relative to clock(s) clk
Related violations: <none>

TIMING-18#18 Warning
Missing input or output delay  
An input delay is missing on activation_data[25] relative to clock(s) clk
Related violations: <none>

TIMING-18#19 Warning
Missing input or output delay  
An input delay is missing on activation_data[26] relative to clock(s) clk
Related violations: <none>

TIMING-18#20 Warning
Missing input or output delay  
An input delay is missing on activation_data[27] relative to clock(s) clk
Related violations: <none>

TIMING-18#21 Warning
Missing input or output delay  
An input delay is missing on activation_data[28] relative to clock(s) clk
Related violations: <none>

TIMING-18#22 Warning
Missing input or output delay  
An input delay is missing on activation_data[29] relative to clock(s) clk
Related violations: <none>

TIMING-18#23 Warning
Missing input or output delay  
An input delay is missing on activation_data[2] relative to clock(s) clk
Related violations: <none>

TIMING-18#24 Warning
Missing input or output delay  
An input delay is missing on activation_data[30] relative to clock(s) clk
Related violations: <none>

TIMING-18#25 Warning
Missing input or output delay  
An input delay is missing on activation_data[31] relative to clock(s) clk
Related violations: <none>

TIMING-18#26 Warning
Missing input or output delay  
An input delay is missing on activation_data[32] relative to clock(s) clk
Related violations: <none>

TIMING-18#27 Warning
Missing input or output delay  
An input delay is missing on activation_data[33] relative to clock(s) clk
Related violations: <none>

TIMING-18#28 Warning
Missing input or output delay  
An input delay is missing on activation_data[34] relative to clock(s) clk
Related violations: <none>

TIMING-18#29 Warning
Missing input or output delay  
An input delay is missing on activation_data[35] relative to clock(s) clk
Related violations: <none>

TIMING-18#30 Warning
Missing input or output delay  
An input delay is missing on activation_data[36] relative to clock(s) clk
Related violations: <none>

TIMING-18#31 Warning
Missing input or output delay  
An input delay is missing on activation_data[37] relative to clock(s) clk
Related violations: <none>

TIMING-18#32 Warning
Missing input or output delay  
An input delay is missing on activation_data[38] relative to clock(s) clk
Related violations: <none>

TIMING-18#33 Warning
Missing input or output delay  
An input delay is missing on activation_data[39] relative to clock(s) clk
Related violations: <none>

TIMING-18#34 Warning
Missing input or output delay  
An input delay is missing on activation_data[3] relative to clock(s) clk
Related violations: <none>

TIMING-18#35 Warning
Missing input or output delay  
An input delay is missing on activation_data[40] relative to clock(s) clk
Related violations: <none>

TIMING-18#36 Warning
Missing input or output delay  
An input delay is missing on activation_data[41] relative to clock(s) clk
Related violations: <none>

TIMING-18#37 Warning
Missing input or output delay  
An input delay is missing on activation_data[42] relative to clock(s) clk
Related violations: <none>

TIMING-18#38 Warning
Missing input or output delay  
An input delay is missing on activation_data[43] relative to clock(s) clk
Related violations: <none>

TIMING-18#39 Warning
Missing input or output delay  
An input delay is missing on activation_data[44] relative to clock(s) clk
Related violations: <none>

TIMING-18#40 Warning
Missing input or output delay  
An input delay is missing on activation_data[45] relative to clock(s) clk
Related violations: <none>

TIMING-18#41 Warning
Missing input or output delay  
An input delay is missing on activation_data[46] relative to clock(s) clk
Related violations: <none>

TIMING-18#42 Warning
Missing input or output delay  
An input delay is missing on activation_data[47] relative to clock(s) clk
Related violations: <none>

TIMING-18#43 Warning
Missing input or output delay  
An input delay is missing on activation_data[48] relative to clock(s) clk
Related violations: <none>

TIMING-18#44 Warning
Missing input or output delay  
An input delay is missing on activation_data[49] relative to clock(s) clk
Related violations: <none>

TIMING-18#45 Warning
Missing input or output delay  
An input delay is missing on activation_data[4] relative to clock(s) clk
Related violations: <none>

TIMING-18#46 Warning
Missing input or output delay  
An input delay is missing on activation_data[50] relative to clock(s) clk
Related violations: <none>

TIMING-18#47 Warning
Missing input or output delay  
An input delay is missing on activation_data[51] relative to clock(s) clk
Related violations: <none>

TIMING-18#48 Warning
Missing input or output delay  
An input delay is missing on activation_data[52] relative to clock(s) clk
Related violations: <none>

TIMING-18#49 Warning
Missing input or output delay  
An input delay is missing on activation_data[53] relative to clock(s) clk
Related violations: <none>

TIMING-18#50 Warning
Missing input or output delay  
An input delay is missing on activation_data[54] relative to clock(s) clk
Related violations: <none>

TIMING-18#51 Warning
Missing input or output delay  
An input delay is missing on activation_data[55] relative to clock(s) clk
Related violations: <none>

TIMING-18#52 Warning
Missing input or output delay  
An input delay is missing on activation_data[56] relative to clock(s) clk
Related violations: <none>

TIMING-18#53 Warning
Missing input or output delay  
An input delay is missing on activation_data[57] relative to clock(s) clk
Related violations: <none>

TIMING-18#54 Warning
Missing input or output delay  
An input delay is missing on activation_data[58] relative to clock(s) clk
Related violations: <none>

TIMING-18#55 Warning
Missing input or output delay  
An input delay is missing on activation_data[59] relative to clock(s) clk
Related violations: <none>

TIMING-18#56 Warning
Missing input or output delay  
An input delay is missing on activation_data[5] relative to clock(s) clk
Related violations: <none>

TIMING-18#57 Warning
Missing input or output delay  
An input delay is missing on activation_data[60] relative to clock(s) clk
Related violations: <none>

TIMING-18#58 Warning
Missing input or output delay  
An input delay is missing on activation_data[61] relative to clock(s) clk
Related violations: <none>

TIMING-18#59 Warning
Missing input or output delay  
An input delay is missing on activation_data[62] relative to clock(s) clk
Related violations: <none>

TIMING-18#60 Warning
Missing input or output delay  
An input delay is missing on activation_data[63] relative to clock(s) clk
Related violations: <none>

TIMING-18#61 Warning
Missing input or output delay  
An input delay is missing on activation_data[6] relative to clock(s) clk
Related violations: <none>

TIMING-18#62 Warning
Missing input or output delay  
An input delay is missing on activation_data[7] relative to clock(s) clk
Related violations: <none>

TIMING-18#63 Warning
Missing input or output delay  
An input delay is missing on activation_data[8] relative to clock(s) clk
Related violations: <none>

TIMING-18#64 Warning
Missing input or output delay  
An input delay is missing on activation_data[9] relative to clock(s) clk
Related violations: <none>

TIMING-18#65 Warning
Missing input or output delay  
An input delay is missing on activation_valid relative to clock(s) clk
Related violations: <none>

TIMING-18#66 Warning
Missing input or output delay  
An input delay is missing on cmd_valid relative to clock(s) clk
Related violations: <none>

TIMING-18#67 Warning
Missing input or output delay  
An input delay is missing on cmd_word[0] relative to clock(s) clk
Related violations: <none>

TIMING-18#68 Warning
Missing input or output delay  
An input delay is missing on cmd_word[10] relative to clock(s) clk
Related violations: <none>

TIMING-18#69 Warning
Missing input or output delay  
An input delay is missing on cmd_word[11] relative to clock(s) clk
Related violations: <none>

TIMING-18#70 Warning
Missing input or output delay  
An input delay is missing on cmd_word[12] relative to clock(s) clk
Related violations: <none>

TIMING-18#71 Warning
Missing input or output delay  
An input delay is missing on cmd_word[13] relative to clock(s) clk
Related violations: <none>

TIMING-18#72 Warning
Missing input or output delay  
An input delay is missing on cmd_word[14] relative to clock(s) clk
Related violations: <none>

TIMING-18#73 Warning
Missing input or output delay  
An input delay is missing on cmd_word[15] relative to clock(s) clk
Related violations: <none>

TIMING-18#74 Warning
Missing input or output delay  
An input delay is missing on cmd_word[16] relative to clock(s) clk
Related violations: <none>

TIMING-18#75 Warning
Missing input or output delay  
An input delay is missing on cmd_word[17] relative to clock(s) clk
Related violations: <none>

TIMING-18#76 Warning
Missing input or output delay  
An input delay is missing on cmd_word[18] relative to clock(s) clk
Related violations: <none>

TIMING-18#77 Warning
Missing input or output delay  
An input delay is missing on cmd_word[19] relative to clock(s) clk
Related violations: <none>

TIMING-18#78 Warning
Missing input or output delay  
An input delay is missing on cmd_word[1] relative to clock(s) clk
Related violations: <none>

TIMING-18#79 Warning
Missing input or output delay  
An input delay is missing on cmd_word[20] relative to clock(s) clk
Related violations: <none>

TIMING-18#80 Warning
Missing input or output delay  
An input delay is missing on cmd_word[21] relative to clock(s) clk
Related violations: <none>

TIMING-18#81 Warning
Missing input or output delay  
An input delay is missing on cmd_word[22] relative to clock(s) clk
Related violations: <none>

TIMING-18#82 Warning
Missing input or output delay  
An input delay is missing on cmd_word[23] relative to clock(s) clk
Related violations: <none>

TIMING-18#83 Warning
Missing input or output delay  
An input delay is missing on cmd_word[24] relative to clock(s) clk
Related violations: <none>

TIMING-18#84 Warning
Missing input or output delay  
An input delay is missing on cmd_word[25] relative to clock(s) clk
Related violations: <none>

TIMING-18#85 Warning
Missing input or output delay  
An input delay is missing on cmd_word[26] relative to clock(s) clk
Related violations: <none>

TIMING-18#86 Warning
Missing input or output delay  
An input delay is missing on cmd_word[27] relative to clock(s) clk
Related violations: <none>

TIMING-18#87 Warning
Missing input or output delay  
An input delay is missing on cmd_word[28] relative to clock(s) clk
Related violations: <none>

TIMING-18#88 Warning
Missing input or output delay  
An input delay is missing on cmd_word[29] relative to clock(s) clk
Related violations: <none>

TIMING-18#89 Warning
Missing input or output delay  
An input delay is missing on cmd_word[2] relative to clock(s) clk
Related violations: <none>

TIMING-18#90 Warning
Missing input or output delay  
An input delay is missing on cmd_word[30] relative to clock(s) clk
Related violations: <none>

TIMING-18#91 Warning
Missing input or output delay  
An input delay is missing on cmd_word[31] relative to clock(s) clk
Related violations: <none>

TIMING-18#92 Warning
Missing input or output delay  
An input delay is missing on cmd_word[32] relative to clock(s) clk
Related violations: <none>

TIMING-18#93 Warning
Missing input or output delay  
An input delay is missing on cmd_word[33] relative to clock(s) clk
Related violations: <none>

TIMING-18#94 Warning
Missing input or output delay  
An input delay is missing on cmd_word[34] relative to clock(s) clk
Related violations: <none>

TIMING-18#95 Warning
Missing input or output delay  
An input delay is missing on cmd_word[35] relative to clock(s) clk
Related violations: <none>

TIMING-18#96 Warning
Missing input or output delay  
An input delay is missing on cmd_word[36] relative to clock(s) clk
Related violations: <none>

TIMING-18#97 Warning
Missing input or output delay  
An input delay is missing on cmd_word[37] relative to clock(s) clk
Related violations: <none>

TIMING-18#98 Warning
Missing input or output delay  
An input delay is missing on cmd_word[38] relative to clock(s) clk
Related violations: <none>

TIMING-18#99 Warning
Missing input or output delay  
An input delay is missing on cmd_word[39] relative to clock(s) clk
Related violations: <none>

TIMING-18#100 Warning
Missing input or output delay  
An input delay is missing on cmd_word[3] relative to clock(s) clk
Related violations: <none>

TIMING-18#101 Warning
Missing input or output delay  
An input delay is missing on cmd_word[40] relative to clock(s) clk
Related violations: <none>

TIMING-18#102 Warning
Missing input or output delay  
An input delay is missing on cmd_word[41] relative to clock(s) clk
Related violations: <none>

TIMING-18#103 Warning
Missing input or output delay  
An input delay is missing on cmd_word[42] relative to clock(s) clk
Related violations: <none>

TIMING-18#104 Warning
Missing input or output delay  
An input delay is missing on cmd_word[43] relative to clock(s) clk
Related violations: <none>

TIMING-18#105 Warning
Missing input or output delay  
An input delay is missing on cmd_word[44] relative to clock(s) clk
Related violations: <none>

TIMING-18#106 Warning
Missing input or output delay  
An input delay is missing on cmd_word[45] relative to clock(s) clk
Related violations: <none>

TIMING-18#107 Warning
Missing input or output delay  
An input delay is missing on cmd_word[46] relative to clock(s) clk
Related violations: <none>

TIMING-18#108 Warning
Missing input or output delay  
An input delay is missing on cmd_word[47] relative to clock(s) clk
Related violations: <none>

TIMING-18#109 Warning
Missing input or output delay  
An input delay is missing on cmd_word[48] relative to clock(s) clk
Related violations: <none>

TIMING-18#110 Warning
Missing input or output delay  
An input delay is missing on cmd_word[49] relative to clock(s) clk
Related violations: <none>

TIMING-18#111 Warning
Missing input or output delay  
An input delay is missing on cmd_word[4] relative to clock(s) clk
Related violations: <none>

TIMING-18#112 Warning
Missing input or output delay  
An input delay is missing on cmd_word[50] relative to clock(s) clk
Related violations: <none>

TIMING-18#113 Warning
Missing input or output delay  
An input delay is missing on cmd_word[51] relative to clock(s) clk
Related violations: <none>

TIMING-18#114 Warning
Missing input or output delay  
An input delay is missing on cmd_word[52] relative to clock(s) clk
Related violations: <none>

TIMING-18#115 Warning
Missing input or output delay  
An input delay is missing on cmd_word[53] relative to clock(s) clk
Related violations: <none>

TIMING-18#116 Warning
Missing input or output delay  
An input delay is missing on cmd_word[54] relative to clock(s) clk
Related violations: <none>

TIMING-18#117 Warning
Missing input or output delay  
An input delay is missing on cmd_word[55] relative to clock(s) clk
Related violations: <none>

TIMING-18#118 Warning
Missing input or output delay  
An input delay is missing on cmd_word[56] relative to clock(s) clk
Related violations: <none>

TIMING-18#119 Warning
Missing input or output delay  
An input delay is missing on cmd_word[57] relative to clock(s) clk
Related violations: <none>

TIMING-18#120 Warning
Missing input or output delay  
An input delay is missing on cmd_word[58] relative to clock(s) clk
Related violations: <none>

TIMING-18#121 Warning
Missing input or output delay  
An input delay is missing on cmd_word[59] relative to clock(s) clk
Related violations: <none>

TIMING-18#122 Warning
Missing input or output delay  
An input delay is missing on cmd_word[5] relative to clock(s) clk
Related violations: <none>

TIMING-18#123 Warning
Missing input or output delay  
An input delay is missing on cmd_word[60] relative to clock(s) clk
Related violations: <none>

TIMING-18#124 Warning
Missing input or output delay  
An input delay is missing on cmd_word[61] relative to clock(s) clk
Related violations: <none>

TIMING-18#125 Warning
Missing input or output delay  
An input delay is missing on cmd_word[62] relative to clock(s) clk
Related violations: <none>

TIMING-18#126 Warning
Missing input or output delay  
An input delay is missing on cmd_word[63] relative to clock(s) clk
Related violations: <none>

TIMING-18#127 Warning
Missing input or output delay  
An input delay is missing on cmd_word[6] relative to clock(s) clk
Related violations: <none>

TIMING-18#128 Warning
Missing input or output delay  
An input delay is missing on cmd_word[7] relative to clock(s) clk
Related violations: <none>

TIMING-18#129 Warning
Missing input or output delay  
An input delay is missing on cmd_word[8] relative to clock(s) clk
Related violations: <none>

TIMING-18#130 Warning
Missing input or output delay  
An input delay is missing on cmd_word[9] relative to clock(s) clk
Related violations: <none>

TIMING-18#131 Warning
Missing input or output delay  
An input delay is missing on desc_data[0] relative to clock(s) clk
Related violations: <none>

TIMING-18#132 Warning
Missing input or output delay  
An input delay is missing on desc_data[10] relative to clock(s) clk
Related violations: <none>

TIMING-18#133 Warning
Missing input or output delay  
An input delay is missing on desc_data[11] relative to clock(s) clk
Related violations: <none>

TIMING-18#134 Warning
Missing input or output delay  
An input delay is missing on desc_data[12] relative to clock(s) clk
Related violations: <none>

TIMING-18#135 Warning
Missing input or output delay  
An input delay is missing on desc_data[13] relative to clock(s) clk
Related violations: <none>

TIMING-18#136 Warning
Missing input or output delay  
An input delay is missing on desc_data[14] relative to clock(s) clk
Related violations: <none>

TIMING-18#137 Warning
Missing input or output delay  
An input delay is missing on desc_data[15] relative to clock(s) clk
Related violations: <none>

TIMING-18#138 Warning
Missing input or output delay  
An input delay is missing on desc_data[16] relative to clock(s) clk
Related violations: <none>

TIMING-18#139 Warning
Missing input or output delay  
An input delay is missing on desc_data[17] relative to clock(s) clk
Related violations: <none>

TIMING-18#140 Warning
Missing input or output delay  
An input delay is missing on desc_data[18] relative to clock(s) clk
Related violations: <none>

TIMING-18#141 Warning
Missing input or output delay  
An input delay is missing on desc_data[19] relative to clock(s) clk
Related violations: <none>

TIMING-18#142 Warning
Missing input or output delay  
An input delay is missing on desc_data[1] relative to clock(s) clk
Related violations: <none>

TIMING-18#143 Warning
Missing input or output delay  
An input delay is missing on desc_data[20] relative to clock(s) clk
Related violations: <none>

TIMING-18#144 Warning
Missing input or output delay  
An input delay is missing on desc_data[21] relative to clock(s) clk
Related violations: <none>

TIMING-18#145 Warning
Missing input or output delay  
An input delay is missing on desc_data[22] relative to clock(s) clk
Related violations: <none>

TIMING-18#146 Warning
Missing input or output delay  
An input delay is missing on desc_data[23] relative to clock(s) clk
Related violations: <none>

TIMING-18#147 Warning
Missing input or output delay  
An input delay is missing on desc_data[24] relative to clock(s) clk
Related violations: <none>

TIMING-18#148 Warning
Missing input or output delay  
An input delay is missing on desc_data[25] relative to clock(s) clk
Related violations: <none>

TIMING-18#149 Warning
Missing input or output delay  
An input delay is missing on desc_data[26] relative to clock(s) clk
Related violations: <none>

TIMING-18#150 Warning
Missing input or output delay  
An input delay is missing on desc_data[27] relative to clock(s) clk
Related violations: <none>

TIMING-18#151 Warning
Missing input or output delay  
An input delay is missing on desc_data[28] relative to clock(s) clk
Related violations: <none>

TIMING-18#152 Warning
Missing input or output delay  
An input delay is missing on desc_data[29] relative to clock(s) clk
Related violations: <none>

TIMING-18#153 Warning
Missing input or output delay  
An input delay is missing on desc_data[2] relative to clock(s) clk
Related violations: <none>

TIMING-18#154 Warning
Missing input or output delay  
An input delay is missing on desc_data[30] relative to clock(s) clk
Related violations: <none>

TIMING-18#155 Warning
Missing input or output delay  
An input delay is missing on desc_data[31] relative to clock(s) clk
Related violations: <none>

TIMING-18#156 Warning
Missing input or output delay  
An input delay is missing on desc_data[3] relative to clock(s) clk
Related violations: <none>

TIMING-18#157 Warning
Missing input or output delay  
An input delay is missing on desc_data[4] relative to clock(s) clk
Related violations: <none>

TIMING-18#158 Warning
Missing input or output delay  
An input delay is missing on desc_data[5] relative to clock(s) clk
Related violations: <none>

TIMING-18#159 Warning
Missing input or output delay  
An input delay is missing on desc_data[6] relative to clock(s) clk
Related violations: <none>

TIMING-18#160 Warning
Missing input or output delay  
An input delay is missing on desc_data[7] relative to clock(s) clk
Related violations: <none>

TIMING-18#161 Warning
Missing input or output delay  
An input delay is missing on desc_data[8] relative to clock(s) clk
Related violations: <none>

TIMING-18#162 Warning
Missing input or output delay  
An input delay is missing on desc_data[9] relative to clock(s) clk
Related violations: <none>

TIMING-18#163 Warning
Missing input or output delay  
An input delay is missing on desc_valid relative to clock(s) clk
Related violations: <none>

TIMING-18#164 Warning
Missing input or output delay  
An input delay is missing on drain_row[0] relative to clock(s) clk
Related violations: <none>

TIMING-18#165 Warning
Missing input or output delay  
An input delay is missing on drain_row[1] relative to clock(s) clk
Related violations: <none>

TIMING-18#166 Warning
Missing input or output delay  
An input delay is missing on drain_row[2] relative to clock(s) clk
Related violations: <none>

TIMING-18#167 Warning
Missing input or output delay  
An input delay is missing on drain_row[3] relative to clock(s) clk
Related violations: <none>

TIMING-18#168 Warning
Missing input or output delay  
An input delay is missing on feed_pulse relative to clock(s) clk
Related violations: <none>

TIMING-18#169 Warning
Missing input or output delay  
An input delay is missing on output_ready relative to clock(s) clk
Related violations: <none>

TIMING-18#170 Warning
Missing input or output delay  
An input delay is missing on rst_n relative to clock(s) clk
Related violations: <none>

TIMING-18#171 Warning
Missing input or output delay  
An input delay is missing on weight_data[0] relative to clock(s) clk
Related violations: <none>

TIMING-18#172 Warning
Missing input or output delay  
An input delay is missing on weight_data[10] relative to clock(s) clk
Related violations: <none>

TIMING-18#173 Warning
Missing input or output delay  
An input delay is missing on weight_data[11] relative to clock(s) clk
Related violations: <none>

TIMING-18#174 Warning
Missing input or output delay  
An input delay is missing on weight_data[12] relative to clock(s) clk
Related violations: <none>

TIMING-18#175 Warning
Missing input or output delay  
An input delay is missing on weight_data[13] relative to clock(s) clk
Related violations: <none>

TIMING-18#176 Warning
Missing input or output delay  
An input delay is missing on weight_data[14] relative to clock(s) clk
Related violations: <none>

TIMING-18#177 Warning
Missing input or output delay  
An input delay is missing on weight_data[15] relative to clock(s) clk
Related violations: <none>

TIMING-18#178 Warning
Missing input or output delay  
An input delay is missing on weight_data[16] relative to clock(s) clk
Related violations: <none>

TIMING-18#179 Warning
Missing input or output delay  
An input delay is missing on weight_data[17] relative to clock(s) clk
Related violations: <none>

TIMING-18#180 Warning
Missing input or output delay  
An input delay is missing on weight_data[18] relative to clock(s) clk
Related violations: <none>

TIMING-18#181 Warning
Missing input or output delay  
An input delay is missing on weight_data[19] relative to clock(s) clk
Related violations: <none>

TIMING-18#182 Warning
Missing input or output delay  
An input delay is missing on weight_data[1] relative to clock(s) clk
Related violations: <none>

TIMING-18#183 Warning
Missing input or output delay  
An input delay is missing on weight_data[20] relative to clock(s) clk
Related violations: <none>

TIMING-18#184 Warning
Missing input or output delay  
An input delay is missing on weight_data[21] relative to clock(s) clk
Related violations: <none>

TIMING-18#185 Warning
Missing input or output delay  
An input delay is missing on weight_data[22] relative to clock(s) clk
Related violations: <none>

TIMING-18#186 Warning
Missing input or output delay  
An input delay is missing on weight_data[23] relative to clock(s) clk
Related violations: <none>

TIMING-18#187 Warning
Missing input or output delay  
An input delay is missing on weight_data[24] relative to clock(s) clk
Related violations: <none>

TIMING-18#188 Warning
Missing input or output delay  
An input delay is missing on weight_data[25] relative to clock(s) clk
Related violations: <none>

TIMING-18#189 Warning
Missing input or output delay  
An input delay is missing on weight_data[26] relative to clock(s) clk
Related violations: <none>

TIMING-18#190 Warning
Missing input or output delay  
An input delay is missing on weight_data[27] relative to clock(s) clk
Related violations: <none>

TIMING-18#191 Warning
Missing input or output delay  
An input delay is missing on weight_data[28] relative to clock(s) clk
Related violations: <none>

TIMING-18#192 Warning
Missing input or output delay  
An input delay is missing on weight_data[29] relative to clock(s) clk
Related violations: <none>

TIMING-18#193 Warning
Missing input or output delay  
An input delay is missing on weight_data[2] relative to clock(s) clk
Related violations: <none>

TIMING-18#194 Warning
Missing input or output delay  
An input delay is missing on weight_data[30] relative to clock(s) clk
Related violations: <none>

TIMING-18#195 Warning
Missing input or output delay  
An input delay is missing on weight_data[31] relative to clock(s) clk
Related violations: <none>

TIMING-18#196 Warning
Missing input or output delay  
An input delay is missing on weight_data[32] relative to clock(s) clk
Related violations: <none>

TIMING-18#197 Warning
Missing input or output delay  
An input delay is missing on weight_data[33] relative to clock(s) clk
Related violations: <none>

TIMING-18#198 Warning
Missing input or output delay  
An input delay is missing on weight_data[34] relative to clock(s) clk
Related violations: <none>

TIMING-18#199 Warning
Missing input or output delay  
An input delay is missing on weight_data[35] relative to clock(s) clk
Related violations: <none>

TIMING-18#200 Warning
Missing input or output delay  
An input delay is missing on weight_data[36] relative to clock(s) clk
Related violations: <none>

TIMING-18#201 Warning
Missing input or output delay  
An input delay is missing on weight_data[37] relative to clock(s) clk
Related violations: <none>

TIMING-18#202 Warning
Missing input or output delay  
An input delay is missing on weight_data[38] relative to clock(s) clk
Related violations: <none>

TIMING-18#203 Warning
Missing input or output delay  
An input delay is missing on weight_data[39] relative to clock(s) clk
Related violations: <none>

TIMING-18#204 Warning
Missing input or output delay  
An input delay is missing on weight_data[3] relative to clock(s) clk
Related violations: <none>

TIMING-18#205 Warning
Missing input or output delay  
An input delay is missing on weight_data[40] relative to clock(s) clk
Related violations: <none>

TIMING-18#206 Warning
Missing input or output delay  
An input delay is missing on weight_data[41] relative to clock(s) clk
Related violations: <none>

TIMING-18#207 Warning
Missing input or output delay  
An input delay is missing on weight_data[42] relative to clock(s) clk
Related violations: <none>

TIMING-18#208 Warning
Missing input or output delay  
An input delay is missing on weight_data[43] relative to clock(s) clk
Related violations: <none>

TIMING-18#209 Warning
Missing input or output delay  
An input delay is missing on weight_data[44] relative to clock(s) clk
Related violations: <none>

TIMING-18#210 Warning
Missing input or output delay  
An input delay is missing on weight_data[45] relative to clock(s) clk
Related violations: <none>

TIMING-18#211 Warning
Missing input or output delay  
An input delay is missing on weight_data[46] relative to clock(s) clk
Related violations: <none>

TIMING-18#212 Warning
Missing input or output delay  
An input delay is missing on weight_data[47] relative to clock(s) clk
Related violations: <none>

TIMING-18#213 Warning
Missing input or output delay  
An input delay is missing on weight_data[48] relative to clock(s) clk
Related violations: <none>

TIMING-18#214 Warning
Missing input or output delay  
An input delay is missing on weight_data[49] relative to clock(s) clk
Related violations: <none>

TIMING-18#215 Warning
Missing input or output delay  
An input delay is missing on weight_data[4] relative to clock(s) clk
Related violations: <none>

TIMING-18#216 Warning
Missing input or output delay  
An input delay is missing on weight_data[50] relative to clock(s) clk
Related violations: <none>

TIMING-18#217 Warning
Missing input or output delay  
An input delay is missing on weight_data[51] relative to clock(s) clk
Related violations: <none>

TIMING-18#218 Warning
Missing input or output delay  
An input delay is missing on weight_data[52] relative to clock(s) clk
Related violations: <none>

TIMING-18#219 Warning
Missing input or output delay  
An input delay is missing on weight_data[53] relative to clock(s) clk
Related violations: <none>

TIMING-18#220 Warning
Missing input or output delay  
An input delay is missing on weight_data[54] relative to clock(s) clk
Related violations: <none>

TIMING-18#221 Warning
Missing input or output delay  
An input delay is missing on weight_data[55] relative to clock(s) clk
Related violations: <none>

TIMING-18#222 Warning
Missing input or output delay  
An input delay is missing on weight_data[56] relative to clock(s) clk
Related violations: <none>

TIMING-18#223 Warning
Missing input or output delay  
An input delay is missing on weight_data[57] relative to clock(s) clk
Related violations: <none>

TIMING-18#224 Warning
Missing input or output delay  
An input delay is missing on weight_data[58] relative to clock(s) clk
Related violations: <none>

TIMING-18#225 Warning
Missing input or output delay  
An input delay is missing on weight_data[59] relative to clock(s) clk
Related violations: <none>

TIMING-18#226 Warning
Missing input or output delay  
An input delay is missing on weight_data[5] relative to clock(s) clk
Related violations: <none>

TIMING-18#227 Warning
Missing input or output delay  
An input delay is missing on weight_data[60] relative to clock(s) clk
Related violations: <none>

TIMING-18#228 Warning
Missing input or output delay  
An input delay is missing on weight_data[61] relative to clock(s) clk
Related violations: <none>

TIMING-18#229 Warning
Missing input or output delay  
An input delay is missing on weight_data[62] relative to clock(s) clk
Related violations: <none>

TIMING-18#230 Warning
Missing input or output delay  
An input delay is missing on weight_data[63] relative to clock(s) clk
Related violations: <none>

TIMING-18#231 Warning
Missing input or output delay  
An input delay is missing on weight_data[6] relative to clock(s) clk
Related violations: <none>

TIMING-18#232 Warning
Missing input or output delay  
An input delay is missing on weight_data[7] relative to clock(s) clk
Related violations: <none>

TIMING-18#233 Warning
Missing input or output delay  
An input delay is missing on weight_data[8] relative to clock(s) clk
Related violations: <none>

TIMING-18#234 Warning
Missing input or output delay  
An input delay is missing on weight_data[9] relative to clock(s) clk
Related violations: <none>

TIMING-18#235 Warning
Missing input or output delay  
An input delay is missing on weight_valid relative to clock(s) clk
Related violations: <none>

TIMING-18#236 Warning
Missing input or output delay  
An output delay is missing on activation_ready relative to clock(s) clk
Related violations: <none>

TIMING-18#237 Warning
Missing input or output delay  
An output delay is missing on activity_optimization_hits[0] relative to clock(s) clk
Related violations: <none>

TIMING-18#238 Warning
Missing input or output delay  
An output delay is missing on activity_optimization_hits[10] relative to clock(s) clk
Related violations: <none>

TIMING-18#239 Warning
Missing input or output delay  
An output delay is missing on activity_optimization_hits[11] relative to clock(s) clk
Related violations: <none>

TIMING-18#240 Warning
Missing input or output delay  
An output delay is missing on activity_optimization_hits[12] relative to clock(s) clk
Related violations: <none>

TIMING-18#241 Warning
Missing input or output delay  
An output delay is missing on activity_optimization_hits[13] relative to clock(s) clk
Related violations: <none>

TIMING-18#242 Warning
Missing input or output delay  
An output delay is missing on activity_optimization_hits[14] relative to clock(s) clk
Related violations: <none>

TIMING-18#243 Warning
Missing input or output delay  
An output delay is missing on activity_optimization_hits[15] relative to clock(s) clk
Related violations: <none>

TIMING-18#244 Warning
Missing input or output delay  
An output delay is missing on activity_optimization_hits[16] relative to clock(s) clk
Related violations: <none>

TIMING-18#245 Warning
Missing input or output delay  
An output delay is missing on activity_optimization_hits[17] relative to clock(s) clk
Related violations: <none>

TIMING-18#246 Warning
Missing input or output delay  
An output delay is missing on activity_optimization_hits[18] relative to clock(s) clk
Related violations: <none>

TIMING-18#247 Warning
Missing input or output delay  
An output delay is missing on activity_optimization_hits[19] relative to clock(s) clk
Related violations: <none>

TIMING-18#248 Warning
Missing input or output delay  
An output delay is missing on activity_optimization_hits[1] relative to clock(s) clk
Related violations: <none>

TIMING-18#249 Warning
Missing input or output delay  
An output delay is missing on activity_optimization_hits[20] relative to clock(s) clk
Related violations: <none>

TIMING-18#250 Warning
Missing input or output delay  
An output delay is missing on activity_optimization_hits[21] relative to clock(s) clk
Related violations: <none>

TIMING-18#251 Warning
Missing input or output delay  
An output delay is missing on activity_optimization_hits[22] relative to clock(s) clk
Related violations: <none>

TIMING-18#252 Warning
Missing input or output delay  
An output delay is missing on activity_optimization_hits[23] relative to clock(s) clk
Related violations: <none>

TIMING-18#253 Warning
Missing input or output delay  
An output delay is missing on activity_optimization_hits[24] relative to clock(s) clk
Related violations: <none>

TIMING-18#254 Warning
Missing input or output delay  
An output delay is missing on activity_optimization_hits[25] relative to clock(s) clk
Related violations: <none>

TIMING-18#255 Warning
Missing input or output delay  
An output delay is missing on activity_optimization_hits[26] relative to clock(s) clk
Related violations: <none>

TIMING-18#256 Warning
Missing input or output delay  
An output delay is missing on activity_optimization_hits[27] relative to clock(s) clk
Related violations: <none>

TIMING-18#257 Warning
Missing input or output delay  
An output delay is missing on activity_optimization_hits[28] relative to clock(s) clk
Related violations: <none>

TIMING-18#258 Warning
Missing input or output delay  
An output delay is missing on activity_optimization_hits[29] relative to clock(s) clk
Related violations: <none>

TIMING-18#259 Warning
Missing input or output delay  
An output delay is missing on activity_optimization_hits[2] relative to clock(s) clk
Related violations: <none>

TIMING-18#260 Warning
Missing input or output delay  
An output delay is missing on activity_optimization_hits[30] relative to clock(s) clk
Related violations: <none>

TIMING-18#261 Warning
Missing input or output delay  
An output delay is missing on activity_optimization_hits[31] relative to clock(s) clk
Related violations: <none>

TIMING-18#262 Warning
Missing input or output delay  
An output delay is missing on activity_optimization_hits[3] relative to clock(s) clk
Related violations: <none>

TIMING-18#263 Warning
Missing input or output delay  
An output delay is missing on activity_optimization_hits[4] relative to clock(s) clk
Related violations: <none>

TIMING-18#264 Warning
Missing input or output delay  
An output delay is missing on activity_optimization_hits[5] relative to clock(s) clk
Related violations: <none>

TIMING-18#265 Warning
Missing input or output delay  
An output delay is missing on activity_optimization_hits[6] relative to clock(s) clk
Related violations: <none>

TIMING-18#266 Warning
Missing input or output delay  
An output delay is missing on activity_optimization_hits[7] relative to clock(s) clk
Related violations: <none>

TIMING-18#267 Warning
Missing input or output delay  
An output delay is missing on activity_optimization_hits[8] relative to clock(s) clk
Related violations: <none>

TIMING-18#268 Warning
Missing input or output delay  
An output delay is missing on activity_optimization_hits[9] relative to clock(s) clk
Related violations: <none>

TIMING-18#269 Warning
Missing input or output delay  
An output delay is missing on activity_output_bytes[0] relative to clock(s) clk
Related violations: <none>

TIMING-18#270 Warning
Missing input or output delay  
An output delay is missing on activity_output_bytes[10] relative to clock(s) clk
Related violations: <none>

TIMING-18#271 Warning
Missing input or output delay  
An output delay is missing on activity_output_bytes[11] relative to clock(s) clk
Related violations: <none>

TIMING-18#272 Warning
Missing input or output delay  
An output delay is missing on activity_output_bytes[12] relative to clock(s) clk
Related violations: <none>

TIMING-18#273 Warning
Missing input or output delay  
An output delay is missing on activity_output_bytes[13] relative to clock(s) clk
Related violations: <none>

TIMING-18#274 Warning
Missing input or output delay  
An output delay is missing on activity_output_bytes[14] relative to clock(s) clk
Related violations: <none>

TIMING-18#275 Warning
Missing input or output delay  
An output delay is missing on activity_output_bytes[15] relative to clock(s) clk
Related violations: <none>

TIMING-18#276 Warning
Missing input or output delay  
An output delay is missing on activity_output_bytes[16] relative to clock(s) clk
Related violations: <none>

TIMING-18#277 Warning
Missing input or output delay  
An output delay is missing on activity_output_bytes[17] relative to clock(s) clk
Related violations: <none>

TIMING-18#278 Warning
Missing input or output delay  
An output delay is missing on activity_output_bytes[18] relative to clock(s) clk
Related violations: <none>

TIMING-18#279 Warning
Missing input or output delay  
An output delay is missing on activity_output_bytes[19] relative to clock(s) clk
Related violations: <none>

TIMING-18#280 Warning
Missing input or output delay  
An output delay is missing on activity_output_bytes[1] relative to clock(s) clk
Related violations: <none>

TIMING-18#281 Warning
Missing input or output delay  
An output delay is missing on activity_output_bytes[20] relative to clock(s) clk
Related violations: <none>

TIMING-18#282 Warning
Missing input or output delay  
An output delay is missing on activity_output_bytes[21] relative to clock(s) clk
Related violations: <none>

TIMING-18#283 Warning
Missing input or output delay  
An output delay is missing on activity_output_bytes[22] relative to clock(s) clk
Related violations: <none>

TIMING-18#284 Warning
Missing input or output delay  
An output delay is missing on activity_output_bytes[23] relative to clock(s) clk
Related violations: <none>

TIMING-18#285 Warning
Missing input or output delay  
An output delay is missing on activity_output_bytes[24] relative to clock(s) clk
Related violations: <none>

TIMING-18#286 Warning
Missing input or output delay  
An output delay is missing on activity_output_bytes[25] relative to clock(s) clk
Related violations: <none>

TIMING-18#287 Warning
Missing input or output delay  
An output delay is missing on activity_output_bytes[26] relative to clock(s) clk
Related violations: <none>

TIMING-18#288 Warning
Missing input or output delay  
An output delay is missing on activity_output_bytes[27] relative to clock(s) clk
Related violations: <none>

TIMING-18#289 Warning
Missing input or output delay  
An output delay is missing on activity_output_bytes[28] relative to clock(s) clk
Related violations: <none>

TIMING-18#290 Warning
Missing input or output delay  
An output delay is missing on activity_output_bytes[29] relative to clock(s) clk
Related violations: <none>

TIMING-18#291 Warning
Missing input or output delay  
An output delay is missing on activity_output_bytes[2] relative to clock(s) clk
Related violations: <none>

TIMING-18#292 Warning
Missing input or output delay  
An output delay is missing on activity_output_bytes[30] relative to clock(s) clk
Related violations: <none>

TIMING-18#293 Warning
Missing input or output delay  
An output delay is missing on activity_output_bytes[31] relative to clock(s) clk
Related violations: <none>

TIMING-18#294 Warning
Missing input or output delay  
An output delay is missing on activity_output_bytes[3] relative to clock(s) clk
Related violations: <none>

TIMING-18#295 Warning
Missing input or output delay  
An output delay is missing on activity_output_bytes[4] relative to clock(s) clk
Related violations: <none>

TIMING-18#296 Warning
Missing input or output delay  
An output delay is missing on activity_output_bytes[5] relative to clock(s) clk
Related violations: <none>

TIMING-18#297 Warning
Missing input or output delay  
An output delay is missing on activity_output_bytes[6] relative to clock(s) clk
Related violations: <none>

TIMING-18#298 Warning
Missing input or output delay  
An output delay is missing on activity_output_bytes[7] relative to clock(s) clk
Related violations: <none>

TIMING-18#299 Warning
Missing input or output delay  
An output delay is missing on activity_output_bytes[8] relative to clock(s) clk
Related violations: <none>

TIMING-18#300 Warning
Missing input or output delay  
An output delay is missing on activity_output_bytes[9] relative to clock(s) clk
Related violations: <none>

TIMING-18#301 Warning
Missing input or output delay  
An output delay is missing on activity_queue_max_occupancy[0] relative to clock(s) clk
Related violations: <none>

TIMING-18#302 Warning
Missing input or output delay  
An output delay is missing on activity_queue_max_occupancy[10] relative to clock(s) clk
Related violations: <none>

TIMING-18#303 Warning
Missing input or output delay  
An output delay is missing on activity_queue_max_occupancy[11] relative to clock(s) clk
Related violations: <none>

TIMING-18#304 Warning
Missing input or output delay  
An output delay is missing on activity_queue_max_occupancy[12] relative to clock(s) clk
Related violations: <none>

TIMING-18#305 Warning
Missing input or output delay  
An output delay is missing on activity_queue_max_occupancy[13] relative to clock(s) clk
Related violations: <none>

TIMING-18#306 Warning
Missing input or output delay  
An output delay is missing on activity_queue_max_occupancy[14] relative to clock(s) clk
Related violations: <none>

TIMING-18#307 Warning
Missing input or output delay  
An output delay is missing on activity_queue_max_occupancy[15] relative to clock(s) clk
Related violations: <none>

TIMING-18#308 Warning
Missing input or output delay  
An output delay is missing on activity_queue_max_occupancy[16] relative to clock(s) clk
Related violations: <none>

TIMING-18#309 Warning
Missing input or output delay  
An output delay is missing on activity_queue_max_occupancy[17] relative to clock(s) clk
Related violations: <none>

TIMING-18#310 Warning
Missing input or output delay  
An output delay is missing on activity_queue_max_occupancy[18] relative to clock(s) clk
Related violations: <none>

TIMING-18#311 Warning
Missing input or output delay  
An output delay is missing on activity_queue_max_occupancy[19] relative to clock(s) clk
Related violations: <none>

TIMING-18#312 Warning
Missing input or output delay  
An output delay is missing on activity_queue_max_occupancy[1] relative to clock(s) clk
Related violations: <none>

TIMING-18#313 Warning
Missing input or output delay  
An output delay is missing on activity_queue_max_occupancy[20] relative to clock(s) clk
Related violations: <none>

TIMING-18#314 Warning
Missing input or output delay  
An output delay is missing on activity_queue_max_occupancy[21] relative to clock(s) clk
Related violations: <none>

TIMING-18#315 Warning
Missing input or output delay  
An output delay is missing on activity_queue_max_occupancy[22] relative to clock(s) clk
Related violations: <none>

TIMING-18#316 Warning
Missing input or output delay  
An output delay is missing on activity_queue_max_occupancy[23] relative to clock(s) clk
Related violations: <none>

TIMING-18#317 Warning
Missing input or output delay  
An output delay is missing on activity_queue_max_occupancy[24] relative to clock(s) clk
Related violations: <none>

TIMING-18#318 Warning
Missing input or output delay  
An output delay is missing on activity_queue_max_occupancy[25] relative to clock(s) clk
Related violations: <none>

TIMING-18#319 Warning
Missing input or output delay  
An output delay is missing on activity_queue_max_occupancy[26] relative to clock(s) clk
Related violations: <none>

TIMING-18#320 Warning
Missing input or output delay  
An output delay is missing on activity_queue_max_occupancy[27] relative to clock(s) clk
Related violations: <none>

TIMING-18#321 Warning
Missing input or output delay  
An output delay is missing on activity_queue_max_occupancy[28] relative to clock(s) clk
Related violations: <none>

TIMING-18#322 Warning
Missing input or output delay  
An output delay is missing on activity_queue_max_occupancy[29] relative to clock(s) clk
Related violations: <none>

TIMING-18#323 Warning
Missing input or output delay  
An output delay is missing on activity_queue_max_occupancy[2] relative to clock(s) clk
Related violations: <none>

TIMING-18#324 Warning
Missing input or output delay  
An output delay is missing on activity_queue_max_occupancy[30] relative to clock(s) clk
Related violations: <none>

TIMING-18#325 Warning
Missing input or output delay  
An output delay is missing on activity_queue_max_occupancy[31] relative to clock(s) clk
Related violations: <none>

TIMING-18#326 Warning
Missing input or output delay  
An output delay is missing on activity_queue_max_occupancy[3] relative to clock(s) clk
Related violations: <none>

TIMING-18#327 Warning
Missing input or output delay  
An output delay is missing on activity_queue_max_occupancy[4] relative to clock(s) clk
Related violations: <none>

TIMING-18#328 Warning
Missing input or output delay  
An output delay is missing on activity_queue_max_occupancy[5] relative to clock(s) clk
Related violations: <none>

TIMING-18#329 Warning
Missing input or output delay  
An output delay is missing on activity_queue_max_occupancy[6] relative to clock(s) clk
Related violations: <none>

TIMING-18#330 Warning
Missing input or output delay  
An output delay is missing on activity_queue_max_occupancy[7] relative to clock(s) clk
Related violations: <none>

TIMING-18#331 Warning
Missing input or output delay  
An output delay is missing on activity_queue_max_occupancy[8] relative to clock(s) clk
Related violations: <none>

TIMING-18#332 Warning
Missing input or output delay  
An output delay is missing on activity_queue_max_occupancy[9] relative to clock(s) clk
Related violations: <none>

TIMING-18#333 Warning
Missing input or output delay  
An output delay is missing on activity_snapshot[0] relative to clock(s) clk
Related violations: <none>

TIMING-18#334 Warning
Missing input or output delay  
An output delay is missing on activity_snapshot[10] relative to clock(s) clk
Related violations: <none>

TIMING-18#335 Warning
Missing input or output delay  
An output delay is missing on activity_snapshot[11] relative to clock(s) clk
Related violations: <none>

TIMING-18#336 Warning
Missing input or output delay  
An output delay is missing on activity_snapshot[12] relative to clock(s) clk
Related violations: <none>

TIMING-18#337 Warning
Missing input or output delay  
An output delay is missing on activity_snapshot[13] relative to clock(s) clk
Related violations: <none>

TIMING-18#338 Warning
Missing input or output delay  
An output delay is missing on activity_snapshot[14] relative to clock(s) clk
Related violations: <none>

TIMING-18#339 Warning
Missing input or output delay  
An output delay is missing on activity_snapshot[15] relative to clock(s) clk
Related violations: <none>

TIMING-18#340 Warning
Missing input or output delay  
An output delay is missing on activity_snapshot[16] relative to clock(s) clk
Related violations: <none>

TIMING-18#341 Warning
Missing input or output delay  
An output delay is missing on activity_snapshot[17] relative to clock(s) clk
Related violations: <none>

TIMING-18#342 Warning
Missing input or output delay  
An output delay is missing on activity_snapshot[18] relative to clock(s) clk
Related violations: <none>

TIMING-18#343 Warning
Missing input or output delay  
An output delay is missing on activity_snapshot[19] relative to clock(s) clk
Related violations: <none>

TIMING-18#344 Warning
Missing input or output delay  
An output delay is missing on activity_snapshot[1] relative to clock(s) clk
Related violations: <none>

TIMING-18#345 Warning
Missing input or output delay  
An output delay is missing on activity_snapshot[20] relative to clock(s) clk
Related violations: <none>

TIMING-18#346 Warning
Missing input or output delay  
An output delay is missing on activity_snapshot[21] relative to clock(s) clk
Related violations: <none>

TIMING-18#347 Warning
Missing input or output delay  
An output delay is missing on activity_snapshot[22] relative to clock(s) clk
Related violations: <none>

TIMING-18#348 Warning
Missing input or output delay  
An output delay is missing on activity_snapshot[23] relative to clock(s) clk
Related violations: <none>

TIMING-18#349 Warning
Missing input or output delay  
An output delay is missing on activity_snapshot[24] relative to clock(s) clk
Related violations: <none>

TIMING-18#350 Warning
Missing input or output delay  
An output delay is missing on activity_snapshot[25] relative to clock(s) clk
Related violations: <none>

TIMING-18#351 Warning
Missing input or output delay  
An output delay is missing on activity_snapshot[26] relative to clock(s) clk
Related violations: <none>

TIMING-18#352 Warning
Missing input or output delay  
An output delay is missing on activity_snapshot[27] relative to clock(s) clk
Related violations: <none>

TIMING-18#353 Warning
Missing input or output delay  
An output delay is missing on activity_snapshot[28] relative to clock(s) clk
Related violations: <none>

TIMING-18#354 Warning
Missing input or output delay  
An output delay is missing on activity_snapshot[29] relative to clock(s) clk
Related violations: <none>

TIMING-18#355 Warning
Missing input or output delay  
An output delay is missing on activity_snapshot[2] relative to clock(s) clk
Related violations: <none>

TIMING-18#356 Warning
Missing input or output delay  
An output delay is missing on activity_snapshot[30] relative to clock(s) clk
Related violations: <none>

TIMING-18#357 Warning
Missing input or output delay  
An output delay is missing on activity_snapshot[31] relative to clock(s) clk
Related violations: <none>

TIMING-18#358 Warning
Missing input or output delay  
An output delay is missing on activity_snapshot[3] relative to clock(s) clk
Related violations: <none>

TIMING-18#359 Warning
Missing input or output delay  
An output delay is missing on activity_snapshot[4] relative to clock(s) clk
Related violations: <none>

TIMING-18#360 Warning
Missing input or output delay  
An output delay is missing on activity_snapshot[5] relative to clock(s) clk
Related violations: <none>

TIMING-18#361 Warning
Missing input or output delay  
An output delay is missing on activity_snapshot[6] relative to clock(s) clk
Related violations: <none>

TIMING-18#362 Warning
Missing input or output delay  
An output delay is missing on activity_snapshot[7] relative to clock(s) clk
Related violations: <none>

TIMING-18#363 Warning
Missing input or output delay  
An output delay is missing on activity_snapshot[8] relative to clock(s) clk
Related violations: <none>

TIMING-18#364 Warning
Missing input or output delay  
An output delay is missing on activity_snapshot[9] relative to clock(s) clk
Related violations: <none>

TIMING-18#365 Warning
Missing input or output delay  
An output delay is missing on activity_write_burst_count[0] relative to clock(s) clk
Related violations: <none>

TIMING-18#366 Warning
Missing input or output delay  
An output delay is missing on activity_write_burst_count[10] relative to clock(s) clk
Related violations: <none>

TIMING-18#367 Warning
Missing input or output delay  
An output delay is missing on activity_write_burst_count[11] relative to clock(s) clk
Related violations: <none>

TIMING-18#368 Warning
Missing input or output delay  
An output delay is missing on activity_write_burst_count[12] relative to clock(s) clk
Related violations: <none>

TIMING-18#369 Warning
Missing input or output delay  
An output delay is missing on activity_write_burst_count[13] relative to clock(s) clk
Related violations: <none>

TIMING-18#370 Warning
Missing input or output delay  
An output delay is missing on activity_write_burst_count[14] relative to clock(s) clk
Related violations: <none>

TIMING-18#371 Warning
Missing input or output delay  
An output delay is missing on activity_write_burst_count[15] relative to clock(s) clk
Related violations: <none>

TIMING-18#372 Warning
Missing input or output delay  
An output delay is missing on activity_write_burst_count[16] relative to clock(s) clk
Related violations: <none>

TIMING-18#373 Warning
Missing input or output delay  
An output delay is missing on activity_write_burst_count[17] relative to clock(s) clk
Related violations: <none>

TIMING-18#374 Warning
Missing input or output delay  
An output delay is missing on activity_write_burst_count[18] relative to clock(s) clk
Related violations: <none>

TIMING-18#375 Warning
Missing input or output delay  
An output delay is missing on activity_write_burst_count[19] relative to clock(s) clk
Related violations: <none>

TIMING-18#376 Warning
Missing input or output delay  
An output delay is missing on activity_write_burst_count[1] relative to clock(s) clk
Related violations: <none>

TIMING-18#377 Warning
Missing input or output delay  
An output delay is missing on activity_write_burst_count[20] relative to clock(s) clk
Related violations: <none>

TIMING-18#378 Warning
Missing input or output delay  
An output delay is missing on activity_write_burst_count[21] relative to clock(s) clk
Related violations: <none>

TIMING-18#379 Warning
Missing input or output delay  
An output delay is missing on activity_write_burst_count[22] relative to clock(s) clk
Related violations: <none>

TIMING-18#380 Warning
Missing input or output delay  
An output delay is missing on activity_write_burst_count[23] relative to clock(s) clk
Related violations: <none>

TIMING-18#381 Warning
Missing input or output delay  
An output delay is missing on activity_write_burst_count[24] relative to clock(s) clk
Related violations: <none>

TIMING-18#382 Warning
Missing input or output delay  
An output delay is missing on activity_write_burst_count[25] relative to clock(s) clk
Related violations: <none>

TIMING-18#383 Warning
Missing input or output delay  
An output delay is missing on activity_write_burst_count[26] relative to clock(s) clk
Related violations: <none>

TIMING-18#384 Warning
Missing input or output delay  
An output delay is missing on activity_write_burst_count[27] relative to clock(s) clk
Related violations: <none>

TIMING-18#385 Warning
Missing input or output delay  
An output delay is missing on activity_write_burst_count[28] relative to clock(s) clk
Related violations: <none>

TIMING-18#386 Warning
Missing input or output delay  
An output delay is missing on activity_write_burst_count[29] relative to clock(s) clk
Related violations: <none>

TIMING-18#387 Warning
Missing input or output delay  
An output delay is missing on activity_write_burst_count[2] relative to clock(s) clk
Related violations: <none>

TIMING-18#388 Warning
Missing input or output delay  
An output delay is missing on activity_write_burst_count[30] relative to clock(s) clk
Related violations: <none>

TIMING-18#389 Warning
Missing input or output delay  
An output delay is missing on activity_write_burst_count[31] relative to clock(s) clk
Related violations: <none>

TIMING-18#390 Warning
Missing input or output delay  
An output delay is missing on activity_write_burst_count[3] relative to clock(s) clk
Related violations: <none>

TIMING-18#391 Warning
Missing input or output delay  
An output delay is missing on activity_write_burst_count[4] relative to clock(s) clk
Related violations: <none>

TIMING-18#392 Warning
Missing input or output delay  
An output delay is missing on activity_write_burst_count[5] relative to clock(s) clk
Related violations: <none>

TIMING-18#393 Warning
Missing input or output delay  
An output delay is missing on activity_write_burst_count[6] relative to clock(s) clk
Related violations: <none>

TIMING-18#394 Warning
Missing input or output delay  
An output delay is missing on activity_write_burst_count[7] relative to clock(s) clk
Related violations: <none>

TIMING-18#395 Warning
Missing input or output delay  
An output delay is missing on activity_write_burst_count[8] relative to clock(s) clk
Related violations: <none>

TIMING-18#396 Warning
Missing input or output delay  
An output delay is missing on activity_write_burst_count[9] relative to clock(s) clk
Related violations: <none>

TIMING-18#397 Warning
Missing input or output delay  
An output delay is missing on cmd_ready relative to clock(s) clk
Related violations: <none>

TIMING-18#398 Warning
Missing input or output delay  
An output delay is missing on desc_ready relative to clock(s) clk
Related violations: <none>

TIMING-18#399 Warning
Missing input or output delay  
An output delay is missing on fallback_ready relative to clock(s) clk
Related violations: <none>

TIMING-18#400 Warning
Missing input or output delay  
An output delay is missing on output_data[0] relative to clock(s) clk
Related violations: <none>

TIMING-18#401 Warning
Missing input or output delay  
An output delay is missing on output_data[10] relative to clock(s) clk
Related violations: <none>

TIMING-18#402 Warning
Missing input or output delay  
An output delay is missing on output_data[11] relative to clock(s) clk
Related violations: <none>

TIMING-18#403 Warning
Missing input or output delay  
An output delay is missing on output_data[12] relative to clock(s) clk
Related violations: <none>

TIMING-18#404 Warning
Missing input or output delay  
An output delay is missing on output_data[13] relative to clock(s) clk
Related violations: <none>

TIMING-18#405 Warning
Missing input or output delay  
An output delay is missing on output_data[14] relative to clock(s) clk
Related violations: <none>

TIMING-18#406 Warning
Missing input or output delay  
An output delay is missing on output_data[15] relative to clock(s) clk
Related violations: <none>

TIMING-18#407 Warning
Missing input or output delay  
An output delay is missing on output_data[16] relative to clock(s) clk
Related violations: <none>

TIMING-18#408 Warning
Missing input or output delay  
An output delay is missing on output_data[17] relative to clock(s) clk
Related violations: <none>

TIMING-18#409 Warning
Missing input or output delay  
An output delay is missing on output_data[18] relative to clock(s) clk
Related violations: <none>

TIMING-18#410 Warning
Missing input or output delay  
An output delay is missing on output_data[19] relative to clock(s) clk
Related violations: <none>

TIMING-18#411 Warning
Missing input or output delay  
An output delay is missing on output_data[1] relative to clock(s) clk
Related violations: <none>

TIMING-18#412 Warning
Missing input or output delay  
An output delay is missing on output_data[20] relative to clock(s) clk
Related violations: <none>

TIMING-18#413 Warning
Missing input or output delay  
An output delay is missing on output_data[21] relative to clock(s) clk
Related violations: <none>

TIMING-18#414 Warning
Missing input or output delay  
An output delay is missing on output_data[22] relative to clock(s) clk
Related violations: <none>

TIMING-18#415 Warning
Missing input or output delay  
An output delay is missing on output_data[23] relative to clock(s) clk
Related violations: <none>

TIMING-18#416 Warning
Missing input or output delay  
An output delay is missing on output_data[24] relative to clock(s) clk
Related violations: <none>

TIMING-18#417 Warning
Missing input or output delay  
An output delay is missing on output_data[25] relative to clock(s) clk
Related violations: <none>

TIMING-18#418 Warning
Missing input or output delay  
An output delay is missing on output_data[26] relative to clock(s) clk
Related violations: <none>

TIMING-18#419 Warning
Missing input or output delay  
An output delay is missing on output_data[27] relative to clock(s) clk
Related violations: <none>

TIMING-18#420 Warning
Missing input or output delay  
An output delay is missing on output_data[28] relative to clock(s) clk
Related violations: <none>

TIMING-18#421 Warning
Missing input or output delay  
An output delay is missing on output_data[29] relative to clock(s) clk
Related violations: <none>

TIMING-18#422 Warning
Missing input or output delay  
An output delay is missing on output_data[2] relative to clock(s) clk
Related violations: <none>

TIMING-18#423 Warning
Missing input or output delay  
An output delay is missing on output_data[30] relative to clock(s) clk
Related violations: <none>

TIMING-18#424 Warning
Missing input or output delay  
An output delay is missing on output_data[31] relative to clock(s) clk
Related violations: <none>

TIMING-18#425 Warning
Missing input or output delay  
An output delay is missing on output_data[32] relative to clock(s) clk
Related violations: <none>

TIMING-18#426 Warning
Missing input or output delay  
An output delay is missing on output_data[33] relative to clock(s) clk
Related violations: <none>

TIMING-18#427 Warning
Missing input or output delay  
An output delay is missing on output_data[34] relative to clock(s) clk
Related violations: <none>

TIMING-18#428 Warning
Missing input or output delay  
An output delay is missing on output_data[35] relative to clock(s) clk
Related violations: <none>

TIMING-18#429 Warning
Missing input or output delay  
An output delay is missing on output_data[36] relative to clock(s) clk
Related violations: <none>

TIMING-18#430 Warning
Missing input or output delay  
An output delay is missing on output_data[37] relative to clock(s) clk
Related violations: <none>

TIMING-18#431 Warning
Missing input or output delay  
An output delay is missing on output_data[38] relative to clock(s) clk
Related violations: <none>

TIMING-18#432 Warning
Missing input or output delay  
An output delay is missing on output_data[39] relative to clock(s) clk
Related violations: <none>

TIMING-18#433 Warning
Missing input or output delay  
An output delay is missing on output_data[3] relative to clock(s) clk
Related violations: <none>

TIMING-18#434 Warning
Missing input or output delay  
An output delay is missing on output_data[40] relative to clock(s) clk
Related violations: <none>

TIMING-18#435 Warning
Missing input or output delay  
An output delay is missing on output_data[41] relative to clock(s) clk
Related violations: <none>

TIMING-18#436 Warning
Missing input or output delay  
An output delay is missing on output_data[42] relative to clock(s) clk
Related violations: <none>

TIMING-18#437 Warning
Missing input or output delay  
An output delay is missing on output_data[43] relative to clock(s) clk
Related violations: <none>

TIMING-18#438 Warning
Missing input or output delay  
An output delay is missing on output_data[44] relative to clock(s) clk
Related violations: <none>

TIMING-18#439 Warning
Missing input or output delay  
An output delay is missing on output_data[45] relative to clock(s) clk
Related violations: <none>

TIMING-18#440 Warning
Missing input or output delay  
An output delay is missing on output_data[46] relative to clock(s) clk
Related violations: <none>

TIMING-18#441 Warning
Missing input or output delay  
An output delay is missing on output_data[47] relative to clock(s) clk
Related violations: <none>

TIMING-18#442 Warning
Missing input or output delay  
An output delay is missing on output_data[48] relative to clock(s) clk
Related violations: <none>

TIMING-18#443 Warning
Missing input or output delay  
An output delay is missing on output_data[49] relative to clock(s) clk
Related violations: <none>

TIMING-18#444 Warning
Missing input or output delay  
An output delay is missing on output_data[4] relative to clock(s) clk
Related violations: <none>

TIMING-18#445 Warning
Missing input or output delay  
An output delay is missing on output_data[50] relative to clock(s) clk
Related violations: <none>

TIMING-18#446 Warning
Missing input or output delay  
An output delay is missing on output_data[51] relative to clock(s) clk
Related violations: <none>

TIMING-18#447 Warning
Missing input or output delay  
An output delay is missing on output_data[52] relative to clock(s) clk
Related violations: <none>

TIMING-18#448 Warning
Missing input or output delay  
An output delay is missing on output_data[53] relative to clock(s) clk
Related violations: <none>

TIMING-18#449 Warning
Missing input or output delay  
An output delay is missing on output_data[54] relative to clock(s) clk
Related violations: <none>

TIMING-18#450 Warning
Missing input or output delay  
An output delay is missing on output_data[55] relative to clock(s) clk
Related violations: <none>

TIMING-18#451 Warning
Missing input or output delay  
An output delay is missing on output_data[56] relative to clock(s) clk
Related violations: <none>

TIMING-18#452 Warning
Missing input or output delay  
An output delay is missing on output_data[57] relative to clock(s) clk
Related violations: <none>

TIMING-18#453 Warning
Missing input or output delay  
An output delay is missing on output_data[58] relative to clock(s) clk
Related violations: <none>

TIMING-18#454 Warning
Missing input or output delay  
An output delay is missing on output_data[59] relative to clock(s) clk
Related violations: <none>

TIMING-18#455 Warning
Missing input or output delay  
An output delay is missing on output_data[5] relative to clock(s) clk
Related violations: <none>

TIMING-18#456 Warning
Missing input or output delay  
An output delay is missing on output_data[60] relative to clock(s) clk
Related violations: <none>

TIMING-18#457 Warning
Missing input or output delay  
An output delay is missing on output_data[61] relative to clock(s) clk
Related violations: <none>

TIMING-18#458 Warning
Missing input or output delay  
An output delay is missing on output_data[62] relative to clock(s) clk
Related violations: <none>

TIMING-18#459 Warning
Missing input or output delay  
An output delay is missing on output_data[63] relative to clock(s) clk
Related violations: <none>

TIMING-18#460 Warning
Missing input or output delay  
An output delay is missing on output_data[6] relative to clock(s) clk
Related violations: <none>

TIMING-18#461 Warning
Missing input or output delay  
An output delay is missing on output_data[7] relative to clock(s) clk
Related violations: <none>

TIMING-18#462 Warning
Missing input or output delay  
An output delay is missing on output_data[8] relative to clock(s) clk
Related violations: <none>

TIMING-18#463 Warning
Missing input or output delay  
An output delay is missing on output_data[9] relative to clock(s) clk
Related violations: <none>

TIMING-18#464 Warning
Missing input or output delay  
An output delay is missing on output_valid relative to clock(s) clk
Related violations: <none>

TIMING-18#465 Warning
Missing input or output delay  
An output delay is missing on replay_done relative to clock(s) clk
Related violations: <none>

TIMING-18#466 Warning
Missing input or output delay  
An output delay is missing on weight_ready relative to clock(s) clk
Related violations: <none>


