Copyright 1986-2021 Xilinx, Inc. All Rights Reserved.
-----------------------------------------------------------------------------------------------------------
| Tool Version : Vivado v.2021.2 (win64) Build 3367213 Tue Oct 19 02:48:09 MDT 2021
| Date         : Sat Sep 12 11:21:59 2026
| Host         : nc23 running 64-bit major release  (build 9200)
| Command      : report_utilization -hierarchical -file E:/ae_syn/hb_h9_pe/runs/base48/synth/util_hier.rpt
| Design       : top48_base
| Device       : xczu7ev-ffvc1156-2-e
| Speed File   : -2
| Design State : Synthesized
-----------------------------------------------------------------------------------------------------------

Utilization Design Information

Table of Contents
-----------------
1. Utilization by Hierarchy

1. Utilization by Hierarchy
---------------------------

+---------------------+--------------------+------------+------------+---------+------+-------+--------+--------+------+------------+
|       Instance      |       Module       | Total LUTs | Logic LUTs | LUTRAMs | SRLs |  FFs  | RAMB36 | RAMB18 | URAM | DSP Blocks |
+---------------------+--------------------+------------+------------+---------+------+-------+--------+--------+------+------------+
| top48_base          |              (top) |       6988 |       6940 |       0 |   48 | 11409 |      0 |      0 |    0 |         48 |
|   (top48_base)      |              (top) |       1180 |       1180 |       0 |    0 |   898 |      0 |      0 |    0 |          0 |
|   g_pe[0].u_pe      |        ae_pe_p2__1 |        121 |        120 |       0 |    1 |   219 |      0 |      0 |    0 |          1 |
|     (g_pe[0].u_pe)  |        ae_pe_p2__1 |        118 |        118 |       0 |    0 |   178 |      0 |      0 |    0 |          0 |
|     u_mul           |  pack2_mult_dsp__1 |          3 |          2 |       0 |    1 |    41 |      0 |      0 |    0 |          1 |
|   g_pe[10].u_pe     |       ae_pe_p2__11 |        121 |        120 |       0 |    1 |   219 |      0 |      0 |    0 |          1 |
|     (g_pe[10].u_pe) |       ae_pe_p2__11 |        118 |        118 |       0 |    0 |   178 |      0 |      0 |    0 |          0 |
|     u_mul           | pack2_mult_dsp__11 |          3 |          2 |       0 |    1 |    41 |      0 |      0 |    0 |          1 |
|   g_pe[11].u_pe     |       ae_pe_p2__12 |        121 |        120 |       0 |    1 |   219 |      0 |      0 |    0 |          1 |
|     (g_pe[11].u_pe) |       ae_pe_p2__12 |        118 |        118 |       0 |    0 |   178 |      0 |      0 |    0 |          0 |
|     u_mul           | pack2_mult_dsp__12 |          3 |          2 |       0 |    1 |    41 |      0 |      0 |    0 |          1 |
|   g_pe[12].u_pe     |       ae_pe_p2__13 |        121 |        120 |       0 |    1 |   219 |      0 |      0 |    0 |          1 |
|     (g_pe[12].u_pe) |       ae_pe_p2__13 |        118 |        118 |       0 |    0 |   178 |      0 |      0 |    0 |          0 |
|     u_mul           | pack2_mult_dsp__13 |          3 |          2 |       0 |    1 |    41 |      0 |      0 |    0 |          1 |
|   g_pe[13].u_pe     |       ae_pe_p2__14 |        121 |        120 |       0 |    1 |   219 |      0 |      0 |    0 |          1 |
|     (g_pe[13].u_pe) |       ae_pe_p2__14 |        118 |        118 |       0 |    0 |   178 |      0 |      0 |    0 |          0 |
|     u_mul           | pack2_mult_dsp__14 |          3 |          2 |       0 |    1 |    41 |      0 |      0 |    0 |          1 |
|   g_pe[14].u_pe     |       ae_pe_p2__15 |        121 |        120 |       0 |    1 |   219 |      0 |      0 |    0 |          1 |
|     (g_pe[14].u_pe) |       ae_pe_p2__15 |        118 |        118 |       0 |    0 |   178 |      0 |      0 |    0 |          0 |
|     u_mul           | pack2_mult_dsp__15 |          3 |          2 |       0 |    1 |    41 |      0 |      0 |    0 |          1 |
|   g_pe[15].u_pe     |       ae_pe_p2__16 |        121 |        120 |       0 |    1 |   219 |      0 |      0 |    0 |          1 |
|     (g_pe[15].u_pe) |       ae_pe_p2__16 |        118 |        118 |       0 |    0 |   178 |      0 |      0 |    0 |          0 |
|     u_mul           | pack2_mult_dsp__16 |          3 |          2 |       0 |    1 |    41 |      0 |      0 |    0 |          1 |
|   g_pe[16].u_pe     |       ae_pe_p2__17 |        121 |        120 |       0 |    1 |   219 |      0 |      0 |    0 |          1 |
|     (g_pe[16].u_pe) |       ae_pe_p2__17 |        118 |        118 |       0 |    0 |   178 |      0 |      0 |    0 |          0 |
|     u_mul           | pack2_mult_dsp__17 |          3 |          2 |       0 |    1 |    41 |      0 |      0 |    0 |          1 |
|   g_pe[17].u_pe     |       ae_pe_p2__18 |        121 |        120 |       0 |    1 |   219 |      0 |      0 |    0 |          1 |
|     (g_pe[17].u_pe) |       ae_pe_p2__18 |        118 |        118 |       0 |    0 |   178 |      0 |      0 |    0 |          0 |
|     u_mul           | pack2_mult_dsp__18 |          3 |          2 |       0 |    1 |    41 |      0 |      0 |    0 |          1 |
|   g_pe[18].u_pe     |       ae_pe_p2__19 |        121 |        120 |       0 |    1 |   219 |      0 |      0 |    0 |          1 |
|     (g_pe[18].u_pe) |       ae_pe_p2__19 |        118 |        118 |       0 |    0 |   178 |      0 |      0 |    0 |          0 |
|     u_mul           | pack2_mult_dsp__19 |          3 |          2 |       0 |    1 |    41 |      0 |      0 |    0 |          1 |
|   g_pe[19].u_pe     |       ae_pe_p2__20 |        121 |        120 |       0 |    1 |   219 |      0 |      0 |    0 |          1 |
|     (g_pe[19].u_pe) |       ae_pe_p2__20 |        118 |        118 |       0 |    0 |   178 |      0 |      0 |    0 |          0 |
|     u_mul           | pack2_mult_dsp__20 |          3 |          2 |       0 |    1 |    41 |      0 |      0 |    0 |          1 |
|   g_pe[1].u_pe      |        ae_pe_p2__2 |        121 |        120 |       0 |    1 |   219 |      0 |      0 |    0 |          1 |
|     (g_pe[1].u_pe)  |        ae_pe_p2__2 |        118 |        118 |       0 |    0 |   178 |      0 |      0 |    0 |          0 |
|     u_mul           |  pack2_mult_dsp__2 |          3 |          2 |       0 |    1 |    41 |      0 |      0 |    0 |          1 |
|   g_pe[20].u_pe     |       ae_pe_p2__21 |        121 |        120 |       0 |    1 |   219 |      0 |      0 |    0 |          1 |
|     (g_pe[20].u_pe) |       ae_pe_p2__21 |        118 |        118 |       0 |    0 |   178 |      0 |      0 |    0 |          0 |
|     u_mul           | pack2_mult_dsp__21 |          3 |          2 |       0 |    1 |    41 |      0 |      0 |    0 |          1 |
|   g_pe[21].u_pe     |       ae_pe_p2__22 |        121 |        120 |       0 |    1 |   219 |      0 |      0 |    0 |          1 |
|     (g_pe[21].u_pe) |       ae_pe_p2__22 |        118 |        118 |       0 |    0 |   178 |      0 |      0 |    0 |          0 |
|     u_mul           | pack2_mult_dsp__22 |          3 |          2 |       0 |    1 |    41 |      0 |      0 |    0 |          1 |
|   g_pe[22].u_pe     |       ae_pe_p2__23 |        121 |        120 |       0 |    1 |   219 |      0 |      0 |    0 |          1 |
|     (g_pe[22].u_pe) |       ae_pe_p2__23 |        118 |        118 |       0 |    0 |   178 |      0 |      0 |    0 |          0 |
|     u_mul           | pack2_mult_dsp__23 |          3 |          2 |       0 |    1 |    41 |      0 |      0 |    0 |          1 |
|   g_pe[23].u_pe     |       ae_pe_p2__24 |        121 |        120 |       0 |    1 |   219 |      0 |      0 |    0 |          1 |
|     (g_pe[23].u_pe) |       ae_pe_p2__24 |        118 |        118 |       0 |    0 |   178 |      0 |      0 |    0 |          0 |
|     u_mul           | pack2_mult_dsp__24 |          3 |          2 |       0 |    1 |    41 |      0 |      0 |    0 |          1 |
|   g_pe[24].u_pe     |       ae_pe_p2__25 |        121 |        120 |       0 |    1 |   219 |      0 |      0 |    0 |          1 |
|     (g_pe[24].u_pe) |       ae_pe_p2__25 |        118 |        118 |       0 |    0 |   178 |      0 |      0 |    0 |          0 |
|     u_mul           | pack2_mult_dsp__25 |          3 |          2 |       0 |    1 |    41 |      0 |      0 |    0 |          1 |
|   g_pe[25].u_pe     |       ae_pe_p2__26 |        121 |        120 |       0 |    1 |   219 |      0 |      0 |    0 |          1 |
|     (g_pe[25].u_pe) |       ae_pe_p2__26 |        118 |        118 |       0 |    0 |   178 |      0 |      0 |    0 |          0 |
|     u_mul           | pack2_mult_dsp__26 |          3 |          2 |       0 |    1 |    41 |      0 |      0 |    0 |          1 |
|   g_pe[26].u_pe     |       ae_pe_p2__27 |        121 |        120 |       0 |    1 |   219 |      0 |      0 |    0 |          1 |
|     (g_pe[26].u_pe) |       ae_pe_p2__27 |        118 |        118 |       0 |    0 |   178 |      0 |      0 |    0 |          0 |
|     u_mul           | pack2_mult_dsp__27 |          3 |          2 |       0 |    1 |    41 |      0 |      0 |    0 |          1 |
|   g_pe[27].u_pe     |       ae_pe_p2__28 |        121 |        120 |       0 |    1 |   219 |      0 |      0 |    0 |          1 |
|     (g_pe[27].u_pe) |       ae_pe_p2__28 |        118 |        118 |       0 |    0 |   178 |      0 |      0 |    0 |          0 |
|     u_mul           | pack2_mult_dsp__28 |          3 |          2 |       0 |    1 |    41 |      0 |      0 |    0 |          1 |
|   g_pe[28].u_pe     |       ae_pe_p2__29 |        121 |        120 |       0 |    1 |   219 |      0 |      0 |    0 |          1 |
|     (g_pe[28].u_pe) |       ae_pe_p2__29 |        118 |        118 |       0 |    0 |   178 |      0 |      0 |    0 |          0 |
|     u_mul           | pack2_mult_dsp__29 |          3 |          2 |       0 |    1 |    41 |      0 |      0 |    0 |          1 |
|   g_pe[29].u_pe     |       ae_pe_p2__30 |        121 |        120 |       0 |    1 |   219 |      0 |      0 |    0 |          1 |
|     (g_pe[29].u_pe) |       ae_pe_p2__30 |        118 |        118 |       0 |    0 |   178 |      0 |      0 |    0 |          0 |
|     u_mul           | pack2_mult_dsp__30 |          3 |          2 |       0 |    1 |    41 |      0 |      0 |    0 |          1 |
|   g_pe[2].u_pe      |        ae_pe_p2__3 |        121 |        120 |       0 |    1 |   219 |      0 |      0 |    0 |          1 |
|     (g_pe[2].u_pe)  |        ae_pe_p2__3 |        118 |        118 |       0 |    0 |   178 |      0 |      0 |    0 |          0 |
|     u_mul           |  pack2_mult_dsp__3 |          3 |          2 |       0 |    1 |    41 |      0 |      0 |    0 |          1 |
|   g_pe[30].u_pe     |       ae_pe_p2__31 |        121 |        120 |       0 |    1 |   219 |      0 |      0 |    0 |          1 |
|     (g_pe[30].u_pe) |       ae_pe_p2__31 |        118 |        118 |       0 |    0 |   178 |      0 |      0 |    0 |          0 |
|     u_mul           | pack2_mult_dsp__31 |          3 |          2 |       0 |    1 |    41 |      0 |      0 |    0 |          1 |
|   g_pe[31].u_pe     |       ae_pe_p2__32 |        121 |        120 |       0 |    1 |   219 |      0 |      0 |    0 |          1 |
|     (g_pe[31].u_pe) |       ae_pe_p2__32 |        118 |        118 |       0 |    0 |   178 |      0 |      0 |    0 |          0 |
|     u_mul           | pack2_mult_dsp__32 |          3 |          2 |       0 |    1 |    41 |      0 |      0 |    0 |          1 |
|   g_pe[32].u_pe     |       ae_pe_p2__33 |        121 |        120 |       0 |    1 |   219 |      0 |      0 |    0 |          1 |
|     (g_pe[32].u_pe) |       ae_pe_p2__33 |        118 |        118 |       0 |    0 |   178 |      0 |      0 |    0 |          0 |
|     u_mul           | pack2_mult_dsp__33 |          3 |          2 |       0 |    1 |    41 |      0 |      0 |    0 |          1 |
|   g_pe[33].u_pe     |       ae_pe_p2__34 |        121 |        120 |       0 |    1 |   219 |      0 |      0 |    0 |          1 |
|     (g_pe[33].u_pe) |       ae_pe_p2__34 |        118 |        118 |       0 |    0 |   178 |      0 |      0 |    0 |          0 |
|     u_mul           | pack2_mult_dsp__34 |          3 |          2 |       0 |    1 |    41 |      0 |      0 |    0 |          1 |
|   g_pe[34].u_pe     |       ae_pe_p2__35 |        121 |        120 |       0 |    1 |   219 |      0 |      0 |    0 |          1 |
|     (g_pe[34].u_pe) |       ae_pe_p2__35 |        118 |        118 |       0 |    0 |   178 |      0 |      0 |    0 |          0 |
|     u_mul           | pack2_mult_dsp__35 |          3 |          2 |       0 |    1 |    41 |      0 |      0 |    0 |          1 |
|   g_pe[35].u_pe     |       ae_pe_p2__36 |        121 |        120 |       0 |    1 |   219 |      0 |      0 |    0 |          1 |
|     (g_pe[35].u_pe) |       ae_pe_p2__36 |        118 |        118 |       0 |    0 |   178 |      0 |      0 |    0 |          0 |
|     u_mul           | pack2_mult_dsp__36 |          3 |          2 |       0 |    1 |    41 |      0 |      0 |    0 |          1 |
|   g_pe[36].u_pe     |       ae_pe_p2__37 |        121 |        120 |       0 |    1 |   219 |      0 |      0 |    0 |          1 |
|     (g_pe[36].u_pe) |       ae_pe_p2__37 |        118 |        118 |       0 |    0 |   178 |      0 |      0 |    0 |          0 |
|     u_mul           | pack2_mult_dsp__37 |          3 |          2 |       0 |    1 |    41 |      0 |      0 |    0 |          1 |
|   g_pe[37].u_pe     |       ae_pe_p2__38 |        121 |        120 |       0 |    1 |   219 |      0 |      0 |    0 |          1 |
|     (g_pe[37].u_pe) |       ae_pe_p2__38 |        118 |        118 |       0 |    0 |   178 |      0 |      0 |    0 |          0 |
|     u_mul           | pack2_mult_dsp__38 |          3 |          2 |       0 |    1 |    41 |      0 |      0 |    0 |          1 |
|   g_pe[38].u_pe     |       ae_pe_p2__39 |        121 |        120 |       0 |    1 |   219 |      0 |      0 |    0 |          1 |
|     (g_pe[38].u_pe) |       ae_pe_p2__39 |        118 |        118 |       0 |    0 |   178 |      0 |      0 |    0 |          0 |
|     u_mul           | pack2_mult_dsp__39 |          3 |          2 |       0 |    1 |    41 |      0 |      0 |    0 |          1 |
|   g_pe[39].u_pe     |       ae_pe_p2__40 |        121 |        120 |       0 |    1 |   219 |      0 |      0 |    0 |          1 |
|     (g_pe[39].u_pe) |       ae_pe_p2__40 |        118 |        118 |       0 |    0 |   178 |      0 |      0 |    0 |          0 |
|     u_mul           | pack2_mult_dsp__40 |          3 |          2 |       0 |    1 |    41 |      0 |      0 |    0 |          1 |
|   g_pe[3].u_pe      |        ae_pe_p2__4 |        121 |        120 |       0 |    1 |   219 |      0 |      0 |    0 |          1 |
|     (g_pe[3].u_pe)  |        ae_pe_p2__4 |        118 |        118 |       0 |    0 |   178 |      0 |      0 |    0 |          0 |
|     u_mul           |  pack2_mult_dsp__4 |          3 |          2 |       0 |    1 |    41 |      0 |      0 |    0 |          1 |
|   g_pe[40].u_pe     |       ae_pe_p2__41 |        121 |        120 |       0 |    1 |   219 |      0 |      0 |    0 |          1 |
|     (g_pe[40].u_pe) |       ae_pe_p2__41 |        118 |        118 |       0 |    0 |   178 |      0 |      0 |    0 |          0 |
|     u_mul           | pack2_mult_dsp__41 |          3 |          2 |       0 |    1 |    41 |      0 |      0 |    0 |          1 |
|   g_pe[41].u_pe     |       ae_pe_p2__42 |        121 |        120 |       0 |    1 |   219 |      0 |      0 |    0 |          1 |
|     (g_pe[41].u_pe) |       ae_pe_p2__42 |        118 |        118 |       0 |    0 |   178 |      0 |      0 |    0 |          0 |
|     u_mul           | pack2_mult_dsp__42 |          3 |          2 |       0 |    1 |    41 |      0 |      0 |    0 |          1 |
|   g_pe[42].u_pe     |       ae_pe_p2__43 |        121 |        120 |       0 |    1 |   219 |      0 |      0 |    0 |          1 |
|     (g_pe[42].u_pe) |       ae_pe_p2__43 |        118 |        118 |       0 |    0 |   178 |      0 |      0 |    0 |          0 |
|     u_mul           | pack2_mult_dsp__43 |          3 |          2 |       0 |    1 |    41 |      0 |      0 |    0 |          1 |
|   g_pe[43].u_pe     |       ae_pe_p2__44 |        121 |        120 |       0 |    1 |   219 |      0 |      0 |    0 |          1 |
|     (g_pe[43].u_pe) |       ae_pe_p2__44 |        118 |        118 |       0 |    0 |   178 |      0 |      0 |    0 |          0 |
|     u_mul           | pack2_mult_dsp__44 |          3 |          2 |       0 |    1 |    41 |      0 |      0 |    0 |          1 |
|   g_pe[44].u_pe     |       ae_pe_p2__45 |        121 |        120 |       0 |    1 |   219 |      0 |      0 |    0 |          1 |
|     (g_pe[44].u_pe) |       ae_pe_p2__45 |        118 |        118 |       0 |    0 |   178 |      0 |      0 |    0 |          0 |
|     u_mul           | pack2_mult_dsp__45 |          3 |          2 |       0 |    1 |    41 |      0 |      0 |    0 |          1 |
|   g_pe[45].u_pe     |       ae_pe_p2__46 |        121 |        120 |       0 |    1 |   219 |      0 |      0 |    0 |          1 |
|     (g_pe[45].u_pe) |       ae_pe_p2__46 |        118 |        118 |       0 |    0 |   178 |      0 |      0 |    0 |          0 |
|     u_mul           | pack2_mult_dsp__46 |          3 |          2 |       0 |    1 |    41 |      0 |      0 |    0 |          1 |
|   g_pe[46].u_pe     |       ae_pe_p2__47 |        121 |        120 |       0 |    1 |   219 |      0 |      0 |    0 |          1 |
|     (g_pe[46].u_pe) |       ae_pe_p2__47 |        118 |        118 |       0 |    0 |   178 |      0 |      0 |    0 |          0 |
|     u_mul           | pack2_mult_dsp__47 |          3 |          2 |       0 |    1 |    41 |      0 |      0 |    0 |          1 |
|   g_pe[47].u_pe     |           ae_pe_p2 |        121 |        120 |       0 |    1 |   218 |      0 |      0 |    0 |          1 |
|     (g_pe[47].u_pe) |           ae_pe_p2 |        118 |        118 |       0 |    0 |   177 |      0 |      0 |    0 |          0 |
|     u_mul           |     pack2_mult_dsp |          3 |          2 |       0 |    1 |    41 |      0 |      0 |    0 |          1 |
|   g_pe[4].u_pe      |        ae_pe_p2__5 |        121 |        120 |       0 |    1 |   219 |      0 |      0 |    0 |          1 |
|     (g_pe[4].u_pe)  |        ae_pe_p2__5 |        118 |        118 |       0 |    0 |   178 |      0 |      0 |    0 |          0 |
|     u_mul           |  pack2_mult_dsp__5 |          3 |          2 |       0 |    1 |    41 |      0 |      0 |    0 |          1 |
|   g_pe[5].u_pe      |        ae_pe_p2__6 |        121 |        120 |       0 |    1 |   219 |      0 |      0 |    0 |          1 |
|     (g_pe[5].u_pe)  |        ae_pe_p2__6 |        118 |        118 |       0 |    0 |   178 |      0 |      0 |    0 |          0 |
|     u_mul           |  pack2_mult_dsp__6 |          3 |          2 |       0 |    1 |    41 |      0 |      0 |    0 |          1 |
|   g_pe[6].u_pe      |        ae_pe_p2__7 |        121 |        120 |       0 |    1 |   219 |      0 |      0 |    0 |          1 |
|     (g_pe[6].u_pe)  |        ae_pe_p2__7 |        118 |        118 |       0 |    0 |   178 |      0 |      0 |    0 |          0 |
|     u_mul           |  pack2_mult_dsp__7 |          3 |          2 |       0 |    1 |    41 |      0 |      0 |    0 |          1 |
|   g_pe[7].u_pe      |        ae_pe_p2__8 |        121 |        120 |       0 |    1 |   219 |      0 |      0 |    0 |          1 |
|     (g_pe[7].u_pe)  |        ae_pe_p2__8 |        118 |        118 |       0 |    0 |   178 |      0 |      0 |    0 |          0 |
|     u_mul           |  pack2_mult_dsp__8 |          3 |          2 |       0 |    1 |    41 |      0 |      0 |    0 |          1 |
|   g_pe[8].u_pe      |        ae_pe_p2__9 |        121 |        120 |       0 |    1 |   219 |      0 |      0 |    0 |          1 |
|     (g_pe[8].u_pe)  |        ae_pe_p2__9 |        118 |        118 |       0 |    0 |   178 |      0 |      0 |    0 |          0 |
|     u_mul           |  pack2_mult_dsp__9 |          3 |          2 |       0 |    1 |    41 |      0 |      0 |    0 |          1 |
|   g_pe[9].u_pe      |       ae_pe_p2__10 |        121 |        120 |       0 |    1 |   219 |      0 |      0 |    0 |          1 |
|     (g_pe[9].u_pe)  |       ae_pe_p2__10 |        118 |        118 |       0 |    0 |   178 |      0 |      0 |    0 |          0 |
|     u_mul           | pack2_mult_dsp__10 |          3 |          2 |       0 |    1 |    41 |      0 |      0 |    0 |          1 |
+---------------------+--------------------+------------+------------+---------+------+-------+--------+--------+------+------------+


