Copyright 1986-2021 Xilinx, Inc. All Rights Reserved.
-----------------------------------------------------------------------------------------------------------
| Tool Version : Vivado v.2021.2 (win64) Build 3367213 Tue Oct 19 02:48:09 MDT 2021
| Date         : Sat Sep 12 11:23:01 2026
| Host         : nc23 running 64-bit major release  (build 9200)
| Command      : report_utilization -hierarchical -file E:/ae_syn/hb_h9_pe/runs/cand48/synth/util_hier.rpt
| Design       : top48_cand
| Device       : xczu7ev-ffvc1156-2-e
| Speed File   : -2
| Design State : Synthesized
-----------------------------------------------------------------------------------------------------------

Utilization Design Information

Table of Contents
-----------------
1. Utilization by Hierarchy

1. Utilization by Hierarchy
---------------------------

+---------------------+---------------------+------------+------------+---------+------+-------+--------+--------+------+------------+
|       Instance      |        Module       | Total LUTs | Logic LUTs | LUTRAMs | SRLs |  FFs  | RAMB36 | RAMB18 | URAM | DSP Blocks |
+---------------------+---------------------+------------+------------+---------+------+-------+--------+--------+------+------------+
| top48_cand          |               (top) |       6124 |       6076 |       0 |   48 | 10641 |      0 |      0 |    0 |         48 |
|   (top48_cand)      |               (top) |       1180 |       1180 |       0 |    0 |   898 |      0 |      0 |    0 |          0 |
|   g_pe[0].u_pe      |      ae_pe_p2_pa__1 |        103 |        102 |       0 |    1 |   203 |      0 |      0 |    0 |          1 |
|     (g_pe[0].u_pe)  |      ae_pe_p2_pa__1 |        100 |        100 |       0 |    0 |   178 |      0 |      0 |    0 |          0 |
|     u_mul           |  pack2_mult_padd__1 |          3 |          2 |       0 |    1 |    25 |      0 |      0 |    0 |          1 |
|   g_pe[10].u_pe     |     ae_pe_p2_pa__11 |        103 |        102 |       0 |    1 |   203 |      0 |      0 |    0 |          1 |
|     (g_pe[10].u_pe) |     ae_pe_p2_pa__11 |        100 |        100 |       0 |    0 |   178 |      0 |      0 |    0 |          0 |
|     u_mul           | pack2_mult_padd__11 |          3 |          2 |       0 |    1 |    25 |      0 |      0 |    0 |          1 |
|   g_pe[11].u_pe     |     ae_pe_p2_pa__12 |        103 |        102 |       0 |    1 |   203 |      0 |      0 |    0 |          1 |
|     (g_pe[11].u_pe) |     ae_pe_p2_pa__12 |        100 |        100 |       0 |    0 |   178 |      0 |      0 |    0 |          0 |
|     u_mul           | pack2_mult_padd__12 |          3 |          2 |       0 |    1 |    25 |      0 |      0 |    0 |          1 |
|   g_pe[12].u_pe     |     ae_pe_p2_pa__13 |        103 |        102 |       0 |    1 |   203 |      0 |      0 |    0 |          1 |
|     (g_pe[12].u_pe) |     ae_pe_p2_pa__13 |        100 |        100 |       0 |    0 |   178 |      0 |      0 |    0 |          0 |
|     u_mul           | pack2_mult_padd__13 |          3 |          2 |       0 |    1 |    25 |      0 |      0 |    0 |          1 |
|   g_pe[13].u_pe     |     ae_pe_p2_pa__14 |        103 |        102 |       0 |    1 |   203 |      0 |      0 |    0 |          1 |
|     (g_pe[13].u_pe) |     ae_pe_p2_pa__14 |        100 |        100 |       0 |    0 |   178 |      0 |      0 |    0 |          0 |
|     u_mul           | pack2_mult_padd__14 |          3 |          2 |       0 |    1 |    25 |      0 |      0 |    0 |          1 |
|   g_pe[14].u_pe     |     ae_pe_p2_pa__15 |        103 |        102 |       0 |    1 |   203 |      0 |      0 |    0 |          1 |
|     (g_pe[14].u_pe) |     ae_pe_p2_pa__15 |        100 |        100 |       0 |    0 |   178 |      0 |      0 |    0 |          0 |
|     u_mul           | pack2_mult_padd__15 |          3 |          2 |       0 |    1 |    25 |      0 |      0 |    0 |          1 |
|   g_pe[15].u_pe     |     ae_pe_p2_pa__16 |        103 |        102 |       0 |    1 |   203 |      0 |      0 |    0 |          1 |
|     (g_pe[15].u_pe) |     ae_pe_p2_pa__16 |        100 |        100 |       0 |    0 |   178 |      0 |      0 |    0 |          0 |
|     u_mul           | pack2_mult_padd__16 |          3 |          2 |       0 |    1 |    25 |      0 |      0 |    0 |          1 |
|   g_pe[16].u_pe     |     ae_pe_p2_pa__17 |        103 |        102 |       0 |    1 |   203 |      0 |      0 |    0 |          1 |
|     (g_pe[16].u_pe) |     ae_pe_p2_pa__17 |        100 |        100 |       0 |    0 |   178 |      0 |      0 |    0 |          0 |
|     u_mul           | pack2_mult_padd__17 |          3 |          2 |       0 |    1 |    25 |      0 |      0 |    0 |          1 |
|   g_pe[17].u_pe     |     ae_pe_p2_pa__18 |        103 |        102 |       0 |    1 |   203 |      0 |      0 |    0 |          1 |
|     (g_pe[17].u_pe) |     ae_pe_p2_pa__18 |        100 |        100 |       0 |    0 |   178 |      0 |      0 |    0 |          0 |
|     u_mul           | pack2_mult_padd__18 |          3 |          2 |       0 |    1 |    25 |      0 |      0 |    0 |          1 |
|   g_pe[18].u_pe     |     ae_pe_p2_pa__19 |        103 |        102 |       0 |    1 |   203 |      0 |      0 |    0 |          1 |
|     (g_pe[18].u_pe) |     ae_pe_p2_pa__19 |        100 |        100 |       0 |    0 |   178 |      0 |      0 |    0 |          0 |
|     u_mul           | pack2_mult_padd__19 |          3 |          2 |       0 |    1 |    25 |      0 |      0 |    0 |          1 |
|   g_pe[19].u_pe     |     ae_pe_p2_pa__20 |        103 |        102 |       0 |    1 |   203 |      0 |      0 |    0 |          1 |
|     (g_pe[19].u_pe) |     ae_pe_p2_pa__20 |        100 |        100 |       0 |    0 |   178 |      0 |      0 |    0 |          0 |
|     u_mul           | pack2_mult_padd__20 |          3 |          2 |       0 |    1 |    25 |      0 |      0 |    0 |          1 |
|   g_pe[1].u_pe      |      ae_pe_p2_pa__2 |        103 |        102 |       0 |    1 |   203 |      0 |      0 |    0 |          1 |
|     (g_pe[1].u_pe)  |      ae_pe_p2_pa__2 |        100 |        100 |       0 |    0 |   178 |      0 |      0 |    0 |          0 |
|     u_mul           |  pack2_mult_padd__2 |          3 |          2 |       0 |    1 |    25 |      0 |      0 |    0 |          1 |
|   g_pe[20].u_pe     |     ae_pe_p2_pa__21 |        103 |        102 |       0 |    1 |   203 |      0 |      0 |    0 |          1 |
|     (g_pe[20].u_pe) |     ae_pe_p2_pa__21 |        100 |        100 |       0 |    0 |   178 |      0 |      0 |    0 |          0 |
|     u_mul           | pack2_mult_padd__21 |          3 |          2 |       0 |    1 |    25 |      0 |      0 |    0 |          1 |
|   g_pe[21].u_pe     |     ae_pe_p2_pa__22 |        103 |        102 |       0 |    1 |   203 |      0 |      0 |    0 |          1 |
|     (g_pe[21].u_pe) |     ae_pe_p2_pa__22 |        100 |        100 |       0 |    0 |   178 |      0 |      0 |    0 |          0 |
|     u_mul           | pack2_mult_padd__22 |          3 |          2 |       0 |    1 |    25 |      0 |      0 |    0 |          1 |
|   g_pe[22].u_pe     |     ae_pe_p2_pa__23 |        103 |        102 |       0 |    1 |   203 |      0 |      0 |    0 |          1 |
|     (g_pe[22].u_pe) |     ae_pe_p2_pa__23 |        100 |        100 |       0 |    0 |   178 |      0 |      0 |    0 |          0 |
|     u_mul           | pack2_mult_padd__23 |          3 |          2 |       0 |    1 |    25 |      0 |      0 |    0 |          1 |
|   g_pe[23].u_pe     |     ae_pe_p2_pa__24 |        103 |        102 |       0 |    1 |   203 |      0 |      0 |    0 |          1 |
|     (g_pe[23].u_pe) |     ae_pe_p2_pa__24 |        100 |        100 |       0 |    0 |   178 |      0 |      0 |    0 |          0 |
|     u_mul           | pack2_mult_padd__24 |          3 |          2 |       0 |    1 |    25 |      0 |      0 |    0 |          1 |
|   g_pe[24].u_pe     |     ae_pe_p2_pa__25 |        103 |        102 |       0 |    1 |   203 |      0 |      0 |    0 |          1 |
|     (g_pe[24].u_pe) |     ae_pe_p2_pa__25 |        100 |        100 |       0 |    0 |   178 |      0 |      0 |    0 |          0 |
|     u_mul           | pack2_mult_padd__25 |          3 |          2 |       0 |    1 |    25 |      0 |      0 |    0 |          1 |
|   g_pe[25].u_pe     |     ae_pe_p2_pa__26 |        103 |        102 |       0 |    1 |   203 |      0 |      0 |    0 |          1 |
|     (g_pe[25].u_pe) |     ae_pe_p2_pa__26 |        100 |        100 |       0 |    0 |   178 |      0 |      0 |    0 |          0 |
|     u_mul           | pack2_mult_padd__26 |          3 |          2 |       0 |    1 |    25 |      0 |      0 |    0 |          1 |
|   g_pe[26].u_pe     |     ae_pe_p2_pa__27 |        103 |        102 |       0 |    1 |   203 |      0 |      0 |    0 |          1 |
|     (g_pe[26].u_pe) |     ae_pe_p2_pa__27 |        100 |        100 |       0 |    0 |   178 |      0 |      0 |    0 |          0 |
|     u_mul           | pack2_mult_padd__27 |          3 |          2 |       0 |    1 |    25 |      0 |      0 |    0 |          1 |
|   g_pe[27].u_pe     |     ae_pe_p2_pa__28 |        103 |        102 |       0 |    1 |   203 |      0 |      0 |    0 |          1 |
|     (g_pe[27].u_pe) |     ae_pe_p2_pa__28 |        100 |        100 |       0 |    0 |   178 |      0 |      0 |    0 |          0 |
|     u_mul           | pack2_mult_padd__28 |          3 |          2 |       0 |    1 |    25 |      0 |      0 |    0 |          1 |
|   g_pe[28].u_pe     |     ae_pe_p2_pa__29 |        103 |        102 |       0 |    1 |   203 |      0 |      0 |    0 |          1 |
|     (g_pe[28].u_pe) |     ae_pe_p2_pa__29 |        100 |        100 |       0 |    0 |   178 |      0 |      0 |    0 |          0 |
|     u_mul           | pack2_mult_padd__29 |          3 |          2 |       0 |    1 |    25 |      0 |      0 |    0 |          1 |
|   g_pe[29].u_pe     |     ae_pe_p2_pa__30 |        103 |        102 |       0 |    1 |   203 |      0 |      0 |    0 |          1 |
|     (g_pe[29].u_pe) |     ae_pe_p2_pa__30 |        100 |        100 |       0 |    0 |   178 |      0 |      0 |    0 |          0 |
|     u_mul           | pack2_mult_padd__30 |          3 |          2 |       0 |    1 |    25 |      0 |      0 |    0 |          1 |
|   g_pe[2].u_pe      |      ae_pe_p2_pa__3 |        103 |        102 |       0 |    1 |   203 |      0 |      0 |    0 |          1 |
|     (g_pe[2].u_pe)  |      ae_pe_p2_pa__3 |        100 |        100 |       0 |    0 |   178 |      0 |      0 |    0 |          0 |
|     u_mul           |  pack2_mult_padd__3 |          3 |          2 |       0 |    1 |    25 |      0 |      0 |    0 |          1 |
|   g_pe[30].u_pe     |     ae_pe_p2_pa__31 |        103 |        102 |       0 |    1 |   203 |      0 |      0 |    0 |          1 |
|     (g_pe[30].u_pe) |     ae_pe_p2_pa__31 |        100 |        100 |       0 |    0 |   178 |      0 |      0 |    0 |          0 |
|     u_mul           | pack2_mult_padd__31 |          3 |          2 |       0 |    1 |    25 |      0 |      0 |    0 |          1 |
|   g_pe[31].u_pe     |     ae_pe_p2_pa__32 |        103 |        102 |       0 |    1 |   203 |      0 |      0 |    0 |          1 |
|     (g_pe[31].u_pe) |     ae_pe_p2_pa__32 |        100 |        100 |       0 |    0 |   178 |      0 |      0 |    0 |          0 |
|     u_mul           | pack2_mult_padd__32 |          3 |          2 |       0 |    1 |    25 |      0 |      0 |    0 |          1 |
|   g_pe[32].u_pe     |     ae_pe_p2_pa__33 |        103 |        102 |       0 |    1 |   203 |      0 |      0 |    0 |          1 |
|     (g_pe[32].u_pe) |     ae_pe_p2_pa__33 |        100 |        100 |       0 |    0 |   178 |      0 |      0 |    0 |          0 |
|     u_mul           | pack2_mult_padd__33 |          3 |          2 |       0 |    1 |    25 |      0 |      0 |    0 |          1 |
|   g_pe[33].u_pe     |     ae_pe_p2_pa__34 |        103 |        102 |       0 |    1 |   203 |      0 |      0 |    0 |          1 |
|     (g_pe[33].u_pe) |     ae_pe_p2_pa__34 |        100 |        100 |       0 |    0 |   178 |      0 |      0 |    0 |          0 |
|     u_mul           | pack2_mult_padd__34 |          3 |          2 |       0 |    1 |    25 |      0 |      0 |    0 |          1 |
|   g_pe[34].u_pe     |     ae_pe_p2_pa__35 |        103 |        102 |       0 |    1 |   203 |      0 |      0 |    0 |          1 |
|     (g_pe[34].u_pe) |     ae_pe_p2_pa__35 |        100 |        100 |       0 |    0 |   178 |      0 |      0 |    0 |          0 |
|     u_mul           | pack2_mult_padd__35 |          3 |          2 |       0 |    1 |    25 |      0 |      0 |    0 |          1 |
|   g_pe[35].u_pe     |     ae_pe_p2_pa__36 |        103 |        102 |       0 |    1 |   203 |      0 |      0 |    0 |          1 |
|     (g_pe[35].u_pe) |     ae_pe_p2_pa__36 |        100 |        100 |       0 |    0 |   178 |      0 |      0 |    0 |          0 |
|     u_mul           | pack2_mult_padd__36 |          3 |          2 |       0 |    1 |    25 |      0 |      0 |    0 |          1 |
|   g_pe[36].u_pe     |     ae_pe_p2_pa__37 |        103 |        102 |       0 |    1 |   203 |      0 |      0 |    0 |          1 |
|     (g_pe[36].u_pe) |     ae_pe_p2_pa__37 |        100 |        100 |       0 |    0 |   178 |      0 |      0 |    0 |          0 |
|     u_mul           | pack2_mult_padd__37 |          3 |          2 |       0 |    1 |    25 |      0 |      0 |    0 |          1 |
|   g_pe[37].u_pe     |     ae_pe_p2_pa__38 |        103 |        102 |       0 |    1 |   203 |      0 |      0 |    0 |          1 |
|     (g_pe[37].u_pe) |     ae_pe_p2_pa__38 |        100 |        100 |       0 |    0 |   178 |      0 |      0 |    0 |          0 |
|     u_mul           | pack2_mult_padd__38 |          3 |          2 |       0 |    1 |    25 |      0 |      0 |    0 |          1 |
|   g_pe[38].u_pe     |     ae_pe_p2_pa__39 |        103 |        102 |       0 |    1 |   203 |      0 |      0 |    0 |          1 |
|     (g_pe[38].u_pe) |     ae_pe_p2_pa__39 |        100 |        100 |       0 |    0 |   178 |      0 |      0 |    0 |          0 |
|     u_mul           | pack2_mult_padd__39 |          3 |          2 |       0 |    1 |    25 |      0 |      0 |    0 |          1 |
|   g_pe[39].u_pe     |     ae_pe_p2_pa__40 |        103 |        102 |       0 |    1 |   203 |      0 |      0 |    0 |          1 |
|     (g_pe[39].u_pe) |     ae_pe_p2_pa__40 |        100 |        100 |       0 |    0 |   178 |      0 |      0 |    0 |          0 |
|     u_mul           | pack2_mult_padd__40 |          3 |          2 |       0 |    1 |    25 |      0 |      0 |    0 |          1 |
|   g_pe[3].u_pe      |      ae_pe_p2_pa__4 |        103 |        102 |       0 |    1 |   203 |      0 |      0 |    0 |          1 |
|     (g_pe[3].u_pe)  |      ae_pe_p2_pa__4 |        100 |        100 |       0 |    0 |   178 |      0 |      0 |    0 |          0 |
|     u_mul           |  pack2_mult_padd__4 |          3 |          2 |       0 |    1 |    25 |      0 |      0 |    0 |          1 |
|   g_pe[40].u_pe     |     ae_pe_p2_pa__41 |        103 |        102 |       0 |    1 |   203 |      0 |      0 |    0 |          1 |
|     (g_pe[40].u_pe) |     ae_pe_p2_pa__41 |        100 |        100 |       0 |    0 |   178 |      0 |      0 |    0 |          0 |
|     u_mul           | pack2_mult_padd__41 |          3 |          2 |       0 |    1 |    25 |      0 |      0 |    0 |          1 |
|   g_pe[41].u_pe     |     ae_pe_p2_pa__42 |        103 |        102 |       0 |    1 |   203 |      0 |      0 |    0 |          1 |
|     (g_pe[41].u_pe) |     ae_pe_p2_pa__42 |        100 |        100 |       0 |    0 |   178 |      0 |      0 |    0 |          0 |
|     u_mul           | pack2_mult_padd__42 |          3 |          2 |       0 |    1 |    25 |      0 |      0 |    0 |          1 |
|   g_pe[42].u_pe     |     ae_pe_p2_pa__43 |        103 |        102 |       0 |    1 |   203 |      0 |      0 |    0 |          1 |
|     (g_pe[42].u_pe) |     ae_pe_p2_pa__43 |        100 |        100 |       0 |    0 |   178 |      0 |      0 |    0 |          0 |
|     u_mul           | pack2_mult_padd__43 |          3 |          2 |       0 |    1 |    25 |      0 |      0 |    0 |          1 |
|   g_pe[43].u_pe     |     ae_pe_p2_pa__44 |        103 |        102 |       0 |    1 |   203 |      0 |      0 |    0 |          1 |
|     (g_pe[43].u_pe) |     ae_pe_p2_pa__44 |        100 |        100 |       0 |    0 |   178 |      0 |      0 |    0 |          0 |
|     u_mul           | pack2_mult_padd__44 |          3 |          2 |       0 |    1 |    25 |      0 |      0 |    0 |          1 |
|   g_pe[44].u_pe     |     ae_pe_p2_pa__45 |        103 |        102 |       0 |    1 |   203 |      0 |      0 |    0 |          1 |
|     (g_pe[44].u_pe) |     ae_pe_p2_pa__45 |        100 |        100 |       0 |    0 |   178 |      0 |      0 |    0 |          0 |
|     u_mul           | pack2_mult_padd__45 |          3 |          2 |       0 |    1 |    25 |      0 |      0 |    0 |          1 |
|   g_pe[45].u_pe     |     ae_pe_p2_pa__46 |        103 |        102 |       0 |    1 |   203 |      0 |      0 |    0 |          1 |
|     (g_pe[45].u_pe) |     ae_pe_p2_pa__46 |        100 |        100 |       0 |    0 |   178 |      0 |      0 |    0 |          0 |
|     u_mul           | pack2_mult_padd__46 |          3 |          2 |       0 |    1 |    25 |      0 |      0 |    0 |          1 |
|   g_pe[46].u_pe     |     ae_pe_p2_pa__47 |        103 |        102 |       0 |    1 |   203 |      0 |      0 |    0 |          1 |
|     (g_pe[46].u_pe) |     ae_pe_p2_pa__47 |        100 |        100 |       0 |    0 |   178 |      0 |      0 |    0 |          0 |
|     u_mul           | pack2_mult_padd__47 |          3 |          2 |       0 |    1 |    25 |      0 |      0 |    0 |          1 |
|   g_pe[47].u_pe     |         ae_pe_p2_pa |        103 |        102 |       0 |    1 |   202 |      0 |      0 |    0 |          1 |
|     (g_pe[47].u_pe) |         ae_pe_p2_pa |        100 |        100 |       0 |    0 |   177 |      0 |      0 |    0 |          0 |
|     u_mul           |     pack2_mult_padd |          3 |          2 |       0 |    1 |    25 |      0 |      0 |    0 |          1 |
|   g_pe[4].u_pe      |      ae_pe_p2_pa__5 |        103 |        102 |       0 |    1 |   203 |      0 |      0 |    0 |          1 |
|     (g_pe[4].u_pe)  |      ae_pe_p2_pa__5 |        100 |        100 |       0 |    0 |   178 |      0 |      0 |    0 |          0 |
|     u_mul           |  pack2_mult_padd__5 |          3 |          2 |       0 |    1 |    25 |      0 |      0 |    0 |          1 |
|   g_pe[5].u_pe      |      ae_pe_p2_pa__6 |        103 |        102 |       0 |    1 |   203 |      0 |      0 |    0 |          1 |
|     (g_pe[5].u_pe)  |      ae_pe_p2_pa__6 |        100 |        100 |       0 |    0 |   178 |      0 |      0 |    0 |          0 |
|     u_mul           |  pack2_mult_padd__6 |          3 |          2 |       0 |    1 |    25 |      0 |      0 |    0 |          1 |
|   g_pe[6].u_pe      |      ae_pe_p2_pa__7 |        103 |        102 |       0 |    1 |   203 |      0 |      0 |    0 |          1 |
|     (g_pe[6].u_pe)  |      ae_pe_p2_pa__7 |        100 |        100 |       0 |    0 |   178 |      0 |      0 |    0 |          0 |
|     u_mul           |  pack2_mult_padd__7 |          3 |          2 |       0 |    1 |    25 |      0 |      0 |    0 |          1 |
|   g_pe[7].u_pe      |      ae_pe_p2_pa__8 |        103 |        102 |       0 |    1 |   203 |      0 |      0 |    0 |          1 |
|     (g_pe[7].u_pe)  |      ae_pe_p2_pa__8 |        100 |        100 |       0 |    0 |   178 |      0 |      0 |    0 |          0 |
|     u_mul           |  pack2_mult_padd__8 |          3 |          2 |       0 |    1 |    25 |      0 |      0 |    0 |          1 |
|   g_pe[8].u_pe      |      ae_pe_p2_pa__9 |        103 |        102 |       0 |    1 |   203 |      0 |      0 |    0 |          1 |
|     (g_pe[8].u_pe)  |      ae_pe_p2_pa__9 |        100 |        100 |       0 |    0 |   178 |      0 |      0 |    0 |          0 |
|     u_mul           |  pack2_mult_padd__9 |          3 |          2 |       0 |    1 |    25 |      0 |      0 |    0 |          1 |
|   g_pe[9].u_pe      |     ae_pe_p2_pa__10 |        103 |        102 |       0 |    1 |   203 |      0 |      0 |    0 |          1 |
|     (g_pe[9].u_pe)  |     ae_pe_p2_pa__10 |        100 |        100 |       0 |    0 |   178 |      0 |      0 |    0 |          0 |
|     u_mul           | pack2_mult_padd__10 |          3 |          2 |       0 |    1 |    25 |      0 |      0 |    0 |          1 |
+---------------------+---------------------+------------+------------+---------+------+-------+--------+--------+------+------------+


