Copyright 1986-2021 Xilinx, Inc. All Rights Reserved.
-----------------------------------------------------------------------------------------------------------------------------------------------------------
| Tool Version     : Vivado v.2021.2 (win64) Build 3367213 Tue Oct 19 02:48:09 MDT 2021
| Date             : Mon Sep 14 01:53:10 2026
| Host             : nc23 running 64-bit major release  (build 9200)
| Command          : report_power -file turbovla_w8a16/data/v9_2026-09-14_010956/vivado_runs_2026-09-14_0147_fifo_fix/array_on_trace_off/power.rpt
| Design           : tvla_replay_top
| Device           : xczu7ev-ffvc1156-2-e
| Design State     : synthesized
| Grade            : extended
| Process          : typical
| Characterization : Production
-----------------------------------------------------------------------------------------------------------------------------------------------------------

Power Report

Table of Contents
-----------------
1. Summary
1.1 On-Chip Components
1.2 Power Supply Summary
1.3 Confidence Level
2. Settings
2.1 Environment
2.2 Clock Constraints
3. Detailed Reports
3.1 By Hierarchy

1. Summary
----------

+--------------------------+--------------+
| Total On-Chip Power (W)  | 3.507        |
| Design Power Budget (W)  | Unspecified* |
| Power Budget Margin (W)  | NA           |
| Dynamic (W)              | 2.900        |
| Device Static (W)        | 0.607        |
| Effective TJA (C/W)      | 1.0          |
| Max Ambient (C)          | 96.6         |
| Junction Temperature (C) | 28.4         |
| Confidence Level         | Medium       |
| Setting File             | ---          |
| Simulation Activity File | ---          |
| Design Nets Matched      | NA           |
+--------------------------+--------------+
* Specify Design Power Budget using, set_operating_conditions -design_power_budget <value in Watts>


1.1 On-Chip Components
----------------------

+-------------------------+-----------+----------+-----------+-----------------+
| On-Chip                 | Power (W) | Used     | Available | Utilization (%) |
+-------------------------+-----------+----------+-----------+-----------------+
| Clocks                  |     0.634 |        3 |       --- |             --- |
| CLB Logic               |     0.983 |   209779 |       --- |             --- |
|   LUT as Logic          |     0.799 |    58971 |    230400 |           25.60 |
|   Register              |     0.090 |   119214 |    460800 |           25.87 |
|   CARRY8                |     0.070 |     3998 |     28800 |           13.88 |
|   LUT as Shift Register |     0.023 |     1448 |    101760 |            1.42 |
|   Others                |     0.000 |     3845 |       --- |             --- |
|   F7/F8 Muxes           |     0.000 |     6070 |    230400 |            2.63 |
| Signals                 |     0.734 |   184400 |       --- |             --- |
| DSPs                    |     0.550 |      768 |      1728 |           44.44 |
| Static Power            |     0.607 |          |           |                 |
| Total                   |     3.507 |          |           |                 |
+-------------------------+-----------+----------+-----------+-----------------+


1.2 Power Supply Summary
------------------------

+-----------------+-------------+-----------+-------------+------------+-------------+-------------+------------+
| Source          | Voltage (V) | Total (A) | Dynamic (A) | Static (A) | Powerup (A) | Budget (A)  | Margin (A) |
+-----------------+-------------+-----------+-------------+------------+-------------+-------------+------------+
| Vccint          |       0.850 |     3.564 |       3.412 |      0.152 |       NA    | Unspecified | NA         |
| Vccint_io       |       0.850 |     0.071 |       0.000 |      0.071 |       NA    | Unspecified | NA         |
| Vccbram         |       0.850 |     0.002 |       0.000 |      0.002 |       NA    | Unspecified | NA         |
| Vccaux          |       1.800 |     0.147 |       0.000 |      0.147 |       NA    | Unspecified | NA         |
| Vccaux_io       |       1.800 |     0.055 |       0.000 |      0.055 |       NA    | Unspecified | NA         |
| Vcco33          |       3.300 |     0.000 |       0.000 |      0.000 |       NA    | Unspecified | NA         |
| Vcco25          |       2.500 |     0.000 |       0.000 |      0.000 |       NA    | Unspecified | NA         |
| Vcco18          |       1.800 |     0.000 |       0.000 |      0.000 |       NA    | Unspecified | NA         |
| Vcco15          |       1.500 |     0.000 |       0.000 |      0.000 |       NA    | Unspecified | NA         |
| Vcco135         |       1.350 |     0.000 |       0.000 |      0.000 |       NA    | Unspecified | NA         |
| Vcco12          |       1.200 |     0.000 |       0.000 |      0.000 |       NA    | Unspecified | NA         |
| Vcco10          |       1.000 |     0.000 |       0.000 |      0.000 |       NA    | Unspecified | NA         |
| Vccadc          |       1.800 |     0.008 |       0.000 |      0.008 |       NA    | Unspecified | NA         |
| VCC_PSINTFP     |       0.850 |     0.000 |       0.000 |      0.000 |       NA    | Unspecified | NA         |
| VCC_PSINTLP     |       0.850 |     0.005 |       0.000 |      0.005 |       NA    | Unspecified | NA         |
| VPS_MGTRAVCC    |       0.850 |     0.000 |       0.000 |      0.000 |       NA    | Unspecified | NA         |
| VCC_PSINTFP_DDR |       0.850 |     0.000 |       0.000 |      0.000 |       NA    | Unspecified | NA         |
| VCC_PSPLL       |       1.200 |     0.002 |       0.000 |      0.002 |       NA    | Unspecified | NA         |
| VPS_MGTRAVTT    |       1.800 |     0.000 |       0.000 |      0.000 |       NA    | Unspecified | NA         |
| VCCO_PSDDR_504  |       1.200 |     0.000 |       0.000 |      0.000 |       NA    | Unspecified | NA         |
| VCC_PSAUX       |       1.800 |     0.002 |       0.000 |      0.002 |       NA    | Unspecified | NA         |
| VCC_PSBATT      |       1.200 |     0.000 |       0.000 |      0.000 |       NA    | Unspecified | NA         |
| VCC_PSDDR_PLL   |       1.800 |     0.000 |       0.000 |      0.000 |       NA    | Unspecified | NA         |
| VCCO_PSIO0_500  |       3.300 |     0.000 |       0.000 |      0.000 |       NA    | Unspecified | NA         |
| VCCO_PSIO1_501  |       3.300 |     0.000 |       0.000 |      0.000 |       NA    | Unspecified | NA         |
| VCCO_PSIO2_502  |       3.300 |     0.000 |       0.000 |      0.000 |       NA    | Unspecified | NA         |
| VCCO_PSIO3_503  |       3.300 |     0.000 |       0.000 |      0.000 |       NA    | Unspecified | NA         |
| VCC_PSADC       |       1.800 |     0.002 |       0.000 |      0.002 |       NA    | Unspecified | NA         |
| VCCINT_VCU      |       0.900 |     0.027 |       0.000 |      0.027 |       NA    | Unspecified | NA         |
| MGTAVcc         |       0.900 |     0.000 |       0.000 |      0.000 |       NA    | Unspecified | NA         |
| MGTAVtt         |       1.200 |     0.000 |       0.000 |      0.000 |       NA    | Unspecified | NA         |
| MGTVccaux       |       1.800 |     0.000 |       0.000 |      0.000 |       NA    | Unspecified | NA         |
+-----------------+-------------+-----------+-------------+------------+-------------+-------------+------------+


1.3 Confidence Level
--------------------

+-----------------------------+------------+------------------------------------------------+------------------------------------------------------------------------------------------------------------+
| User Input Data             | Confidence | Details                                        | Action                                                                                                     |
+-----------------------------+------------+------------------------------------------------+------------------------------------------------------------------------------------------------------------+
| Design implementation state | Low        | Design is synthesized                          | Accuracy of the tool is not optimal until design is fully placed and routed                                |
| Clock nodes activity        | High       | User specified more than 95% of clocks         |                                                                                                            |
| I/O nodes activity          | High       | User specified more than 95% of inputs         |                                                                                                            |
| Internal nodes activity     | Medium     | User specified less than 25% of internal nodes | Provide missing internal nodes activity with simulation results or by editing the "By Resource Type" views |
| Device models               | High       | Device models are Production                   |                                                                                                            |
|                             |            |                                                |                                                                                                            |
| Overall confidence level    | Medium     |                                                |                                                                                                            |
+-----------------------------+------------+------------------------------------------------+------------------------------------------------------------------------------------------------------------+


2. Settings
-----------

2.1 Environment
---------------

+-----------------------+--------------------------+
| Ambient Temp (C)      | 25.0                     |
| ThetaJA (C/W)         | 1.0                      |
| Airflow (LFM)         | 250                      |
| Heat Sink             | medium (Medium Profile)  |
| ThetaSA (C/W)         | 1.5                      |
| Board Selection       | medium (10"x10")         |
| # of Board Layers     | 12to15 (12 to 15 Layers) |
| Board Temperature (C) | 25.0                     |
+-----------------------+--------------------------+


2.2 Clock Constraints
---------------------

+-------+--------+-----------------+
| Clock | Domain | Constraint (ns) |
+-------+--------+-----------------+
| clk   | clk    |             4.0 |
+-------+--------+-----------------+


3. Detailed Reports
-------------------

3.1 By Hierarchy
----------------

+------------------------------+-----------+
| Name                         | Power (W) |
+------------------------------+-----------+
| tvla_replay_top              |     2.900 |
|   g_array.u_array            |     2.820 |
|     g_row[0].g_col[0].u_pe   |     0.004 |
|     g_row[0].g_col[10].u_pe  |     0.004 |
|     g_row[0].g_col[11].u_pe  |     0.004 |
|     g_row[0].g_col[12].u_pe  |     0.004 |
|     g_row[0].g_col[13].u_pe  |     0.004 |
|     g_row[0].g_col[14].u_pe  |     0.004 |
|     g_row[0].g_col[15].u_pe  |     0.004 |
|     g_row[0].g_col[16].u_pe  |     0.004 |
|     g_row[0].g_col[17].u_pe  |     0.004 |
|     g_row[0].g_col[18].u_pe  |     0.004 |
|     g_row[0].g_col[19].u_pe  |     0.004 |
|     g_row[0].g_col[1].u_pe   |     0.004 |
|     g_row[0].g_col[20].u_pe  |     0.004 |
|     g_row[0].g_col[21].u_pe  |     0.004 |
|     g_row[0].g_col[22].u_pe  |     0.004 |
|     g_row[0].g_col[23].u_pe  |     0.004 |
|     g_row[0].g_col[24].u_pe  |     0.004 |
|     g_row[0].g_col[25].u_pe  |     0.004 |
|     g_row[0].g_col[26].u_pe  |     0.004 |
|     g_row[0].g_col[27].u_pe  |     0.004 |
|     g_row[0].g_col[28].u_pe  |     0.004 |
|     g_row[0].g_col[29].u_pe  |     0.004 |
|     g_row[0].g_col[2].u_pe   |     0.004 |
|     g_row[0].g_col[30].u_pe  |     0.004 |
|     g_row[0].g_col[31].u_pe  |     0.004 |
|     g_row[0].g_col[32].u_pe  |     0.004 |
|     g_row[0].g_col[33].u_pe  |     0.004 |
|     g_row[0].g_col[34].u_pe  |     0.004 |
|     g_row[0].g_col[35].u_pe  |     0.004 |
|     g_row[0].g_col[36].u_pe  |     0.004 |
|     g_row[0].g_col[37].u_pe  |     0.004 |
|     g_row[0].g_col[38].u_pe  |     0.004 |
|     g_row[0].g_col[39].u_pe  |     0.004 |
|     g_row[0].g_col[3].u_pe   |     0.004 |
|     g_row[0].g_col[40].u_pe  |     0.004 |
|     g_row[0].g_col[41].u_pe  |     0.004 |
|     g_row[0].g_col[42].u_pe  |     0.004 |
|     g_row[0].g_col[43].u_pe  |     0.004 |
|     g_row[0].g_col[44].u_pe  |     0.004 |
|     g_row[0].g_col[45].u_pe  |     0.004 |
|     g_row[0].g_col[46].u_pe  |     0.004 |
|     g_row[0].g_col[47].u_pe  |     0.004 |
|     g_row[0].g_col[4].u_pe   |     0.004 |
|     g_row[0].g_col[5].u_pe   |     0.004 |
|     g_row[0].g_col[6].u_pe   |     0.004 |
|     g_row[0].g_col[7].u_pe   |     0.004 |
|     g_row[0].g_col[8].u_pe   |     0.004 |
|     g_row[0].g_col[9].u_pe   |     0.004 |
|     g_row[10].g_col[0].u_pe  |     0.004 |
|     g_row[10].g_col[10].u_pe |     0.004 |
|     g_row[10].g_col[11].u_pe |     0.004 |
|     g_row[10].g_col[12].u_pe |     0.004 |
|     g_row[10].g_col[13].u_pe |     0.004 |
|     g_row[10].g_col[14].u_pe |     0.004 |
|     g_row[10].g_col[15].u_pe |     0.004 |
|     g_row[10].g_col[16].u_pe |     0.004 |
|     g_row[10].g_col[17].u_pe |     0.004 |
|     g_row[10].g_col[18].u_pe |     0.004 |
|     g_row[10].g_col[19].u_pe |     0.004 |
|     g_row[10].g_col[1].u_pe  |     0.004 |
|     g_row[10].g_col[20].u_pe |     0.004 |
|     g_row[10].g_col[21].u_pe |     0.004 |
|     g_row[10].g_col[22].u_pe |     0.004 |
|     g_row[10].g_col[23].u_pe |     0.004 |
|     g_row[10].g_col[24].u_pe |     0.004 |
|     g_row[10].g_col[25].u_pe |     0.004 |
|     g_row[10].g_col[26].u_pe |     0.004 |
|     g_row[10].g_col[27].u_pe |     0.004 |
|     g_row[10].g_col[28].u_pe |     0.004 |
|     g_row[10].g_col[29].u_pe |     0.004 |
|     g_row[10].g_col[2].u_pe  |     0.004 |
|     g_row[10].g_col[30].u_pe |     0.004 |
|     g_row[10].g_col[31].u_pe |     0.004 |
|     g_row[10].g_col[32].u_pe |     0.004 |
|     g_row[10].g_col[33].u_pe |     0.004 |
|     g_row[10].g_col[34].u_pe |     0.004 |
|     g_row[10].g_col[35].u_pe |     0.004 |
|     g_row[10].g_col[36].u_pe |     0.004 |
|     g_row[10].g_col[37].u_pe |     0.004 |
|     g_row[10].g_col[38].u_pe |     0.004 |
|     g_row[10].g_col[39].u_pe |     0.004 |
|     g_row[10].g_col[3].u_pe  |     0.004 |
|     g_row[10].g_col[40].u_pe |     0.004 |
|     g_row[10].g_col[41].u_pe |     0.004 |
|     g_row[10].g_col[42].u_pe |     0.004 |
|     g_row[10].g_col[43].u_pe |     0.004 |
|     g_row[10].g_col[44].u_pe |     0.004 |
|     g_row[10].g_col[45].u_pe |     0.004 |
|     g_row[10].g_col[46].u_pe |     0.004 |
|     g_row[10].g_col[47].u_pe |     0.004 |
|     g_row[10].g_col[4].u_pe  |     0.004 |
|     g_row[10].g_col[5].u_pe  |     0.004 |
|     g_row[10].g_col[6].u_pe  |     0.004 |
|     g_row[10].g_col[7].u_pe  |     0.004 |
|     g_row[10].g_col[8].u_pe  |     0.004 |
|     g_row[10].g_col[9].u_pe  |     0.004 |
|     g_row[11].g_col[0].u_pe  |     0.004 |
|     g_row[11].g_col[10].u_pe |     0.004 |
|     g_row[11].g_col[11].u_pe |     0.004 |
|     g_row[11].g_col[12].u_pe |     0.004 |
|     g_row[11].g_col[13].u_pe |     0.004 |
|     g_row[11].g_col[14].u_pe |     0.004 |
|     g_row[11].g_col[15].u_pe |     0.004 |
|     g_row[11].g_col[16].u_pe |     0.004 |
|     g_row[11].g_col[17].u_pe |     0.004 |
|     g_row[11].g_col[18].u_pe |     0.004 |
|     g_row[11].g_col[19].u_pe |     0.004 |
|     g_row[11].g_col[1].u_pe  |     0.004 |
|     g_row[11].g_col[20].u_pe |     0.004 |
|     g_row[11].g_col[21].u_pe |     0.004 |
|     g_row[11].g_col[22].u_pe |     0.004 |
|     g_row[11].g_col[23].u_pe |     0.004 |
|     g_row[11].g_col[24].u_pe |     0.004 |
|     g_row[11].g_col[25].u_pe |     0.004 |
|     g_row[11].g_col[26].u_pe |     0.004 |
|     g_row[11].g_col[27].u_pe |     0.004 |
|     g_row[11].g_col[28].u_pe |     0.004 |
|     g_row[11].g_col[29].u_pe |     0.004 |
|     g_row[11].g_col[2].u_pe  |     0.004 |
|     g_row[11].g_col[30].u_pe |     0.004 |
|     g_row[11].g_col[31].u_pe |     0.004 |
|     g_row[11].g_col[32].u_pe |     0.004 |
|     g_row[11].g_col[33].u_pe |     0.004 |
|     g_row[11].g_col[34].u_pe |     0.004 |
|     g_row[11].g_col[35].u_pe |     0.004 |
|     g_row[11].g_col[36].u_pe |     0.004 |
|     g_row[11].g_col[37].u_pe |     0.004 |
|     g_row[11].g_col[38].u_pe |     0.004 |
|     g_row[11].g_col[39].u_pe |     0.004 |
|     g_row[11].g_col[3].u_pe  |     0.004 |
|     g_row[11].g_col[40].u_pe |     0.004 |
|     g_row[11].g_col[41].u_pe |     0.004 |
|     g_row[11].g_col[42].u_pe |     0.004 |
|     g_row[11].g_col[43].u_pe |     0.004 |
|     g_row[11].g_col[44].u_pe |     0.004 |
|     g_row[11].g_col[45].u_pe |     0.004 |
|     g_row[11].g_col[46].u_pe |     0.004 |
|     g_row[11].g_col[47].u_pe |     0.004 |
|     g_row[11].g_col[4].u_pe  |     0.004 |
|     g_row[11].g_col[5].u_pe  |     0.004 |
|     g_row[11].g_col[6].u_pe  |     0.004 |
|     g_row[11].g_col[7].u_pe  |     0.004 |
|     g_row[11].g_col[8].u_pe  |     0.004 |
|     g_row[11].g_col[9].u_pe  |     0.004 |
|     g_row[12].g_col[0].u_pe  |     0.004 |
|     g_row[12].g_col[10].u_pe |     0.004 |
|     g_row[12].g_col[11].u_pe |     0.004 |
|     g_row[12].g_col[12].u_pe |     0.004 |
|     g_row[12].g_col[13].u_pe |     0.004 |
|     g_row[12].g_col[14].u_pe |     0.004 |
|     g_row[12].g_col[15].u_pe |     0.004 |
|     g_row[12].g_col[16].u_pe |     0.004 |
|     g_row[12].g_col[17].u_pe |     0.004 |
|     g_row[12].g_col[18].u_pe |     0.004 |
|     g_row[12].g_col[19].u_pe |     0.004 |
|     g_row[12].g_col[1].u_pe  |     0.004 |
|     g_row[12].g_col[20].u_pe |     0.004 |
|     g_row[12].g_col[21].u_pe |     0.004 |
|     g_row[12].g_col[22].u_pe |     0.004 |
|     g_row[12].g_col[23].u_pe |     0.004 |
|     g_row[12].g_col[24].u_pe |     0.004 |
|     g_row[12].g_col[25].u_pe |     0.004 |
|     g_row[12].g_col[26].u_pe |     0.004 |
|     g_row[12].g_col[27].u_pe |     0.004 |
|     g_row[12].g_col[28].u_pe |     0.004 |
|     g_row[12].g_col[29].u_pe |     0.004 |
|     g_row[12].g_col[2].u_pe  |     0.004 |
|     g_row[12].g_col[30].u_pe |     0.004 |
|     g_row[12].g_col[31].u_pe |     0.004 |
|     g_row[12].g_col[32].u_pe |     0.004 |
|     g_row[12].g_col[33].u_pe |     0.004 |
|     g_row[12].g_col[34].u_pe |     0.004 |
|     g_row[12].g_col[35].u_pe |     0.004 |
|     g_row[12].g_col[36].u_pe |     0.004 |
|     g_row[12].g_col[37].u_pe |     0.004 |
|     g_row[12].g_col[38].u_pe |     0.004 |
|     g_row[12].g_col[39].u_pe |     0.004 |
|     g_row[12].g_col[3].u_pe  |     0.004 |
|     g_row[12].g_col[40].u_pe |     0.004 |
|     g_row[12].g_col[41].u_pe |     0.004 |
|     g_row[12].g_col[42].u_pe |     0.004 |
|     g_row[12].g_col[43].u_pe |     0.004 |
|     g_row[12].g_col[44].u_pe |     0.004 |
|     g_row[12].g_col[45].u_pe |     0.004 |
|     g_row[12].g_col[46].u_pe |     0.004 |
|     g_row[12].g_col[47].u_pe |     0.004 |
|     g_row[12].g_col[4].u_pe  |     0.004 |
|     g_row[12].g_col[5].u_pe  |     0.004 |
|     g_row[12].g_col[6].u_pe  |     0.004 |
|     g_row[12].g_col[7].u_pe  |     0.004 |
|     g_row[12].g_col[8].u_pe  |     0.004 |
|     g_row[12].g_col[9].u_pe  |     0.004 |
|     g_row[13].g_col[0].u_pe  |     0.004 |
|     g_row[13].g_col[10].u_pe |     0.004 |
|     g_row[13].g_col[11].u_pe |     0.004 |
|     g_row[13].g_col[12].u_pe |     0.004 |
|     g_row[13].g_col[13].u_pe |     0.004 |
|     g_row[13].g_col[14].u_pe |     0.004 |
|     g_row[13].g_col[15].u_pe |     0.004 |
|     g_row[13].g_col[16].u_pe |     0.004 |
|     g_row[13].g_col[17].u_pe |     0.004 |
|     g_row[13].g_col[18].u_pe |     0.004 |
|     g_row[13].g_col[19].u_pe |     0.004 |
|     g_row[13].g_col[1].u_pe  |     0.004 |
|     g_row[13].g_col[20].u_pe |     0.004 |
|     g_row[13].g_col[21].u_pe |     0.004 |
|     g_row[13].g_col[22].u_pe |     0.004 |
|     g_row[13].g_col[23].u_pe |     0.004 |
|     g_row[13].g_col[24].u_pe |     0.004 |
|     g_row[13].g_col[25].u_pe |     0.004 |
|     g_row[13].g_col[26].u_pe |     0.004 |
|     g_row[13].g_col[27].u_pe |     0.004 |
|     g_row[13].g_col[28].u_pe |     0.004 |
|     g_row[13].g_col[29].u_pe |     0.004 |
|     g_row[13].g_col[2].u_pe  |     0.004 |
|     g_row[13].g_col[30].u_pe |     0.004 |
|     g_row[13].g_col[31].u_pe |     0.004 |
|     g_row[13].g_col[32].u_pe |     0.004 |
|     g_row[13].g_col[33].u_pe |     0.004 |
|     g_row[13].g_col[34].u_pe |     0.004 |
|     g_row[13].g_col[35].u_pe |     0.004 |
|     g_row[13].g_col[36].u_pe |     0.004 |
|     g_row[13].g_col[37].u_pe |     0.004 |
|     g_row[13].g_col[38].u_pe |     0.004 |
|     g_row[13].g_col[39].u_pe |     0.004 |
|     g_row[13].g_col[3].u_pe  |     0.004 |
|     g_row[13].g_col[40].u_pe |     0.004 |
|     g_row[13].g_col[41].u_pe |     0.004 |
|     g_row[13].g_col[42].u_pe |     0.004 |
|     g_row[13].g_col[43].u_pe |     0.004 |
|     g_row[13].g_col[44].u_pe |     0.004 |
|     g_row[13].g_col[45].u_pe |     0.004 |
|     g_row[13].g_col[46].u_pe |     0.004 |
|     g_row[13].g_col[47].u_pe |     0.004 |
|     g_row[13].g_col[4].u_pe  |     0.004 |
|     g_row[13].g_col[5].u_pe  |     0.004 |
|     g_row[13].g_col[6].u_pe  |     0.004 |
|     g_row[13].g_col[7].u_pe  |     0.004 |
|     g_row[13].g_col[8].u_pe  |     0.004 |
|     g_row[13].g_col[9].u_pe  |     0.004 |
|     g_row[14].g_col[0].u_pe  |     0.004 |
|     g_row[14].g_col[10].u_pe |     0.004 |
|     g_row[14].g_col[11].u_pe |     0.004 |
|     g_row[14].g_col[12].u_pe |     0.004 |
|     g_row[14].g_col[13].u_pe |     0.004 |
|     g_row[14].g_col[14].u_pe |     0.004 |
|     g_row[14].g_col[15].u_pe |     0.004 |
|     g_row[14].g_col[16].u_pe |     0.004 |
|     g_row[14].g_col[17].u_pe |     0.004 |
|     g_row[14].g_col[18].u_pe |     0.004 |
|     g_row[14].g_col[19].u_pe |     0.004 |
|     g_row[14].g_col[1].u_pe  |     0.004 |
|     g_row[14].g_col[20].u_pe |     0.004 |
|     g_row[14].g_col[21].u_pe |     0.004 |
|     g_row[14].g_col[22].u_pe |     0.004 |
|     g_row[14].g_col[23].u_pe |     0.004 |
|     g_row[14].g_col[24].u_pe |     0.004 |
|     g_row[14].g_col[25].u_pe |     0.004 |
|     g_row[14].g_col[26].u_pe |     0.004 |
|     g_row[14].g_col[27].u_pe |     0.004 |
|     g_row[14].g_col[28].u_pe |     0.004 |
|     g_row[14].g_col[29].u_pe |     0.004 |
|     g_row[14].g_col[2].u_pe  |     0.004 |
|     g_row[14].g_col[30].u_pe |     0.004 |
|     g_row[14].g_col[31].u_pe |     0.004 |
|     g_row[14].g_col[32].u_pe |     0.004 |
|     g_row[14].g_col[33].u_pe |     0.004 |
|     g_row[14].g_col[34].u_pe |     0.004 |
|     g_row[14].g_col[35].u_pe |     0.004 |
|     g_row[14].g_col[36].u_pe |     0.004 |
|     g_row[14].g_col[37].u_pe |     0.004 |
|     g_row[14].g_col[38].u_pe |     0.004 |
|     g_row[14].g_col[39].u_pe |     0.004 |
|     g_row[14].g_col[3].u_pe  |     0.004 |
|     g_row[14].g_col[40].u_pe |     0.004 |
|     g_row[14].g_col[41].u_pe |     0.004 |
|     g_row[14].g_col[42].u_pe |     0.004 |
|     g_row[14].g_col[43].u_pe |     0.004 |
|     g_row[14].g_col[44].u_pe |     0.004 |
|     g_row[14].g_col[45].u_pe |     0.004 |
|     g_row[14].g_col[46].u_pe |     0.004 |
|     g_row[14].g_col[47].u_pe |     0.004 |
|     g_row[14].g_col[4].u_pe  |     0.004 |
|     g_row[14].g_col[5].u_pe  |     0.004 |
|     g_row[14].g_col[6].u_pe  |     0.004 |
|     g_row[14].g_col[7].u_pe  |     0.004 |
|     g_row[14].g_col[8].u_pe  |     0.004 |
|     g_row[14].g_col[9].u_pe  |     0.004 |
|     g_row[15].g_col[0].u_pe  |     0.004 |
|     g_row[15].g_col[10].u_pe |     0.004 |
|     g_row[15].g_col[11].u_pe |     0.004 |
|     g_row[15].g_col[12].u_pe |     0.004 |
|     g_row[15].g_col[13].u_pe |     0.004 |
|     g_row[15].g_col[14].u_pe |     0.004 |
|     g_row[15].g_col[15].u_pe |     0.004 |
|     g_row[15].g_col[16].u_pe |     0.004 |
|     g_row[15].g_col[17].u_pe |     0.004 |
|     g_row[15].g_col[18].u_pe |     0.004 |
|     g_row[15].g_col[19].u_pe |     0.004 |
|     g_row[15].g_col[1].u_pe  |     0.004 |
|     g_row[15].g_col[20].u_pe |     0.004 |
|     g_row[15].g_col[21].u_pe |     0.004 |
|     g_row[15].g_col[22].u_pe |     0.004 |
|     g_row[15].g_col[23].u_pe |     0.004 |
|     g_row[15].g_col[24].u_pe |     0.004 |
|     g_row[15].g_col[25].u_pe |     0.004 |
|     g_row[15].g_col[26].u_pe |     0.004 |
|     g_row[15].g_col[27].u_pe |     0.004 |
|     g_row[15].g_col[28].u_pe |     0.004 |
|     g_row[15].g_col[29].u_pe |     0.004 |
|     g_row[15].g_col[2].u_pe  |     0.004 |
|     g_row[15].g_col[30].u_pe |     0.004 |
|     g_row[15].g_col[31].u_pe |     0.004 |
|     g_row[15].g_col[32].u_pe |     0.004 |
|     g_row[15].g_col[33].u_pe |     0.004 |
|     g_row[15].g_col[34].u_pe |     0.004 |
|     g_row[15].g_col[35].u_pe |     0.004 |
|     g_row[15].g_col[36].u_pe |     0.004 |
|     g_row[15].g_col[37].u_pe |     0.004 |
|     g_row[15].g_col[38].u_pe |     0.004 |
|     g_row[15].g_col[39].u_pe |     0.004 |
|     g_row[15].g_col[3].u_pe  |     0.004 |
|     g_row[15].g_col[40].u_pe |     0.004 |
|     g_row[15].g_col[41].u_pe |     0.004 |
|     g_row[15].g_col[42].u_pe |     0.004 |
|     g_row[15].g_col[43].u_pe |     0.004 |
|     g_row[15].g_col[44].u_pe |     0.004 |
|     g_row[15].g_col[45].u_pe |     0.004 |
|     g_row[15].g_col[46].u_pe |     0.004 |
|     g_row[15].g_col[47].u_pe |     0.004 |
|     g_row[15].g_col[4].u_pe  |     0.004 |
|     g_row[15].g_col[5].u_pe  |     0.004 |
|     g_row[15].g_col[6].u_pe  |     0.004 |
|     g_row[15].g_col[7].u_pe  |     0.004 |
|     g_row[15].g_col[8].u_pe  |     0.004 |
|     g_row[15].g_col[9].u_pe  |     0.004 |
|     g_row[1].g_col[0].u_pe   |     0.004 |
|     g_row[1].g_col[10].u_pe  |     0.004 |
|     g_row[1].g_col[11].u_pe  |     0.004 |
|     g_row[1].g_col[12].u_pe  |     0.004 |
|     g_row[1].g_col[13].u_pe  |     0.004 |
|     g_row[1].g_col[14].u_pe  |     0.004 |
|     g_row[1].g_col[15].u_pe  |     0.004 |
|     g_row[1].g_col[16].u_pe  |     0.004 |
|     g_row[1].g_col[17].u_pe  |     0.004 |
|     g_row[1].g_col[18].u_pe  |     0.004 |
|     g_row[1].g_col[19].u_pe  |     0.004 |
|     g_row[1].g_col[1].u_pe   |     0.004 |
|     g_row[1].g_col[20].u_pe  |     0.004 |
|     g_row[1].g_col[21].u_pe  |     0.004 |
|     g_row[1].g_col[22].u_pe  |     0.004 |
|     g_row[1].g_col[23].u_pe  |     0.004 |
|     g_row[1].g_col[24].u_pe  |     0.004 |
|     g_row[1].g_col[25].u_pe  |     0.004 |
|     g_row[1].g_col[26].u_pe  |     0.004 |
|     g_row[1].g_col[27].u_pe  |     0.004 |
|     g_row[1].g_col[28].u_pe  |     0.004 |
|     g_row[1].g_col[29].u_pe  |     0.004 |
|     g_row[1].g_col[2].u_pe   |     0.004 |
|     g_row[1].g_col[30].u_pe  |     0.004 |
|     g_row[1].g_col[31].u_pe  |     0.004 |
|     g_row[1].g_col[32].u_pe  |     0.004 |
|     g_row[1].g_col[33].u_pe  |     0.004 |
|     g_row[1].g_col[34].u_pe  |     0.004 |
|     g_row[1].g_col[35].u_pe  |     0.004 |
|     g_row[1].g_col[36].u_pe  |     0.004 |
|     g_row[1].g_col[37].u_pe  |     0.004 |
|     g_row[1].g_col[38].u_pe  |     0.004 |
|     g_row[1].g_col[39].u_pe  |     0.004 |
|     g_row[1].g_col[3].u_pe   |     0.004 |
|     g_row[1].g_col[40].u_pe  |     0.004 |
|     g_row[1].g_col[41].u_pe  |     0.004 |
|     g_row[1].g_col[42].u_pe  |     0.004 |
|     g_row[1].g_col[43].u_pe  |     0.004 |
|     g_row[1].g_col[44].u_pe  |     0.004 |
|     g_row[1].g_col[45].u_pe  |     0.004 |
|     g_row[1].g_col[46].u_pe  |     0.004 |
|     g_row[1].g_col[47].u_pe  |     0.004 |
|     g_row[1].g_col[4].u_pe   |     0.004 |
|     g_row[1].g_col[5].u_pe   |     0.004 |
|     g_row[1].g_col[6].u_pe   |     0.004 |
|     g_row[1].g_col[7].u_pe   |     0.004 |
|     g_row[1].g_col[8].u_pe   |     0.004 |
|     g_row[1].g_col[9].u_pe   |     0.004 |
|     g_row[2].g_col[0].u_pe   |     0.004 |
|     g_row[2].g_col[10].u_pe  |     0.004 |
|     g_row[2].g_col[11].u_pe  |     0.004 |
|     g_row[2].g_col[12].u_pe  |     0.004 |
|     g_row[2].g_col[13].u_pe  |     0.004 |
|     g_row[2].g_col[14].u_pe  |     0.004 |
|     g_row[2].g_col[15].u_pe  |     0.004 |
|     g_row[2].g_col[16].u_pe  |     0.004 |
|     g_row[2].g_col[17].u_pe  |     0.004 |
|     g_row[2].g_col[18].u_pe  |     0.004 |
|     g_row[2].g_col[19].u_pe  |     0.004 |
|     g_row[2].g_col[1].u_pe   |     0.004 |
|     g_row[2].g_col[20].u_pe  |     0.004 |
|     g_row[2].g_col[21].u_pe  |     0.004 |
|     g_row[2].g_col[22].u_pe  |     0.004 |
|     g_row[2].g_col[23].u_pe  |     0.004 |
|     g_row[2].g_col[24].u_pe  |     0.004 |
|     g_row[2].g_col[25].u_pe  |     0.004 |
|     g_row[2].g_col[26].u_pe  |     0.004 |
|     g_row[2].g_col[27].u_pe  |     0.004 |
|     g_row[2].g_col[28].u_pe  |     0.004 |
|     g_row[2].g_col[29].u_pe  |     0.004 |
|     g_row[2].g_col[2].u_pe   |     0.004 |
|     g_row[2].g_col[30].u_pe  |     0.004 |
|     g_row[2].g_col[31].u_pe  |     0.004 |
|     g_row[2].g_col[32].u_pe  |     0.004 |
|     g_row[2].g_col[33].u_pe  |     0.004 |
|     g_row[2].g_col[34].u_pe  |     0.004 |
|     g_row[2].g_col[35].u_pe  |     0.004 |
|     g_row[2].g_col[36].u_pe  |     0.004 |
|     g_row[2].g_col[37].u_pe  |     0.004 |
|     g_row[2].g_col[38].u_pe  |     0.004 |
|     g_row[2].g_col[39].u_pe  |     0.004 |
|     g_row[2].g_col[3].u_pe   |     0.004 |
|     g_row[2].g_col[40].u_pe  |     0.004 |
|     g_row[2].g_col[41].u_pe  |     0.004 |
|     g_row[2].g_col[42].u_pe  |     0.004 |
|     g_row[2].g_col[43].u_pe  |     0.004 |
|     g_row[2].g_col[44].u_pe  |     0.004 |
|     g_row[2].g_col[45].u_pe  |     0.004 |
|     g_row[2].g_col[46].u_pe  |     0.004 |
|     g_row[2].g_col[47].u_pe  |     0.004 |
|     g_row[2].g_col[4].u_pe   |     0.004 |
|     g_row[2].g_col[5].u_pe   |     0.004 |
|     g_row[2].g_col[6].u_pe   |     0.004 |
|     g_row[2].g_col[7].u_pe   |     0.004 |
|     g_row[2].g_col[8].u_pe   |     0.004 |
|     g_row[2].g_col[9].u_pe   |     0.004 |
|     g_row[3].g_col[0].u_pe   |     0.004 |
|     g_row[3].g_col[10].u_pe  |     0.004 |
|     g_row[3].g_col[11].u_pe  |     0.004 |
|     g_row[3].g_col[12].u_pe  |     0.004 |
|     g_row[3].g_col[13].u_pe  |     0.004 |
|     g_row[3].g_col[14].u_pe  |     0.004 |
|     g_row[3].g_col[15].u_pe  |     0.004 |
|     g_row[3].g_col[16].u_pe  |     0.004 |
|     g_row[3].g_col[17].u_pe  |     0.004 |
|     g_row[3].g_col[18].u_pe  |     0.004 |
|     g_row[3].g_col[19].u_pe  |     0.004 |
|     g_row[3].g_col[1].u_pe   |     0.004 |
|     g_row[3].g_col[20].u_pe  |     0.004 |
|     g_row[3].g_col[21].u_pe  |     0.004 |
|     g_row[3].g_col[22].u_pe  |     0.004 |
|     g_row[3].g_col[23].u_pe  |     0.004 |
|     g_row[3].g_col[24].u_pe  |     0.004 |
|     g_row[3].g_col[25].u_pe  |     0.004 |
|     g_row[3].g_col[26].u_pe  |     0.004 |
|     g_row[3].g_col[27].u_pe  |     0.004 |
|     g_row[3].g_col[28].u_pe  |     0.004 |
|     g_row[3].g_col[29].u_pe  |     0.004 |
|     g_row[3].g_col[2].u_pe   |     0.004 |
|     g_row[3].g_col[30].u_pe  |     0.004 |
|     g_row[3].g_col[31].u_pe  |     0.004 |
|     g_row[3].g_col[32].u_pe  |     0.004 |
|     g_row[3].g_col[33].u_pe  |     0.004 |
|     g_row[3].g_col[34].u_pe  |     0.004 |
|     g_row[3].g_col[35].u_pe  |     0.004 |
|     g_row[3].g_col[36].u_pe  |     0.004 |
|     g_row[3].g_col[37].u_pe  |     0.004 |
|     g_row[3].g_col[38].u_pe  |     0.004 |
|     g_row[3].g_col[39].u_pe  |     0.004 |
|     g_row[3].g_col[3].u_pe   |     0.004 |
|     g_row[3].g_col[40].u_pe  |     0.004 |
|     g_row[3].g_col[41].u_pe  |     0.004 |
|     g_row[3].g_col[42].u_pe  |     0.004 |
|     g_row[3].g_col[43].u_pe  |     0.004 |
|     g_row[3].g_col[44].u_pe  |     0.004 |
|     g_row[3].g_col[45].u_pe  |     0.004 |
|     g_row[3].g_col[46].u_pe  |     0.004 |
|     g_row[3].g_col[47].u_pe  |     0.004 |
|     g_row[3].g_col[4].u_pe   |     0.004 |
|     g_row[3].g_col[5].u_pe   |     0.004 |
|     g_row[3].g_col[6].u_pe   |     0.004 |
|     g_row[3].g_col[7].u_pe   |     0.004 |
|     g_row[3].g_col[8].u_pe   |     0.004 |
|     g_row[3].g_col[9].u_pe   |     0.004 |
|     g_row[4].g_col[0].u_pe   |     0.004 |
|     g_row[4].g_col[10].u_pe  |     0.004 |
|     g_row[4].g_col[11].u_pe  |     0.004 |
|     g_row[4].g_col[12].u_pe  |     0.004 |
|     g_row[4].g_col[13].u_pe  |     0.004 |
|     g_row[4].g_col[14].u_pe  |     0.004 |
|     g_row[4].g_col[15].u_pe  |     0.004 |
|     g_row[4].g_col[16].u_pe  |     0.004 |
|     g_row[4].g_col[17].u_pe  |     0.004 |
|     g_row[4].g_col[18].u_pe  |     0.004 |
|     g_row[4].g_col[19].u_pe  |     0.004 |
|     g_row[4].g_col[1].u_pe   |     0.004 |
|     g_row[4].g_col[20].u_pe  |     0.004 |
|     g_row[4].g_col[21].u_pe  |     0.004 |
|     g_row[4].g_col[22].u_pe  |     0.004 |
|     g_row[4].g_col[23].u_pe  |     0.004 |
|     g_row[4].g_col[24].u_pe  |     0.004 |
|     g_row[4].g_col[25].u_pe  |     0.004 |
|     g_row[4].g_col[26].u_pe  |     0.004 |
|     g_row[4].g_col[27].u_pe  |     0.004 |
|     g_row[4].g_col[28].u_pe  |     0.004 |
|     g_row[4].g_col[29].u_pe  |     0.004 |
|     g_row[4].g_col[2].u_pe   |     0.004 |
|     g_row[4].g_col[30].u_pe  |     0.004 |
|     g_row[4].g_col[31].u_pe  |     0.004 |
|     g_row[4].g_col[32].u_pe  |     0.004 |
|     g_row[4].g_col[33].u_pe  |     0.004 |
|     g_row[4].g_col[34].u_pe  |     0.004 |
|     g_row[4].g_col[35].u_pe  |     0.004 |
|     g_row[4].g_col[36].u_pe  |     0.004 |
|     g_row[4].g_col[37].u_pe  |     0.004 |
|     g_row[4].g_col[38].u_pe  |     0.004 |
|     g_row[4].g_col[39].u_pe  |     0.004 |
|     g_row[4].g_col[3].u_pe   |     0.004 |
|     g_row[4].g_col[40].u_pe  |     0.004 |
|     g_row[4].g_col[41].u_pe  |     0.004 |
|     g_row[4].g_col[42].u_pe  |     0.004 |
|     g_row[4].g_col[43].u_pe  |     0.004 |
|     g_row[4].g_col[44].u_pe  |     0.004 |
|     g_row[4].g_col[45].u_pe  |     0.004 |
|     g_row[4].g_col[46].u_pe  |     0.004 |
|     g_row[4].g_col[47].u_pe  |     0.004 |
|     g_row[4].g_col[4].u_pe   |     0.004 |
|     g_row[4].g_col[5].u_pe   |     0.004 |
|     g_row[4].g_col[6].u_pe   |     0.004 |
|     g_row[4].g_col[7].u_pe   |     0.004 |
|     g_row[4].g_col[8].u_pe   |     0.004 |
|     g_row[4].g_col[9].u_pe   |     0.004 |
|     g_row[5].g_col[0].u_pe   |     0.004 |
|     g_row[5].g_col[10].u_pe  |     0.004 |
|     g_row[5].g_col[11].u_pe  |     0.004 |
|     g_row[5].g_col[12].u_pe  |     0.004 |
|     g_row[5].g_col[13].u_pe  |     0.004 |
|     g_row[5].g_col[14].u_pe  |     0.004 |
|     g_row[5].g_col[15].u_pe  |     0.004 |
|     g_row[5].g_col[16].u_pe  |     0.004 |
|     g_row[5].g_col[17].u_pe  |     0.004 |
|     g_row[5].g_col[18].u_pe  |     0.004 |
|     g_row[5].g_col[19].u_pe  |     0.004 |
|     g_row[5].g_col[1].u_pe   |     0.004 |
|     g_row[5].g_col[20].u_pe  |     0.004 |
|     g_row[5].g_col[21].u_pe  |     0.004 |
|     g_row[5].g_col[22].u_pe  |     0.004 |
|     g_row[5].g_col[23].u_pe  |     0.004 |
|     g_row[5].g_col[24].u_pe  |     0.004 |
|     g_row[5].g_col[25].u_pe  |     0.004 |
|     g_row[5].g_col[26].u_pe  |     0.004 |
|     g_row[5].g_col[27].u_pe  |     0.004 |
|     g_row[5].g_col[28].u_pe  |     0.004 |
|     g_row[5].g_col[29].u_pe  |     0.004 |
|     g_row[5].g_col[2].u_pe   |     0.004 |
|     g_row[5].g_col[30].u_pe  |     0.004 |
|     g_row[5].g_col[31].u_pe  |     0.004 |
|     g_row[5].g_col[32].u_pe  |     0.004 |
|     g_row[5].g_col[33].u_pe  |     0.004 |
|     g_row[5].g_col[34].u_pe  |     0.004 |
|     g_row[5].g_col[35].u_pe  |     0.004 |
|     g_row[5].g_col[36].u_pe  |     0.004 |
|     g_row[5].g_col[37].u_pe  |     0.004 |
|     g_row[5].g_col[38].u_pe  |     0.004 |
|     g_row[5].g_col[39].u_pe  |     0.004 |
|     g_row[5].g_col[3].u_pe   |     0.004 |
|     g_row[5].g_col[40].u_pe  |     0.004 |
|     g_row[5].g_col[41].u_pe  |     0.004 |
|     g_row[5].g_col[42].u_pe  |     0.004 |
|     g_row[5].g_col[43].u_pe  |     0.004 |
|     g_row[5].g_col[44].u_pe  |     0.004 |
|     g_row[5].g_col[45].u_pe  |     0.004 |
|     g_row[5].g_col[46].u_pe  |     0.004 |
|     g_row[5].g_col[47].u_pe  |     0.004 |
|     g_row[5].g_col[4].u_pe   |     0.004 |
|     g_row[5].g_col[5].u_pe   |     0.004 |
|     g_row[5].g_col[6].u_pe   |     0.004 |
|     g_row[5].g_col[7].u_pe   |     0.004 |
|     g_row[5].g_col[8].u_pe   |     0.004 |
|     g_row[5].g_col[9].u_pe   |     0.004 |
|     g_row[6].g_col[0].u_pe   |     0.004 |
|     g_row[6].g_col[10].u_pe  |     0.004 |
|     g_row[6].g_col[11].u_pe  |     0.004 |
|     g_row[6].g_col[12].u_pe  |     0.004 |
|     g_row[6].g_col[13].u_pe  |     0.004 |
|     g_row[6].g_col[14].u_pe  |     0.004 |
|     g_row[6].g_col[15].u_pe  |     0.004 |
|     g_row[6].g_col[16].u_pe  |     0.004 |
|     g_row[6].g_col[17].u_pe  |     0.004 |
|     g_row[6].g_col[18].u_pe  |     0.004 |
|     g_row[6].g_col[19].u_pe  |     0.004 |
|     g_row[6].g_col[1].u_pe   |     0.004 |
|     g_row[6].g_col[20].u_pe  |     0.004 |
|     g_row[6].g_col[21].u_pe  |     0.004 |
|     g_row[6].g_col[22].u_pe  |     0.004 |
|     g_row[6].g_col[23].u_pe  |     0.004 |
|     g_row[6].g_col[24].u_pe  |     0.004 |
|     g_row[6].g_col[25].u_pe  |     0.004 |
|     g_row[6].g_col[26].u_pe  |     0.004 |
|     g_row[6].g_col[27].u_pe  |     0.004 |
|     g_row[6].g_col[28].u_pe  |     0.004 |
|     g_row[6].g_col[29].u_pe  |     0.004 |
|     g_row[6].g_col[2].u_pe   |     0.004 |
|     g_row[6].g_col[30].u_pe  |     0.004 |
|     g_row[6].g_col[31].u_pe  |     0.004 |
|     g_row[6].g_col[32].u_pe  |     0.004 |
|     g_row[6].g_col[33].u_pe  |     0.004 |
|     g_row[6].g_col[34].u_pe  |     0.004 |
|     g_row[6].g_col[35].u_pe  |     0.004 |
|     g_row[6].g_col[36].u_pe  |     0.004 |
|     g_row[6].g_col[37].u_pe  |     0.004 |
|     g_row[6].g_col[38].u_pe  |     0.004 |
|     g_row[6].g_col[39].u_pe  |     0.004 |
|     g_row[6].g_col[3].u_pe   |     0.004 |
|     g_row[6].g_col[40].u_pe  |     0.004 |
|     g_row[6].g_col[41].u_pe  |     0.004 |
|     g_row[6].g_col[42].u_pe  |     0.004 |
|     g_row[6].g_col[43].u_pe  |     0.004 |
|     g_row[6].g_col[44].u_pe  |     0.004 |
|     g_row[6].g_col[45].u_pe  |     0.004 |
|     g_row[6].g_col[46].u_pe  |     0.004 |
|     g_row[6].g_col[47].u_pe  |     0.004 |
|     g_row[6].g_col[4].u_pe   |     0.004 |
|     g_row[6].g_col[5].u_pe   |     0.004 |
|     g_row[6].g_col[6].u_pe   |     0.004 |
|     g_row[6].g_col[7].u_pe   |     0.004 |
|     g_row[6].g_col[8].u_pe   |     0.004 |
|     g_row[6].g_col[9].u_pe   |     0.004 |
|     g_row[7].g_col[0].u_pe   |     0.004 |
|     g_row[7].g_col[10].u_pe  |     0.004 |
|     g_row[7].g_col[11].u_pe  |     0.004 |
|     g_row[7].g_col[12].u_pe  |     0.004 |
|     g_row[7].g_col[13].u_pe  |     0.004 |
|     g_row[7].g_col[14].u_pe  |     0.004 |
|     g_row[7].g_col[15].u_pe  |     0.004 |
|     g_row[7].g_col[16].u_pe  |     0.004 |
|     g_row[7].g_col[17].u_pe  |     0.004 |
|     g_row[7].g_col[18].u_pe  |     0.004 |
|     g_row[7].g_col[19].u_pe  |     0.004 |
|     g_row[7].g_col[1].u_pe   |     0.004 |
|     g_row[7].g_col[20].u_pe  |     0.004 |
|     g_row[7].g_col[21].u_pe  |     0.004 |
|     g_row[7].g_col[22].u_pe  |     0.004 |
|     g_row[7].g_col[23].u_pe  |     0.004 |
|     g_row[7].g_col[24].u_pe  |     0.004 |
|     g_row[7].g_col[25].u_pe  |     0.004 |
|     g_row[7].g_col[26].u_pe  |     0.004 |
|     g_row[7].g_col[27].u_pe  |     0.004 |
|     g_row[7].g_col[28].u_pe  |     0.004 |
|     g_row[7].g_col[29].u_pe  |     0.004 |
|     g_row[7].g_col[2].u_pe   |     0.004 |
|     g_row[7].g_col[30].u_pe  |     0.004 |
|     g_row[7].g_col[31].u_pe  |     0.004 |
|     g_row[7].g_col[32].u_pe  |     0.004 |
|     g_row[7].g_col[33].u_pe  |     0.004 |
|     g_row[7].g_col[34].u_pe  |     0.004 |
|     g_row[7].g_col[35].u_pe  |     0.004 |
|     g_row[7].g_col[36].u_pe  |     0.004 |
|     g_row[7].g_col[37].u_pe  |     0.004 |
|     g_row[7].g_col[38].u_pe  |     0.004 |
|     g_row[7].g_col[39].u_pe  |     0.004 |
|     g_row[7].g_col[3].u_pe   |     0.004 |
|     g_row[7].g_col[40].u_pe  |     0.004 |
|     g_row[7].g_col[41].u_pe  |     0.004 |
|     g_row[7].g_col[42].u_pe  |     0.004 |
|     g_row[7].g_col[43].u_pe  |     0.004 |
|     g_row[7].g_col[44].u_pe  |     0.004 |
|     g_row[7].g_col[45].u_pe  |     0.004 |
|     g_row[7].g_col[46].u_pe  |     0.004 |
|     g_row[7].g_col[47].u_pe  |     0.004 |
|     g_row[7].g_col[4].u_pe   |     0.004 |
|     g_row[7].g_col[5].u_pe   |     0.004 |
|     g_row[7].g_col[6].u_pe   |     0.004 |
|     g_row[7].g_col[7].u_pe   |     0.004 |
|     g_row[7].g_col[8].u_pe   |     0.004 |
|     g_row[7].g_col[9].u_pe   |     0.004 |
|     g_row[8].g_col[0].u_pe   |     0.004 |
|     g_row[8].g_col[10].u_pe  |     0.004 |
|     g_row[8].g_col[11].u_pe  |     0.004 |
|     g_row[8].g_col[12].u_pe  |     0.004 |
|     g_row[8].g_col[13].u_pe  |     0.004 |
|     g_row[8].g_col[14].u_pe  |     0.004 |
|     g_row[8].g_col[15].u_pe  |     0.004 |
|     g_row[8].g_col[16].u_pe  |     0.004 |
|     g_row[8].g_col[17].u_pe  |     0.004 |
|     g_row[8].g_col[18].u_pe  |     0.004 |
|     g_row[8].g_col[19].u_pe  |     0.004 |
|     g_row[8].g_col[1].u_pe   |     0.004 |
|     g_row[8].g_col[20].u_pe  |     0.004 |
|     g_row[8].g_col[21].u_pe  |     0.004 |
|     g_row[8].g_col[22].u_pe  |     0.004 |
|     g_row[8].g_col[23].u_pe  |     0.004 |
|     g_row[8].g_col[24].u_pe  |     0.004 |
|     g_row[8].g_col[25].u_pe  |     0.004 |
|     g_row[8].g_col[26].u_pe  |     0.004 |
|     g_row[8].g_col[27].u_pe  |     0.004 |
|     g_row[8].g_col[28].u_pe  |     0.004 |
|     g_row[8].g_col[29].u_pe  |     0.004 |
|     g_row[8].g_col[2].u_pe   |     0.004 |
|     g_row[8].g_col[30].u_pe  |     0.004 |
|     g_row[8].g_col[31].u_pe  |     0.004 |
|     g_row[8].g_col[32].u_pe  |     0.004 |
|     g_row[8].g_col[33].u_pe  |     0.004 |
|     g_row[8].g_col[34].u_pe  |     0.004 |
|     g_row[8].g_col[35].u_pe  |     0.004 |
|     g_row[8].g_col[36].u_pe  |     0.004 |
|     g_row[8].g_col[37].u_pe  |     0.004 |
|     g_row[8].g_col[38].u_pe  |     0.004 |
|     g_row[8].g_col[39].u_pe  |     0.004 |
|     g_row[8].g_col[3].u_pe   |     0.004 |
|     g_row[8].g_col[40].u_pe  |     0.004 |
|     g_row[8].g_col[41].u_pe  |     0.004 |
|     g_row[8].g_col[42].u_pe  |     0.004 |
|     g_row[8].g_col[43].u_pe  |     0.004 |
|     g_row[8].g_col[44].u_pe  |     0.004 |
|     g_row[8].g_col[45].u_pe  |     0.004 |
|     g_row[8].g_col[46].u_pe  |     0.004 |
|     g_row[8].g_col[47].u_pe  |     0.004 |
|     g_row[8].g_col[4].u_pe   |     0.004 |
|     g_row[8].g_col[5].u_pe   |     0.004 |
|     g_row[8].g_col[6].u_pe   |     0.004 |
|     g_row[8].g_col[7].u_pe   |     0.004 |
|     g_row[8].g_col[8].u_pe   |     0.004 |
|     g_row[8].g_col[9].u_pe   |     0.004 |
|     g_row[9].g_col[0].u_pe   |     0.004 |
|     g_row[9].g_col[10].u_pe  |     0.004 |
|     g_row[9].g_col[11].u_pe  |     0.004 |
|     g_row[9].g_col[12].u_pe  |     0.004 |
|     g_row[9].g_col[13].u_pe  |     0.004 |
|     g_row[9].g_col[14].u_pe  |     0.004 |
|     g_row[9].g_col[15].u_pe  |     0.004 |
|     g_row[9].g_col[16].u_pe  |     0.004 |
|     g_row[9].g_col[17].u_pe  |     0.004 |
|     g_row[9].g_col[18].u_pe  |     0.004 |
|     g_row[9].g_col[19].u_pe  |     0.004 |
|     g_row[9].g_col[1].u_pe   |     0.004 |
|     g_row[9].g_col[20].u_pe  |     0.004 |
|     g_row[9].g_col[21].u_pe  |     0.004 |
|     g_row[9].g_col[22].u_pe  |     0.004 |
|     g_row[9].g_col[23].u_pe  |     0.004 |
|     g_row[9].g_col[24].u_pe  |     0.004 |
|     g_row[9].g_col[25].u_pe  |     0.004 |
|     g_row[9].g_col[26].u_pe  |     0.004 |
|     g_row[9].g_col[27].u_pe  |     0.004 |
|     g_row[9].g_col[28].u_pe  |     0.004 |
|     g_row[9].g_col[29].u_pe  |     0.004 |
|     g_row[9].g_col[2].u_pe   |     0.004 |
|     g_row[9].g_col[30].u_pe  |     0.004 |
|     g_row[9].g_col[31].u_pe  |     0.004 |
|     g_row[9].g_col[32].u_pe  |     0.004 |
|     g_row[9].g_col[33].u_pe  |     0.004 |
|     g_row[9].g_col[34].u_pe  |     0.004 |
|     g_row[9].g_col[35].u_pe  |     0.004 |
|     g_row[9].g_col[36].u_pe  |     0.004 |
|     g_row[9].g_col[37].u_pe  |     0.004 |
|     g_row[9].g_col[38].u_pe  |     0.004 |
|     g_row[9].g_col[39].u_pe  |     0.004 |
|     g_row[9].g_col[3].u_pe   |     0.004 |
|     g_row[9].g_col[40].u_pe  |     0.004 |
|     g_row[9].g_col[41].u_pe  |     0.004 |
|     g_row[9].g_col[42].u_pe  |     0.004 |
|     g_row[9].g_col[43].u_pe  |     0.004 |
|     g_row[9].g_col[44].u_pe  |     0.004 |
|     g_row[9].g_col[45].u_pe  |     0.004 |
|     g_row[9].g_col[46].u_pe  |     0.004 |
|     g_row[9].g_col[47].u_pe  |     0.004 |
|     g_row[9].g_col[4].u_pe   |     0.004 |
|     g_row[9].g_col[5].u_pe   |     0.004 |
|     g_row[9].g_col[6].u_pe   |     0.004 |
|     g_row[9].g_col[7].u_pe   |     0.004 |
|     g_row[9].g_col[8].u_pe   |     0.004 |
|     g_row[9].g_col[9].u_pe   |     0.004 |
+------------------------------+-----------+


