Copyright 1986-2021 Xilinx, Inc. All Rights Reserved.
-----------------------------------------------------------------------------------------
| Tool Version      : Vivado v.2021.2 (win64) Build 3367213 Tue Oct 19 02:48:09 MDT 2021
| Date              : Wed Sep 16 07:17:56 2026
| Host              : nc23 running 64-bit major release  (build 9200)
| Command           : report_timing_summary -file synth_timing.rpt
| Design            : tvla_complete_model_package_top
| Device            : xczu7ev-ffvc1156
| Speed File        : -2  PRODUCTION 1.29 08-03-2020
| Temperature Grade : E
-----------------------------------------------------------------------------------------

Timing Summary Report

------------------------------------------------------------------------------------------------
| Timer Settings
| --------------
------------------------------------------------------------------------------------------------

  Enable Multi Corner Analysis               :  Yes
  Enable Pessimism Removal                   :  Yes
  Pessimism Removal Resolution               :  Nearest Common Node
  Enable Input Delay Default Clock           :  No
  Enable Preset / Clear Arcs                 :  No
  Disable Flight Delays                      :  No
  Ignore I/O Paths                           :  No
  Timing Early Launch at Borrowing Latches   :  No
  Borrow Time for Max Delay Exceptions       :  Yes
  Merge Timing Exceptions                    :  Yes

  Corner  Analyze    Analyze    
  Name    Max Paths  Min Paths  
  ------  ---------  ---------  
  Slow    Yes        Yes        
  Fast    Yes        Yes        


------------------------------------------------------------------------------------------------
| Report Methodology
| ------------------
------------------------------------------------------------------------------------------------

No report available as report_methodology has not been run prior. Run report_methodology on the current design for the summary of methodology violations.



check_timing report

Table of Contents
-----------------
1. checking no_clock (0)
2. checking constant_clock (0)
3. checking pulse_width_clock (0)
4. checking unconstrained_internal_endpoints (0)
5. checking no_input_delay (78)
6. checking no_output_delay (101)
7. checking multiple_clock (0)
8. checking generated_clocks (0)
9. checking loops (0)
10. checking partial_input_delay (0)
11. checking partial_output_delay (0)
12. checking latch_loops (0)

1. checking no_clock (0)
------------------------
 There are 0 register/latch pins with no clock.


2. checking constant_clock (0)
------------------------------
 There are 0 register/latch pins with constant_clock.


3. checking pulse_width_clock (0)
---------------------------------
 There are 0 register/latch pins which need pulse_width check


4. checking unconstrained_internal_endpoints (0)
------------------------------------------------
 There are 0 pins that are not constrained for maximum delay.

 There are 0 pins that are not constrained for maximum delay due to constant clock.


5. checking no_input_delay (78)
-------------------------------
 There are 77 input ports with no input delay specified. (HIGH)

 There is 1 input port with no input delay but user has a false path constraint. (MEDIUM)


6. checking no_output_delay (101)
---------------------------------
 There are 101 ports with no output delay specified. (HIGH)

 There are 0 ports with no output delay but user has a false path constraint

 There are 0 ports with no output delay but with a timing clock defined on it or propagating through it


7. checking multiple_clock (0)
------------------------------
 There are 0 register/latch pins with multiple clocks.


8. checking generated_clocks (0)
--------------------------------
 There are 0 generated clocks that are not connected to a clock source.


9. checking loops (0)
---------------------
 There are 0 combinational loops in the design.


10. checking partial_input_delay (0)
------------------------------------
 There are 0 input ports with partial input delay specified.


11. checking partial_output_delay (0)
-------------------------------------
 There are 0 ports with partial output delay specified.


12. checking latch_loops (0)
----------------------------
 There are 0 combinational latch loops in the design through latch input



------------------------------------------------------------------------------------------------
| Design Timing Summary
| ---------------------
------------------------------------------------------------------------------------------------

    WNS(ns)      TNS(ns)  TNS Failing Endpoints  TNS Total Endpoints      WHS(ns)      THS(ns)  THS Failing Endpoints  THS Total Endpoints     WPWS(ns)     TPWS(ns)  TPWS Failing Endpoints  TPWS Total Endpoints  
    -------      -------  ---------------------  -------------------      -------      -------  ---------------------  -------------------     --------     --------  ----------------------  --------------------  
     -0.751     -153.891                    628               407223       -0.195   -39552.875                 383178               407223        1.458        0.000                       0                203585  


Timing constraints are not met.


------------------------------------------------------------------------------------------------
| Clock Summary
| -------------
------------------------------------------------------------------------------------------------

Clock  Waveform(ns)         Period(ns)      Frequency(MHz)
-----  ------------         ----------      --------------
clk    {0.000 2.000}        4.000           250.000         


------------------------------------------------------------------------------------------------
| Intra Clock Table
| -----------------
------------------------------------------------------------------------------------------------

Clock             WNS(ns)      TNS(ns)  TNS Failing Endpoints  TNS Total Endpoints      WHS(ns)      THS(ns)  THS Failing Endpoints  THS Total Endpoints     WPWS(ns)     TPWS(ns)  TPWS Failing Endpoints  TPWS Total Endpoints  
-----             -------      -------  ---------------------  -------------------      -------      -------  ---------------------  -------------------     --------     --------  ----------------------  --------------------  
clk                -0.751     -153.891                    628               407223       -0.195   -39552.875                 383178               407223        1.458        0.000                       0                203585  


------------------------------------------------------------------------------------------------
| Inter Clock Table
| -----------------
------------------------------------------------------------------------------------------------

From Clock    To Clock          WNS(ns)      TNS(ns)  TNS Failing Endpoints  TNS Total Endpoints      WHS(ns)      THS(ns)  THS Failing Endpoints  THS Total Endpoints  
----------    --------          -------      -------  ---------------------  -------------------      -------      -------  ---------------------  -------------------  


------------------------------------------------------------------------------------------------
| Other Path Groups Table
| -----------------------
------------------------------------------------------------------------------------------------

Path Group    From Clock    To Clock          WNS(ns)      TNS(ns)  TNS Failing Endpoints  TNS Total Endpoints      WHS(ns)      THS(ns)  THS Failing Endpoints  THS Total Endpoints  
----------    ----------    --------          -------      -------  ---------------------  -------------------      -------      -------  ---------------------  -------------------  


------------------------------------------------------------------------------------------------
| Timing Details
| --------------
------------------------------------------------------------------------------------------------


---------------------------------------------------------------------------------------------------
From Clock:  clk
  To Clock:  clk

Setup :          628  Failing Endpoints,  Worst Slack       -0.751ns,  Total Violation     -153.891ns
Hold  :       383178  Failing Endpoints,  Worst Slack       -0.195ns,  Total Violation   -39552.877ns
PW    :            0  Failing Endpoints,  Worst Slack        1.458ns,  Total Violation        0.000ns
---------------------------------------------------------------------------------------------------


Max Delay Paths
--------------------------------------------------------------------------------------
Slack (VIOLATED) :        -0.751ns  (required time - arrival time)
  Source:                 u_core/u_sideband_fifo/out_valid_reg/C
                            (rising edge-triggered cell FDCE clocked by clk  {rise@0.000ns fall@2.000ns period=4.000ns})
  Destination:            u_core/u_activation/u_fp16_slot/y_reg[29]/D
                            (rising edge-triggered cell FDCE clocked by clk  {rise@0.000ns fall@2.000ns period=4.000ns})
  Path Group:             clk
  Path Type:              Setup (Max at Slow Process Corner)
  Requirement:            4.000ns  (clk rise@4.000ns - clk rise@0.000ns)
  Data Path Delay:        4.496ns  (logic 2.353ns (52.335%)  route 2.143ns (47.665%))
  Logic Levels:           16  (CARRY8=2 DSP_A_B_DATA=1 DSP_ALU=1 DSP_M_DATA=1 DSP_MULTIPLIER=1 DSP_OUTPUT=1 DSP_PREADD_DATA=1 LUT1=1 LUT3=1 LUT5=2 LUT6=4)
  Clock Path Skew:        -0.145ns (DCD - SCD + CPR)
    Destination Clock Delay (DCD):    2.927ns = ( 6.927 - 4.000 ) 
    Source Clock Delay      (SCD):    3.355ns
    Clock Pessimism Removal (CPR):    0.283ns
  Clock Uncertainty:      0.135ns  ((TSJ^2 + TIJ^2)^1/2 + DJ) / 2 + PE + UU
    Total System Jitter     (TSJ):    0.071ns
    Total Input Jitter      (TIJ):    0.000ns
    Discrete Jitter          (DJ):    0.000ns
    Phase Error              (PE):    0.000ns
    User Uncertainty         (UU):    0.100ns

    Location             Delay type                Incr(ns)  Path(ns)    Netlist Resource(s)
  -------------------------------------------------------------------    -------------------
                         (clock clk rise edge)        0.000     0.000 r  
                                                      0.000     0.000 r  clk (IN)
                         net (fo=0)                   0.000     0.000    clk_IBUF_inst/I
                         INBUF (Prop_INBUF_PAD_O)     0.582     0.582 r  clk_IBUF_inst/INBUF_INST/O
                         net (fo=1, unplaced)         0.000     0.582    clk_IBUF_inst/OUT
                         IBUFCTRL (Prop_IBUFCTRL_I_O)
                                                      0.000     0.582 r  clk_IBUF_inst/IBUFCTRL_INST/O
                         net (fo=1, unplaced)         0.161     0.743    clk_IBUF
                         BUFGCE (Prop_BUFGCE_I_O)     0.028     0.771 r  clk_IBUF_BUFG_inst/O
                         net (fo=207448, unplaced)    2.584     3.355    u_core/u_sideband_fifo/clk_IBUF_BUFG
                         FDCE                                         r  u_core/u_sideband_fifo/out_valid_reg/C
  -------------------------------------------------------------------    -------------------
                         FDCE (Prop_FDCE_C_Q)         0.077     3.432 r  u_core/u_sideband_fifo/out_valid_reg/Q
                         net (fo=208, unplaced)       0.190     3.622    u_core/u_sideband_fifo/sideband_complete
                         LUT3 (Prop_LUT3_I1_O)        0.053     3.675 f  u_core/u_sideband_fifo/p0_r[0]_i_1/O
                         net (fo=38, unplaced)        0.249     3.924    u_core/u_sideband_fifo/out_data_reg[31]_0[0]
                         LUT5 (Prop_LUT5_I3_O)        0.038     3.962 f  u_core/u_sideband_fifo/work1__0_i_16/O
                         net (fo=20, unplaced)        0.272     4.234    u_core/u_activation/u_fp16_slot/work1__10/B[0]
                         DSP_A_B_DATA (Prop_DSP_A_B_DATA_B[0]_B2_DATA[0])
                                                      0.151     4.385 r  u_core/u_activation/u_fp16_slot/work1__10/DSP_A_B_DATA_INST/B2_DATA[0]
                         net (fo=1, unplaced)         0.000     4.385    u_core/u_activation/u_fp16_slot/work1__10/DSP_A_B_DATA.B2_DATA<0>
                         DSP_PREADD_DATA (Prop_DSP_PREADD_DATA_B2_DATA[0]_B2B1[0])
                                                      0.073     4.458 r  u_core/u_activation/u_fp16_slot/work1__10/DSP_PREADD_DATA_INST/B2B1[0]
                         net (fo=1, unplaced)         0.000     4.458    u_core/u_activation/u_fp16_slot/work1__10/DSP_PREADD_DATA.B2B1<0>
                         DSP_MULTIPLIER (Prop_DSP_MULTIPLIER_B2B1[0]_V[23])
                                                      0.609     5.067 f  u_core/u_activation/u_fp16_slot/work1__10/DSP_MULTIPLIER_INST/V[23]
                         net (fo=1, unplaced)         0.000     5.067    u_core/u_activation/u_fp16_slot/work1__10/DSP_MULTIPLIER.V<23>
                         DSP_M_DATA (Prop_DSP_M_DATA_V[23]_V_DATA[23])
                                                      0.046     5.113 r  u_core/u_activation/u_fp16_slot/work1__10/DSP_M_DATA_INST/V_DATA[23]
                         net (fo=1, unplaced)         0.000     5.113    u_core/u_activation/u_fp16_slot/work1__10/DSP_M_DATA.V_DATA<23>
                         DSP_ALU (Prop_DSP_ALU_V_DATA[23]_ALU_OUT[23])
                                                      0.571     5.684 f  u_core/u_activation/u_fp16_slot/work1__10/DSP_ALU_INST/ALU_OUT[23]
                         net (fo=1, unplaced)         0.000     5.684    u_core/u_activation/u_fp16_slot/work1__10/DSP_ALU.ALU_OUT<23>
                         DSP_OUTPUT (Prop_DSP_OUTPUT_ALU_OUT[23]_P[23])
                                                      0.109     5.793 r  u_core/u_activation/u_fp16_slot/work1__10/DSP_OUTPUT_INST/P[23]
                         net (fo=1, unplaced)         0.215     6.008    u_core/u_sideband_fifo/y[31]_i_6_1[12]
                         LUT5 (Prop_LUT5_I1_O)        0.125     6.133 r  u_core/u_sideband_fifo/y[31]_i_11/O
                         net (fo=1, unplaced)         0.098     6.231    u_core/u_sideband_fifo/y[31]_i_11_n_0
                         LUT6 (Prop_LUT6_I1_O)        0.125     6.356 r  u_core/u_sideband_fifo/y[31]_i_4/O
                         net (fo=5, unplaced)         0.203     6.559    u_core/u_sideband_fifo/y[31]_i_4_n_0
                         LUT1 (Prop_LUT1_I0_O)        0.070     6.629 f  u_core/u_sideband_fifo/y[31]_i_23/O
                         net (fo=1, unplaced)         0.260     6.889    u_core/u_sideband_fifo/y[31]_i_23_n_0
                         CARRY8 (Prop_CARRY8_DI[0]_CO[7])
                                                      0.140     7.029 f  u_core/u_sideband_fifo/y_reg[31]_i_5/CO[7]
                         net (fo=1, unplaced)         0.005     7.034    u_core/u_sideband_fifo/y_reg[31]_i_5_n_0
                         CARRY8 (Prop_CARRY8_CI_CO[0])
                                                      0.052     7.086 f  u_core/u_sideband_fifo/y_reg[31]_i_2/CO[0]
                         net (fo=19, unplaced)        0.233     7.319    u_core/u_sideband_fifo/y[31]_i_7_0[0]
                         LUT6 (Prop_LUT6_I0_O)        0.038     7.357 r  u_core/u_sideband_fifo/y[29]_i_16/O
                         net (fo=1, unplaced)         0.185     7.542    u_core/u_sideband_fifo/y[29]_i_16_n_0
                         LUT6 (Prop_LUT6_I5_O)        0.038     7.580 r  u_core/u_sideband_fifo/y[29]_i_5/O
                         net (fo=1, unplaced)         0.185     7.765    u_core/u_sideband_fifo/y[29]_i_5_n_0
                         LUT6 (Prop_LUT6_I5_O)        0.038     7.803 r  u_core/u_sideband_fifo/y[29]_i_1/O
                         net (fo=1, unplaced)         0.048     7.851    u_core/u_activation/u_fp16_slot/y_reg[255]_2[29]
                         FDCE                                         r  u_core/u_activation/u_fp16_slot/y_reg[29]/D
  -------------------------------------------------------------------    -------------------

                         (clock clk rise edge)        4.000     4.000 r  
                                                      0.000     4.000 r  clk (IN)
                         net (fo=0)                   0.000     4.000    clk_IBUF_inst/I
                         INBUF (Prop_INBUF_PAD_O)     0.331     4.331 r  clk_IBUF_inst/INBUF_INST/O
                         net (fo=1, unplaced)         0.000     4.331    clk_IBUF_inst/OUT
                         IBUFCTRL (Prop_IBUFCTRL_I_O)
                                                      0.000     4.331 r  clk_IBUF_inst/IBUFCTRL_INST/O
                         net (fo=1, unplaced)         0.133     4.464    clk_IBUF
                         BUFGCE (Prop_BUFGCE_I_O)     0.024     4.488 r  clk_IBUF_BUFG_inst/O
                         net (fo=207448, unplaced)    2.439     6.927    u_core/u_activation/u_fp16_slot/clk_IBUF_BUFG
                         FDCE                                         r  u_core/u_activation/u_fp16_slot/y_reg[29]/C
                         clock pessimism              0.283     7.210    
                         clock uncertainty           -0.135     7.075    
                         FDCE (Setup_FDCE_C_D)        0.025     7.100    u_core/u_activation/u_fp16_slot/y_reg[29]
  -------------------------------------------------------------------
                         required time                          7.100    
                         arrival time                          -7.851    
  -------------------------------------------------------------------
                         slack                                 -0.751    





Min Delay Paths
--------------------------------------------------------------------------------------
Slack (VIOLATED) :        -0.195ns  (arrival time - required time)
  Source:                 u_core/u_activation/u_vendor_fp16/u_add/inst/i_synth/ADDSUB_OP.ADDSUB/DSP.OP/DSP48E1_BODY_HP.ALIGN_ADD/DSP2/i_no_versal_es1_workaround.DSP/DSP_PREADD_DATA_INST/CLK
                            (rising edge-triggered cell DSP_PREADD_DATA clocked by clk  {rise@0.000ns fall@2.000ns period=4.000ns})
  Destination:            u_core/u_activation/u_vendor_fp16/u_add/inst/i_synth/ADDSUB_OP.ADDSUB/DSP.OP/DSP48E1_BODY_HP.ALIGN_ADD/DSP2/i_no_versal_es1_workaround.DSP/DSP_PREADD_DATA_INST/AD[0]
                            (rising edge-triggered cell DSP_PREADD_DATA clocked by clk  {rise@0.000ns fall@2.000ns period=4.000ns})
  Path Group:             clk
  Path Type:              Hold (Min at Fast Process Corner)
  Requirement:            0.000ns  (clk rise@0.000ns - clk rise@0.000ns)
  Data Path Delay:        0.103ns  (logic 0.103ns (100.000%)  route 0.000ns (0.000%))
  Logic Levels:           1  (DSP_PREADD=1)
  Clock Path Skew:        0.145ns (DCD - SCD - CPR)
    Destination Clock Delay (DCD):    1.763ns
    Source Clock Delay      (SCD):    1.413ns
    Clock Pessimism Removal (CPR):    0.205ns
  Clock Uncertainty:      0.100ns  ((TSJ^2 + TIJ^2)^1/2 + DJ) / 2 + PE + UU
    Total System Jitter     (TSJ):    0.000ns
    Total Input Jitter      (TIJ):    0.000ns
    Discrete Jitter          (DJ):    0.000ns
    Phase Error              (PE):    0.000ns
    User Uncertainty         (UU):    0.100ns

    Location             Delay type                Incr(ns)  Path(ns)    Netlist Resource(s)
  -------------------------------------------------------------------    -------------------
                         (clock clk rise edge)        0.000     0.000 r  
                                                      0.000     0.000 r  clk (IN)
                         net (fo=0)                   0.000     0.000    clk_IBUF_inst/I
                         INBUF (Prop_INBUF_PAD_O)     0.216     0.216 r  clk_IBUF_inst/INBUF_INST/O
                         net (fo=1, unplaced)         0.000     0.216    clk_IBUF_inst/OUT
                         IBUFCTRL (Prop_IBUFCTRL_I_O)
                                                      0.000     0.216 r  clk_IBUF_inst/IBUFCTRL_INST/O
                         net (fo=1, unplaced)         0.066     0.282    clk_IBUF
                         BUFGCE (Prop_BUFGCE_I_O)     0.017     0.299 r  clk_IBUF_BUFG_inst/O
                         net (fo=207448, unplaced)    1.114     1.413    u_core/u_activation/u_vendor_fp16/u_add/inst/i_synth/ADDSUB_OP.ADDSUB/DSP.OP/DSP48E1_BODY_HP.ALIGN_ADD/DSP2/i_no_versal_es1_workaround.DSP/CLK
                         DSP_PREADD_DATA                              r  u_core/u_activation/u_vendor_fp16/u_add/inst/i_synth/ADDSUB_OP.ADDSUB/DSP.OP/DSP48E1_BODY_HP.ALIGN_ADD/DSP2/i_no_versal_es1_workaround.DSP/DSP_PREADD_DATA_INST/CLK
  -------------------------------------------------------------------    -------------------
                         DSP_PREADD_DATA (Prop_DSP_PREADD_DATA_CLK_D_DATA[0])
                                                      0.073     1.486 r  u_core/u_activation/u_vendor_fp16/u_add/inst/i_synth/ADDSUB_OP.ADDSUB/DSP.OP/DSP48E1_BODY_HP.ALIGN_ADD/DSP2/i_no_versal_es1_workaround.DSP/DSP_PREADD_DATA_INST/D_DATA[0]
                         net (fo=1, unplaced)         0.000     1.486    u_core/u_activation/u_vendor_fp16/u_add/inst/i_synth/ADDSUB_OP.ADDSUB/DSP.OP/DSP48E1_BODY_HP.ALIGN_ADD/DSP2/i_no_versal_es1_workaround.DSP/DSP_PREADD_DATA.D_DATA<0>
                         DSP_PREADD (Prop_DSP_PREADD_D_DATA[0]_AD[0])
                                                      0.030     1.516 r  u_core/u_activation/u_vendor_fp16/u_add/inst/i_synth/ADDSUB_OP.ADDSUB/DSP.OP/DSP48E1_BODY_HP.ALIGN_ADD/DSP2/i_no_versal_es1_workaround.DSP/DSP_PREADD_INST/AD[0]
                         net (fo=1, unplaced)         0.000     1.516    u_core/u_activation/u_vendor_fp16/u_add/inst/i_synth/ADDSUB_OP.ADDSUB/DSP.OP/DSP48E1_BODY_HP.ALIGN_ADD/DSP2/i_no_versal_es1_workaround.DSP/DSP_PREADD.AD<0>
                         DSP_PREADD_DATA                              r  u_core/u_activation/u_vendor_fp16/u_add/inst/i_synth/ADDSUB_OP.ADDSUB/DSP.OP/DSP48E1_BODY_HP.ALIGN_ADD/DSP2/i_no_versal_es1_workaround.DSP/DSP_PREADD_DATA_INST/AD[0]
  -------------------------------------------------------------------    -------------------

                         (clock clk rise edge)        0.000     0.000 r  
                                                      0.000     0.000 r  clk (IN)
                         net (fo=0)                   0.000     0.000    clk_IBUF_inst/I
                         INBUF (Prop_INBUF_PAD_O)     0.402     0.402 r  clk_IBUF_inst/INBUF_INST/O
                         net (fo=1, unplaced)         0.000     0.402    clk_IBUF_inst/OUT
                         IBUFCTRL (Prop_IBUFCTRL_I_O)
                                                      0.000     0.402 r  clk_IBUF_inst/IBUFCTRL_INST/O
                         net (fo=1, unplaced)         0.083     0.485    clk_IBUF
                         BUFGCE (Prop_BUFGCE_I_O)     0.019     0.504 r  clk_IBUF_BUFG_inst/O
                         net (fo=207448, unplaced)    1.259     1.763    u_core/u_activation/u_vendor_fp16/u_add/inst/i_synth/ADDSUB_OP.ADDSUB/DSP.OP/DSP48E1_BODY_HP.ALIGN_ADD/DSP2/i_no_versal_es1_workaround.DSP/CLK
                         DSP_PREADD_DATA                              r  u_core/u_activation/u_vendor_fp16/u_add/inst/i_synth/ADDSUB_OP.ADDSUB/DSP.OP/DSP48E1_BODY_HP.ALIGN_ADD/DSP2/i_no_versal_es1_workaround.DSP/DSP_PREADD_DATA_INST/CLK
                         clock pessimism             -0.205     1.558    
                         clock uncertainty            0.100     1.658    
                         DSP_PREADD_DATA (Hold_DSP_PREADD_DATA_CLK_AD[0])
                                                      0.053     1.711    u_core/u_activation/u_vendor_fp16/u_add/inst/i_synth/ADDSUB_OP.ADDSUB/DSP.OP/DSP48E1_BODY_HP.ALIGN_ADD/DSP2/i_no_versal_es1_workaround.DSP/DSP_PREADD_DATA_INST
  -------------------------------------------------------------------
                         required time                         -1.711    
                         arrival time                           1.516    
  -------------------------------------------------------------------
                         slack                                 -0.195    





Pulse Width Checks
--------------------------------------------------------------------------------------
Clock Name:         clk
Waveform(ns):       { 0.000 2.000 }
Period(ns):         4.000
Sources:            { clk }

Check Type        Corner  Lib Pin             Reference Pin  Required(ns)  Actual(ns)  Slack(ns)  Location  Pin
Min Period        n/a     RAMB36E2/CLKARDCLK  n/a            1.569         4.000       2.431                u_core/u_memory/u_buffers/ctx_mem_reg_bram_0/CLKARDCLK
Low Pulse Width   Slow    RAMB36E2/CLKARDCLK  n/a            0.542         2.000       1.458                u_core/u_memory/u_buffers/ctx_mem_reg_bram_0/CLKARDCLK
High Pulse Width  Slow    RAMB36E2/CLKARDCLK  n/a            0.542         2.000       1.458                u_core/u_memory/u_buffers/ctx_mem_reg_bram_0/CLKARDCLK



