Copyright 1986-2021 Xilinx, Inc. All Rights Reserved.
------------------------------------------------------------------------------------------------------------------------------------------------------------------------------------
| Tool Version : Vivado v.2021.2 (win64) Build 3367213 Tue Oct 19 02:48:09 MDT 2021
| Date         : Tue Sep 15 18:33:08 2026
| Host         : nc23 running 64-bit major release  (build 9200)
| Command      : report_utilization -file {E:/GPU ARCH/vector_core_sim/turbovla_w8a8_pack2/hw/v3_2026-09-15_174639_vivado_impl/reports/250MHz_real4/reports/placed_utilization.rpt}
| Design       : tvla_w8a8_pack2_impl_top
| Device       : xczu7ev-ffvc1156-2-e
| Speed File   : -2
| Design State : Physopt postPlace
------------------------------------------------------------------------------------------------------------------------------------------------------------------------------------

Utilization Design Information

Table of Contents
-----------------
1. CLB Logic
1.1 Summary of Registers by Type
2. CLB Logic Distribution
3. BLOCKRAM
4. ARITHMETIC
5. I/O
6. CLOCK
7. ADVANCED
8. CONFIGURATION
9. Primitives
10. Black Boxes
11. Instantiated Netlists

1. CLB Logic
------------

+----------------------------+--------+-------+------------+-----------+-------+
|          Site Type         |  Used  | Fixed | Prohibited | Available | Util% |
+----------------------------+--------+-------+------------+-----------+-------+
| CLB LUTs                   |  77770 |     0 |          0 |    230400 | 33.75 |
|   LUT as Logic             |  76529 |     0 |          0 |    230400 | 33.22 |
|   LUT as Memory            |   1241 |     0 |          0 |    101760 |  1.22 |
|     LUT as Distributed RAM |      0 |     0 |            |           |       |
|     LUT as Shift Register  |   1241 |     0 |            |           |       |
| CLB Registers              | 179363 |     0 |          0 |    460800 | 38.92 |
|   Register as Flip Flop    | 179363 |     0 |          0 |    460800 | 38.92 |
|   Register as Latch        |      0 |     0 |          0 |    460800 |  0.00 |
| CARRY8                     |   7689 |     0 |          0 |     28800 | 26.70 |
| F7 Muxes                   |   5213 |     0 |          0 |    115200 |  4.53 |
| F8 Muxes                   |   2592 |     0 |          0 |     57600 |  4.50 |
| F9 Muxes                   |      0 |     0 |          0 |     28800 |  0.00 |
+----------------------------+--------+-------+------------+-----------+-------+


1.1 Summary of Registers by Type
--------------------------------

+--------+--------------+-------------+--------------+
|  Total | Clock Enable | Synchronous | Asynchronous |
+--------+--------------+-------------+--------------+
| 0      |            _ |           - |            - |
| 0      |            _ |           - |          Set |
| 0      |            _ |           - |        Reset |
| 0      |            _ |         Set |            - |
| 0      |            _ |       Reset |            - |
| 0      |          Yes |           - |            - |
| 0      |          Yes |           - |          Set |
| 159851 |          Yes |           - |        Reset |
| 0      |          Yes |         Set |            - |
| 19512  |          Yes |       Reset |            - |
+--------+--------------+-------------+--------------+


2. CLB Logic Distribution
-------------------------

+--------------------------------------------+--------+-------+------------+-----------+-------+
|                  Site Type                 |  Used  | Fixed | Prohibited | Available | Util% |
+--------------------------------------------+--------+-------+------------+-----------+-------+
| CLB                                        |  23678 |     0 |          0 |     28800 | 82.22 |
|   CLBL                                     |  12834 |     0 |            |           |       |
|   CLBM                                     |  10844 |     0 |            |           |       |
| LUT as Logic                               |  76529 |     0 |          0 |    230400 | 33.22 |
|   using O5 output only                     |      1 |       |            |           |       |
|   using O6 output only                     |  53642 |       |            |           |       |
|   using O5 and O6                          |  22886 |       |            |           |       |
| LUT as Memory                              |   1241 |     0 |          0 |    101760 |  1.22 |
|   LUT as Distributed RAM                   |      0 |     0 |            |           |       |
|   LUT as Shift Register                    |   1241 |     0 |            |           |       |
|     using O5 output only                   |      0 |       |            |           |       |
|     using O6 output only                   |    866 |       |            |           |       |
|     using O5 and O6                        |    375 |       |            |           |       |
| CLB Registers                              | 179363 |     0 |          0 |    460800 | 38.92 |
|   Register driven from within the CLB      |  59946 |       |            |           |       |
|   Register driven from outside the CLB     | 119417 |       |            |           |       |
|     LUT in front of the register is unused | 109859 |       |            |           |       |
|     LUT in front of the register is used   |   9558 |       |            |           |       |
| Unique Control Sets                        |   1561 |       |          0 |     57600 |  2.71 |
+--------------------------------------------+--------+-------+------------+-----------+-------+
* * Note: Available Control Sets calculated as Slices * 2, Review the Control Sets Report for more information regarding control sets.


3. BLOCKRAM
-----------

+----------------+------+-------+------------+-----------+-------+
|    Site Type   | Used | Fixed | Prohibited | Available | Util% |
+----------------+------+-------+------------+-----------+-------+
| Block RAM Tile |    0 |     0 |          0 |       312 |  0.00 |
|   RAMB36/FIFO* |    0 |     0 |          0 |       312 |  0.00 |
|   RAMB18       |    0 |     0 |          0 |       624 |  0.00 |
| URAM           |    0 |     0 |          0 |        96 |  0.00 |
+----------------+------+-------+------------+-----------+-------+
* Note: Each Block RAM Tile only has one FIFO logic available and therefore can accommodate only one FIFO36E2 or one FIFO18E2. However, if a FIFO18E2 occupies a Block RAM Tile, that tile can still accommodate a RAMB18E2


4. ARITHMETIC
-------------

+----------------+------+-------+------------+-----------+-------+
|    Site Type   | Used | Fixed | Prohibited | Available | Util% |
+----------------+------+-------+------------+-----------+-------+
| DSPs           |  768 |     0 |          0 |      1728 | 44.44 |
|   DSP48E2 only |  768 |       |            |           |       |
+----------------+------+-------+------------+-----------+-------+


5. I/O
------

+------------------+------+-------+------------+-----------+-------+
|     Site Type    | Used | Fixed | Prohibited | Available | Util% |
+------------------+------+-------+------------+-----------+-------+
| Bonded IOB       |  283 |     0 |          0 |       360 | 78.61 |
| HPIOB_M          |  126 |     0 |          0 |       144 | 87.50 |
|   INPUT          |   76 |       |            |           |       |
|   OUTPUT         |   50 |       |            |           |       |
|   BIDIR          |    0 |       |            |           |       |
| HPIOB_S          |  126 |     0 |          0 |       144 | 87.50 |
|   INPUT          |   76 |       |            |           |       |
|   OUTPUT         |   50 |       |            |           |       |
|   BIDIR          |    0 |       |            |           |       |
| HDIOB_M          |   10 |     0 |          0 |        24 | 41.67 |
|   INPUT          |    2 |       |            |           |       |
|   OUTPUT         |    8 |       |            |           |       |
|   BIDIR          |    0 |       |            |           |       |
| HDIOB_S          |   10 |     0 |          0 |        24 | 41.67 |
|   INPUT          |    2 |       |            |           |       |
|   OUTPUT         |    8 |       |            |           |       |
|   BIDIR          |    0 |       |            |           |       |
| HPIOB_SNGL       |   11 |     0 |          0 |        24 | 45.83 |
|   INPUT          |    8 |       |            |           |       |
|   OUTPUT         |    3 |       |            |           |       |
|   BIDIR          |    0 |       |            |           |       |
| HPIOBDIFFINBUF   |    0 |     0 |          0 |       192 |  0.00 |
| HPIOBDIFFOUTBUF  |    0 |     0 |          0 |       192 |  0.00 |
| HDIOBDIFFINBUF   |    0 |     0 |          0 |        48 |  0.00 |
| BITSLICE_CONTROL |    0 |     0 |          0 |        64 |  0.00 |
| BITSLICE_RX_TX   |    0 |     0 |          0 |      2496 |  0.00 |
| BITSLICE_TX      |    0 |     0 |          0 |        64 |  0.00 |
| RIU_OR           |    0 |     0 |          0 |        32 |  0.00 |
+------------------+------+-------+------------+-----------+-------+


6. CLOCK
--------

+----------------------+------+-------+------------+-----------+-------+
|       Site Type      | Used | Fixed | Prohibited | Available | Util% |
+----------------------+------+-------+------------+-----------+-------+
| GLOBAL CLOCK BUFFERs |    2 |     0 |          0 |       544 |  0.37 |
|   BUFGCE             |    2 |     0 |          0 |       208 |  0.96 |
|   BUFGCE_DIV         |    0 |     0 |          0 |        32 |  0.00 |
|   BUFG_GT            |    0 |     0 |          0 |       144 |  0.00 |
|   BUFG_PS            |    0 |     0 |          0 |        96 |  0.00 |
|   BUFGCTRL*          |    0 |     0 |          0 |        64 |  0.00 |
| PLL                  |    0 |     0 |          0 |        16 |  0.00 |
| MMCM                 |    0 |     0 |          0 |         8 |  0.00 |
+----------------------+------+-------+------------+-----------+-------+
* Note: Each used BUFGCTRL counts as two GLOBAL CLOCK BUFFERs. This table does not include global clocking resources, only buffer cell usage. See the Clock Utilization Report (report_clock_utilization) for detailed accounting of global clocking resource availability.


7. ADVANCED
-----------

+-----------------+------+-------+------------+-----------+-------+
|    Site Type    | Used | Fixed | Prohibited | Available | Util% |
+-----------------+------+-------+------------+-----------+-------+
| GTHE4_CHANNEL   |    0 |     0 |          0 |        20 |  0.00 |
| GTHE4_COMMON    |    0 |     0 |          0 |         5 |  0.00 |
| OBUFDS_GTE4     |    0 |     0 |          0 |        10 |  0.00 |
| OBUFDS_GTE4_ADV |    0 |     0 |          0 |        10 |  0.00 |
| PCIE40E4        |    0 |     0 |          0 |         2 |  0.00 |
| PS8             |    0 |     0 |          0 |         1 |  0.00 |
| SYSMONE4        |    0 |     0 |          0 |         1 |  0.00 |
| VCU             |    0 |     0 |          0 |         1 |  0.00 |
+-----------------+------+-------+------------+-----------+-------+


8. CONFIGURATION
----------------

+-------------+------+-------+------------+-----------+-------+
|  Site Type  | Used | Fixed | Prohibited | Available | Util% |
+-------------+------+-------+------------+-----------+-------+
| BSCANE2     |    0 |     0 |          0 |         4 |  0.00 |
| DNA_PORTE2  |    0 |     0 |          0 |         1 |  0.00 |
| EFUSE_USR   |    0 |     0 |          0 |         1 |  0.00 |
| FRAME_ECCE4 |    0 |     0 |          0 |         1 |  0.00 |
| ICAPE3      |    0 |     0 |          0 |         2 |  0.00 |
| MASTER_JTAG |    0 |     0 |          0 |         1 |  0.00 |
| STARTUPE3   |    0 |     0 |          0 |         1 |  0.00 |
+-------------+------+-------+------------+-----------+-------+


9. Primitives
-------------

+----------+--------+---------------------+
| Ref Name |  Used  | Functional Category |
+----------+--------+---------------------+
| FDCE     | 159851 |            Register |
| LUT2     |  43017 |                 CLB |
| LUT3     |  42259 |                 CLB |
| FDRE     |  19512 |            Register |
| LUT6     |  11001 |                 CLB |
| CARRY8   |   7689 |                 CLB |
| MUXF7    |   5213 |                 CLB |
| LUT1     |   3078 |                 CLB |
| MUXF8    |   2592 |                 CLB |
| SRL16E   |   1600 |                 CLB |
| DSP48E2  |    768 |          Arithmetic |
| INBUF    |    164 |                 I/O |
| IBUFCTRL |    164 |              Others |
| OBUF     |    119 |                 I/O |
| LUT4     |     44 |                 CLB |
| SRLC32E  |     16 |                 CLB |
| LUT5     |     16 |                 CLB |
| BUFGCE   |      2 |               Clock |
+----------+--------+---------------------+


10. Black Boxes
---------------

+----------+------+
| Ref Name | Used |
+----------+------+


11. Instantiated Netlists
-------------------------

+----------+------+
| Ref Name | Used |
+----------+------+


